==============================================
BraTS 2D Federated Learning
Job ID:       22486370
Node(s):      gpu-q-5
Workdir:      /home/bk489/federated/federated-thesis
Script:       /home/bk489/federated/federated-thesis/experiments/brats/brats_n_clients.py
Partition dir:/home/bk489/federated/federated-thesis/data/partitions/brats2d_8client_heterogeneous/client_data
Global test:  /home/bk489/federated/federated-thesis/data/partitions/brats2d_8client_heterogeneous/global_test
Results dir:  /home/bk489/federated/federated-thesis/results/brats
Strategy:     fedprox (mu=0.2)
Model:        UNet2D base=16
Fraction:     1.0 | DropPercent: 0.0
Rounds:       50 | LocalEpochs: 30
Batch:        4 | LR: 0.01 | Seed: 42
WeightDecay:  0.0 | NumWorkers: 2
Python:       /home/bk489/.conda/envs/fed/bin/python
Python 3.9.16 | packaged by conda-forge | (main, Feb  1 2023, 21:39:03) 
[GCC 11.3.0]
PyTorch 2.8.0+cu128 CUDA: 12.8 CUDA available: True Device count: 1
Tue Feb 10 22:51:07 2026       
+-----------------------------------------------------------------------------------------+
| NVIDIA-SMI 570.195.03             Driver Version: 570.195.03     CUDA Version: 12.8     |
|-----------------------------------------+------------------------+----------------------+
| GPU  Name                 Persistence-M | Bus-Id          Disp.A | Volatile Uncorr. ECC |
| Fan  Temp   Perf          Pwr:Usage/Cap |           Memory-Usage | GPU-Util  Compute M. |
|                                         |                        |               MIG M. |
|=========================================+========================+======================|
|   0  NVIDIA A100-SXM4-80GB          On  |   00000000:41:00.0 Off |                    0 |
| N/A   33C    P0             67W /  500W |       0MiB /  81920MiB |      0%      Default |
|                                         |                        |             Disabled |
+-----------------------------------------+------------------------+----------------------+
                                                                                         
+-----------------------------------------------------------------------------------------+
| Processes:                                                                              |
|  GPU   GI   CI              PID   Type   Process name                        GPU Memory |
|        ID   ID                                                               Usage      |
|=========================================================================================|
|  No running processes found                                                             |
+-----------------------------------------------------------------------------------------+
==============================================

>>> Running FEDPROX (mu=0.2) ...

Using global_test_dir: /home/bk489/federated/federated-thesis/data/partitions/brats2d_8client_heterogeneous/global_test (180 files)

============================================================
Federated Learning -- FEDPROX
============================================================
Model:          UNet2D (base=16, 482,915 params)
Input channels: 4
Clients:        8
Rounds:         50
Local epochs:   30
Batch size:     4
Learning rate:  0.01
Weight decay:   0.0
Fraction fit:   1.0
Drop percent:   0.0
Proximal mu:    0.2
Device:         cuda
Partition dir:  /home/bk489/federated/federated-thesis/data/partitions/brats2d_8client_heterogeneous/client_data
============================================================

Client data distribution:
  client_0: train=135  test=15
  client_1: train=295  test=40
  client_2: train=140  test=20
  client_3: train=265  test=30
  client_4: train=180  test=25
  client_5: train=180  test=25
  client_6: train=55  test=10
  client_7: train=65  test=10

    Client 5: loss=1.2677, epochs=30
    Client 1: loss=1.2982, epochs=30
    Client 2: loss=1.2597, epochs=30
    Client 0: loss=1.2283, epochs=30
    Client 4: loss=1.2602, epochs=30
    Client 7: loss=1.3627, epochs=30
    Client 3: loss=1.2011, epochs=30
    Client 6: loss=1.2620, epochs=30
  Round   1/50: Pooled Loss=1.0618, Pooled Mean=0.5497 (WT=0.7680 TC=0.3134 ET=0.5677) | C0 Mean=0.5557 | C1 Mean=0.2856 | C2 Mean=0.2803 | C3 Mean=0.4369 | C4 Mean=0.3940 | C5 Mean=0.2708 | C6 Mean=0.5995 | C7 Mean=0.1009 WorstC Mean=0.1009 [178.1s]
    Client 1: loss=0.9661, epochs=30
    Client 2: loss=0.8183, epochs=30
    Client 5: loss=0.9661, epochs=30
    Client 6: loss=0.7803, epochs=30
    Client 4: loss=0.8767, epochs=30
    Client 0: loss=0.7786, epochs=30
    Client 3: loss=0.7383, epochs=30
    Client 7: loss=1.0618, epochs=30
  Round   2/50: Pooled Loss=0.6819, Pooled Mean=0.6989 (WT=0.8325 TC=0.6520 ET=0.6120) | C0 Mean=0.7158 | C1 Mean=0.3814 | C2 Mean=0.3952 | C3 Mean=0.6740 | C4 Mean=0.4690 | C5 Mean=0.3045 | C6 Mean=0.7260 | C7 Mean=0.1209 WorstC Mean=0.1209 [163.9s]
    Client 0: loss=0.4583, epochs=30
    Client 4: loss=0.5676, epochs=30
    Client 1: loss=0.6956, epochs=30
    Client 5: loss=0.7420, epochs=30
    Client 2: loss=0.4905, epochs=30
    Client 7: loss=0.9055, epochs=30
    Client 3: loss=0.4432, epochs=30
    Client 6: loss=0.4587, epochs=30
  Round   3/50: Pooled Loss=0.5046, Pooled Mean=0.7188 (WT=0.8114 TC=0.6518 ET=0.6933) | C0 Mean=0.6815 | C1 Mean=0.5438 | C2 Mean=0.5581 | C3 Mean=0.6985 | C4 Mean=0.5600 | C5 Mean=0.3312 | C6 Mean=0.7258 | C7 Mean=0.1171 WorstC Mean=0.1171 [165.5s]
    Client 3: loss=0.3010, epochs=30
    Client 1: loss=0.5295, epochs=30
    Client 2: loss=0.3320, epochs=30
    Client 6: loss=0.3092, epochs=30
    Client 7: loss=0.8242, epochs=30
    Client 5: loss=0.6340, epochs=30
    Client 0: loss=0.2900, epochs=30
    Client 4: loss=0.4017, epochs=30
  Round   4/50: Pooled Loss=0.4424, Pooled Mean=0.7196 (WT=0.8122 TC=0.6432 ET=0.7033) | C0 Mean=0.6654 | C1 Mean=0.6143 | C2 Mean=0.5708 | C3 Mean=0.7100 | C4 Mean=0.6438 | C5 Mean=0.4106 | C6 Mean=0.6878 | C7 Mean=0.1887 WorstC Mean=0.1887 [164.3s]
    Client 3: loss=0.2268, epochs=30
    Client 6: loss=0.2201, epochs=30
    Client 2: loss=0.2490, epochs=30
    Client 4: loss=0.3124, epochs=30
    Client 1: loss=0.4268, epochs=30
    Client 5: loss=0.5456, epochs=30
    Client 7: loss=0.7658, epochs=30
    Client 0: loss=0.2088, epochs=30
  Round   5/50: Pooled Loss=0.3903, Pooled Mean=0.7506 (WT=0.8273 TC=0.6762 ET=0.7484) | C0 Mean=0.7108 | C1 Mean=0.6700 | C2 Mean=0.5740 | C3 Mean=0.7092 | C4 Mean=0.7024 | C5 Mean=0.4296 | C6 Mean=0.6981 | C7 Mean=0.2424 WorstC Mean=0.2424 [164.0s]
    Client 0: loss=0.1665, epochs=30
    Client 2: loss=0.1976, epochs=30
    Client 1: loss=0.3571, epochs=30
    Client 7: loss=0.7062, epochs=30
    Client 4: loss=0.2596, epochs=30
    Client 3: loss=0.1905, epochs=30
    Client 6: loss=0.1722, epochs=30
    Client 5: loss=0.4751, epochs=30
  Round   6/50: Pooled Loss=0.3585, Pooled Mean=0.7744 (WT=0.8317 TC=0.7182 ET=0.7733) | C0 Mean=0.7575 | C1 Mean=0.7179 | C2 Mean=0.6392 | C3 Mean=0.7450 | C4 Mean=0.7613 | C5 Mean=0.4348 | C6 Mean=0.7482 | C7 Mean=0.3815 WorstC Mean=0.3815 [163.9s]
    Client 5: loss=0.4266, epochs=30
    Client 7: loss=0.7282, epochs=30
    Client 1: loss=0.3126, epochs=30
    Client 0: loss=0.1452, epochs=30
    Client 2: loss=0.1697, epochs=30
    Client 3: loss=0.1617, epochs=30
    Client 6: loss=0.1479, epochs=30
    Client 4: loss=0.2250, epochs=30
  Round   7/50: Pooled Loss=0.3252, Pooled Mean=0.7993 (WT=0.8577 TC=0.7402 ET=0.7999) | C0 Mean=0.7912 | C1 Mean=0.7263 | C2 Mean=0.6779 | C3 Mean=0.7635 | C4 Mean=0.7802 | C5 Mean=0.4428 | C6 Mean=0.7903 | C7 Mean=0.3621 WorstC Mean=0.3621 [164.3s]
    Client 4: loss=0.2021, epochs=30
    Client 0: loss=0.1264, epochs=30
    Client 3: loss=0.1444, epochs=30
    Client 2: loss=0.1504, epochs=30
    Client 6: loss=0.1306, epochs=30
    Client 1: loss=0.2737, epochs=30
    Client 5: loss=0.3871, epochs=30
    Client 7: loss=0.6005, epochs=30
  Round   8/50: Pooled Loss=0.3243, Pooled Mean=0.8004 (WT=0.8537 TC=0.7443 ET=0.8032) | C0 Mean=0.7723 | C1 Mean=0.7510 | C2 Mean=0.6865 | C3 Mean=0.7570 | C4 Mean=0.8023 | C5 Mean=0.4739 | C6 Mean=0.7688 | C7 Mean=0.4268 WorstC Mean=0.4268 [164.5s]
    Client 3: loss=0.1347, epochs=30
    Client 2: loss=0.1354, epochs=30
    Client 7: loss=0.5591, epochs=30
    Client 0: loss=0.1171, epochs=30
    Client 6: loss=0.1248, epochs=30
    Client 4: loss=0.1864, epochs=30
    Client 5: loss=0.3603, epochs=30
    Client 1: loss=0.2452, epochs=30
  Round   9/50: Pooled Loss=0.3210, Pooled Mean=0.8029 (WT=0.8589 TC=0.7518 ET=0.7980) | C0 Mean=0.7849 | C1 Mean=0.7548 | C2 Mean=0.7008 | C3 Mean=0.7626 | C4 Mean=0.8114 | C5 Mean=0.4911 | C6 Mean=0.7859 | C7 Mean=0.4438 WorstC Mean=0.4438 [163.7s]
    Client 4: loss=0.1684, epochs=30
    Client 7: loss=0.5413, epochs=30
    Client 6: loss=0.1129, epochs=30
    Client 5: loss=0.3369, epochs=30
    Client 1: loss=0.2248, epochs=30
    Client 3: loss=0.1376, epochs=30
    Client 2: loss=0.1252, epochs=30
    Client 0: loss=0.1096, epochs=30
  Round  10/50: Pooled Loss=0.3078, Pooled Mean=0.8120 (WT=0.8729 TC=0.7639 ET=0.7991) | C0 Mean=0.8092 | C1 Mean=0.7568 | C2 Mean=0.6742 | C3 Mean=0.7594 | C4 Mean=0.8202 | C5 Mean=0.4740 | C6 Mean=0.8151 | C7 Mean=0.4659 WorstC Mean=0.4659 [163.6s]
    Client 4: loss=0.1551, epochs=30
    Client 1: loss=0.2069, epochs=30
    Client 3: loss=0.1166, epochs=30
    Client 6: loss=0.1071, epochs=30
    Client 5: loss=0.3146, epochs=30
    Client 0: loss=0.1008, epochs=30
    Client 2: loss=0.1189, epochs=30
    Client 7: loss=0.6364, epochs=30
  Round  11/50: Pooled Loss=0.3156, Pooled Mean=0.8035 (WT=0.8644 TC=0.7580 ET=0.7880) | C0 Mean=0.7757 | C1 Mean=0.7672 | C2 Mean=0.7053 | C3 Mean=0.7603 | C4 Mean=0.8280 | C5 Mean=0.4866 | C6 Mean=0.7702 | C7 Mean=0.4908 WorstC Mean=0.4866 [163.5s]
    Client 2: loss=0.1095, epochs=30
    Client 7: loss=0.5851, epochs=30
    Client 6: loss=0.1021, epochs=30
    Client 1: loss=0.1841, epochs=30
    Client 3: loss=0.1111, epochs=30
    Client 0: loss=0.0960, epochs=30
    Client 5: loss=0.2905, epochs=30
    Client 4: loss=0.1392, epochs=30
  Round  12/50: Pooled Loss=0.3152, Pooled Mean=0.8039 (WT=0.8672 TC=0.7606 ET=0.7838) | C0 Mean=0.7868 | C1 Mean=0.7712 | C2 Mean=0.6928 | C3 Mean=0.7664 | C4 Mean=0.8277 | C5 Mean=0.4899 | C6 Mean=0.7908 | C7 Mean=0.4991 WorstC Mean=0.4899 [165.3s]
    Client 0: loss=0.0907, epochs=30
    Client 5: loss=0.2757, epochs=30
    Client 6: loss=0.0987, epochs=30
    Client 3: loss=0.1061, epochs=30
    Client 7: loss=0.4829, epochs=30
    Client 2: loss=0.1022, epochs=30
    Client 4: loss=0.1290, epochs=30
    Client 1: loss=0.1773, epochs=30
  Round  13/50: Pooled Loss=0.3150, Pooled Mean=0.8074 (WT=0.8689 TC=0.7526 ET=0.8008) | C0 Mean=0.8192 | C1 Mean=0.7548 | C2 Mean=0.6290 | C3 Mean=0.7537 | C4 Mean=0.8031 | C5 Mean=0.5217 | C6 Mean=0.7241 | C7 Mean=0.4806 WorstC Mean=0.4806 [164.0s]
    Client 7: loss=0.4070, epochs=30
    Client 2: loss=0.0965, epochs=30
    Client 4: loss=0.1206, epochs=30
    Client 6: loss=0.0943, epochs=30
    Client 1: loss=0.1655, epochs=30
    Client 3: loss=0.1081, epochs=30
    Client 0: loss=0.0875, epochs=30
    Client 5: loss=0.2553, epochs=30
  Round  14/50: Pooled Loss=0.3160, Pooled Mean=0.7974 (WT=0.8742 TC=0.7637 ET=0.7543) | C0 Mean=0.7776 | C1 Mean=0.7546 | C2 Mean=0.6950 | C3 Mean=0.7510 | C4 Mean=0.8145 | C5 Mean=0.4800 | C6 Mean=0.7486 | C7 Mean=0.5014 WorstC Mean=0.4800 [166.5s]
    Client 5: loss=0.2496, epochs=30
    Client 4: loss=0.1153, epochs=30
    Client 6: loss=0.0917, epochs=30
    Client 0: loss=0.0868, epochs=30
    Client 3: loss=0.1004, epochs=30
    Client 7: loss=0.4885, epochs=30
    Client 1: loss=0.1547, epochs=30
    Client 2: loss=0.0930, epochs=30
  Round  15/50: Pooled Loss=0.3108, Pooled Mean=0.8073 (WT=0.8672 TC=0.7685 ET=0.7863) | C0 Mean=0.7974 | C1 Mean=0.7821 | C2 Mean=0.6890 | C3 Mean=0.7704 | C4 Mean=0.8276 | C5 Mean=0.4898 | C6 Mean=0.7747 | C7 Mean=0.5118 WorstC Mean=0.4898 [164.8s]
    Client 7: loss=0.4697, epochs=30
    Client 2: loss=0.0930, epochs=30
    Client 3: loss=0.0969, epochs=30
    Client 0: loss=0.0802, epochs=30
    Client 6: loss=0.0889, epochs=30
    Client 5: loss=0.2365, epochs=30
    Client 4: loss=0.1071, epochs=30
    Client 1: loss=0.1531, epochs=30
  Round  16/50: Pooled Loss=0.3116, Pooled Mean=0.8069 (WT=0.8652 TC=0.7700 ET=0.7855) | C0 Mean=0.8057 | C1 Mean=0.7820 | C2 Mean=0.6994 | C3 Mean=0.7751 | C4 Mean=0.8310 | C5 Mean=0.4987 | C6 Mean=0.7849 | C7 Mean=0.5198 WorstC Mean=0.4987 [163.9s]
    Client 5: loss=0.2298, epochs=30
    Client 7: loss=0.4393, epochs=30
    Client 6: loss=0.0884, epochs=30
    Client 4: loss=0.1008, epochs=30
    Client 0: loss=0.0795, epochs=30
    Client 1: loss=0.1395, epochs=30
    Client 2: loss=0.0864, epochs=30
    Client 3: loss=0.0919, epochs=30
  Round  17/50: Pooled Loss=0.3154, Pooled Mean=0.8049 (WT=0.8609 TC=0.7694 ET=0.7844) | C0 Mean=0.7971 | C1 Mean=0.7878 | C2 Mean=0.6896 | C3 Mean=0.7752 | C4 Mean=0.8413 | C5 Mean=0.4866 | C6 Mean=0.7828 | C7 Mean=0.5203 WorstC Mean=0.4866 [164.2s]
    Client 3: loss=0.0900, epochs=30
    Client 1: loss=0.1354, epochs=30
    Client 0: loss=0.0780, epochs=30
    Client 2: loss=0.0823, epochs=30
    Client 4: loss=0.0981, epochs=30
    Client 5: loss=0.2110, epochs=30
    Client 6: loss=0.0861, epochs=30
    Client 7: loss=0.4240, epochs=30
  Round  18/50: Pooled Loss=0.3235, Pooled Mean=0.7945 (WT=0.8608 TC=0.7587 ET=0.7639) | C0 Mean=0.7810 | C1 Mean=0.7711 | C2 Mean=0.6997 | C3 Mean=0.7678 | C4 Mean=0.8339 | C5 Mean=0.4928 | C6 Mean=0.7657 | C7 Mean=0.5383 WorstC Mean=0.4928 [164.5s]
    Client 0: loss=0.0774, epochs=30
    Client 6: loss=0.0877, epochs=30
    Client 7: loss=0.4180, epochs=30
    Client 3: loss=0.0882, epochs=30
    Client 4: loss=0.0953, epochs=30
    Client 2: loss=0.0829, epochs=30
    Client 1: loss=0.1233, epochs=30
    Client 5: loss=0.2014, epochs=30
  Round  19/50: Pooled Loss=0.3214, Pooled Mean=0.7987 (WT=0.8672 TC=0.7644 ET=0.7646) | C0 Mean=0.7978 | C1 Mean=0.7803 | C2 Mean=0.6913 | C3 Mean=0.7605 | C4 Mean=0.8251 | C5 Mean=0.5191 | C6 Mean=0.7771 | C7 Mean=0.5407 WorstC Mean=0.5191 [164.4s]
    Client 5: loss=0.1942, epochs=30
    Client 1: loss=0.1202, epochs=30
    Client 6: loss=0.0818, epochs=30
    Client 3: loss=0.0863, epochs=30
    Client 7: loss=0.4226, epochs=30
    Client 4: loss=0.0907, epochs=30
    Client 0: loss=0.0739, epochs=30
    Client 2: loss=0.0797, epochs=30
  Round  20/50: Pooled Loss=0.3132, Pooled Mean=0.8050 (WT=0.8686 TC=0.7753 ET=0.7710) | C0 Mean=0.8147 | C1 Mean=0.7796 | C2 Mean=0.6727 | C3 Mean=0.7672 | C4 Mean=0.8371 | C5 Mean=0.5170 | C6 Mean=0.7864 | C7 Mean=0.5439 WorstC Mean=0.5170 [164.5s]
    Client 5: loss=0.1894, epochs=30
    Client 2: loss=0.0882, epochs=30
    Client 7: loss=0.3940, epochs=30
    Client 0: loss=0.0736, epochs=30
    Client 3: loss=0.0855, epochs=30
    Client 6: loss=0.0831, epochs=30
    Client 1: loss=0.1255, epochs=30
    Client 4: loss=0.0878, epochs=30
  Round  21/50: Pooled Loss=0.3164, Pooled Mean=0.8030 (WT=0.8616 TC=0.7695 ET=0.7779) | C0 Mean=0.8000 | C1 Mean=0.7854 | C2 Mean=0.7104 | C3 Mean=0.7738 | C4 Mean=0.8372 | C5 Mean=0.5040 | C6 Mean=0.7857 | C7 Mean=0.5395 WorstC Mean=0.5040 [164.1s]
    Client 6: loss=0.0802, epochs=30
    Client 7: loss=0.3504, epochs=30
    Client 1: loss=0.1197, epochs=30
    Client 0: loss=0.0717, epochs=30
    Client 4: loss=0.0852, epochs=30
    Client 5: loss=0.1788, epochs=30
    Client 3: loss=0.0833, epochs=30
    Client 2: loss=0.0770, epochs=30
  Round  22/50: Pooled Loss=0.3167, Pooled Mean=0.8042 (WT=0.8665 TC=0.7726 ET=0.7736) | C0 Mean=0.8054 | C1 Mean=0.7862 | C2 Mean=0.6980 | C3 Mean=0.7684 | C4 Mean=0.8333 | C5 Mean=0.5049 | C6 Mean=0.7906 | C7 Mean=0.5385 WorstC Mean=0.5049 [163.8s]
    Client 7: loss=0.3626, epochs=30
    Client 3: loss=0.0827, epochs=30
    Client 0: loss=0.0685, epochs=30
    Client 4: loss=0.0826, epochs=30
    Client 2: loss=0.0744, epochs=30
    Client 5: loss=0.1709, epochs=30
    Client 6: loss=0.0802, epochs=30
    Client 1: loss=0.1181, epochs=30
  Round  23/50: Pooled Loss=0.3343, Pooled Mean=0.7861 (WT=0.8588 TC=0.7574 ET=0.7421) | C0 Mean=0.7678 | C1 Mean=0.7546 | C2 Mean=0.7112 | C3 Mean=0.7700 | C4 Mean=0.8329 | C5 Mean=0.4845 | C6 Mean=0.7730 | C7 Mean=0.5328 WorstC Mean=0.4845 [164.9s]
    Client 6: loss=0.0810, epochs=30
    Client 0: loss=0.0680, epochs=30
    Client 1: loss=0.1081, epochs=30
    Client 3: loss=0.0804, epochs=30
    Client 7: loss=0.3605, epochs=30
    Client 2: loss=0.0751, epochs=30
    Client 5: loss=0.1668, epochs=30
    Client 4: loss=0.0804, epochs=30
  Round  24/50: Pooled Loss=0.3308, Pooled Mean=0.7899 (WT=0.8600 TC=0.7623 ET=0.7474) | C0 Mean=0.7828 | C1 Mean=0.7694 | C2 Mean=0.6913 | C3 Mean=0.7745 | C4 Mean=0.8304 | C5 Mean=0.5018 | C6 Mean=0.7673 | C7 Mean=0.5485 WorstC Mean=0.5018 [163.7s]
    Client 4: loss=0.0790, epochs=30
    Client 0: loss=0.0667, epochs=30
    Client 7: loss=0.3127, epochs=30
    Client 1: loss=0.1028, epochs=30
    Client 6: loss=0.0792, epochs=30
    Client 3: loss=0.0805, epochs=30
    Client 5: loss=0.1610, epochs=30
    Client 2: loss=0.0732, epochs=30
  Round  25/50: Pooled Loss=0.3167, Pooled Mean=0.8056 (WT=0.8658 TC=0.7726 ET=0.7783) | C0 Mean=0.8094 | C1 Mean=0.7908 | C2 Mean=0.6815 | C3 Mean=0.7751 | C4 Mean=0.8368 | C5 Mean=0.5154 | C6 Mean=0.7897 | C7 Mean=0.5489 WorstC Mean=0.5154 [164.6s]
    Client 1: loss=0.1079, epochs=30
    Client 4: loss=0.0770, epochs=30
    Client 0: loss=0.0649, epochs=30
    Client 2: loss=0.0696, epochs=30
    Client 3: loss=0.0834, epochs=30
    Client 7: loss=0.3600, epochs=30
    Client 6: loss=0.0776, epochs=30
    Client 5: loss=0.1502, epochs=30
  Round  26/50: Pooled Loss=0.3209, Pooled Mean=0.8013 (WT=0.8624 TC=0.7701 ET=0.7716) | C0 Mean=0.8075 | C1 Mean=0.7856 | C2 Mean=0.6858 | C3 Mean=0.7792 | C4 Mean=0.8363 | C5 Mean=0.5131 | C6 Mean=0.7940 | C7 Mean=0.5507 WorstC Mean=0.5131 [165.9s]
    Client 0: loss=0.0637, epochs=30
    Client 1: loss=0.1180, epochs=30
    Client 7: loss=0.4213, epochs=30
    Client 4: loss=0.0735, epochs=30
    Client 3: loss=0.0767, epochs=30
    Client 2: loss=0.0724, epochs=30
    Client 6: loss=0.0768, epochs=30
    Client 5: loss=0.1559, epochs=30
  Round  27/50: Pooled Loss=0.3101, Pooled Mean=0.8084 (WT=0.8701 TC=0.7784 ET=0.7765) | C0 Mean=0.8113 | C1 Mean=0.7850 | C2 Mean=0.6827 | C3 Mean=0.7831 | C4 Mean=0.8382 | C5 Mean=0.5106 | C6 Mean=0.7910 | C7 Mean=0.5376 WorstC Mean=0.5106 [164.4s]
    Client 6: loss=0.0757, epochs=30
    Client 0: loss=0.0638, epochs=30
    Client 3: loss=0.0732, epochs=30
    Client 1: loss=0.1004, epochs=30
    Client 2: loss=0.0679, epochs=30
    Client 4: loss=0.0745, epochs=30
    Client 5: loss=0.1456, epochs=30
    Client 7: loss=0.3623, epochs=30
  Round  28/50: Pooled Loss=0.3140, Pooled Mean=0.8062 (WT=0.8672 TC=0.7765 ET=0.7748) | C0 Mean=0.8032 | C1 Mean=0.7876 | C2 Mean=0.6935 | C3 Mean=0.7837 | C4 Mean=0.8392 | C5 Mean=0.5100 | C6 Mean=0.7933 | C7 Mean=0.5396 WorstC Mean=0.5100 [164.5s]
    Client 3: loss=0.0738, epochs=30
    Client 7: loss=0.3398, epochs=30
    Client 2: loss=0.0657, epochs=30
    Client 6: loss=0.0764, epochs=30
    Client 0: loss=0.0637, epochs=30
    Client 1: loss=0.0941, epochs=30
    Client 4: loss=0.0718, epochs=30
    Client 5: loss=0.1411, epochs=30
  Round  29/50: Pooled Loss=0.3163, Pooled Mean=0.8047 (WT=0.8690 TC=0.7743 ET=0.7710) | C0 Mean=0.8078 | C1 Mean=0.7839 | C2 Mean=0.6908 | C3 Mean=0.7735 | C4 Mean=0.8397 | C5 Mean=0.5198 | C6 Mean=0.7916 | C7 Mean=0.5588 WorstC Mean=0.5198 [163.3s]
    Client 7: loss=0.3123, epochs=30
    Client 2: loss=0.0683, epochs=30
    Client 5: loss=0.1353, epochs=30
    Client 1: loss=0.0921, epochs=30
    Client 6: loss=0.0759, epochs=30
    Client 4: loss=0.0703, epochs=30
    Client 3: loss=0.0726, epochs=30
    Client 0: loss=0.0623, epochs=30
  Round  30/50: Pooled Loss=0.3200, Pooled Mean=0.8026 (WT=0.8657 TC=0.7714 ET=0.7707) | C0 Mean=0.7993 | C1 Mean=0.7862 | C2 Mean=0.6842 | C3 Mean=0.7789 | C4 Mean=0.8414 | C5 Mean=0.5125 | C6 Mean=0.7958 | C7 Mean=0.5493 WorstC Mean=0.5125 [164.0s]
    Client 6: loss=0.0737, epochs=30
    Client 5: loss=0.1361, epochs=30
    Client 3: loss=0.0769, epochs=30
    Client 0: loss=0.0602, epochs=30
    Client 2: loss=0.0648, epochs=30
    Client 1: loss=0.0968, epochs=30
    Client 4: loss=0.0690, epochs=30
    Client 7: loss=0.2827, epochs=30
  Round  31/50: Pooled Loss=0.3196, Pooled Mean=0.8021 (WT=0.8654 TC=0.7697 ET=0.7712) | C0 Mean=0.7983 | C1 Mean=0.7891 | C2 Mean=0.6944 | C3 Mean=0.7776 | C4 Mean=0.8428 | C5 Mean=0.5113 | C6 Mean=0.7951 | C7 Mean=0.5515 WorstC Mean=0.5113 [164.5s]
    Client 7: loss=0.2749, epochs=30
    Client 6: loss=0.0804, epochs=30
    Client 1: loss=0.0939, epochs=30
    Client 4: loss=0.0678, epochs=30
    Client 2: loss=0.0670, epochs=30
    Client 3: loss=0.0695, epochs=30
    Client 0: loss=0.0607, epochs=30
    Client 5: loss=0.1290, epochs=30
  Round  32/50: Pooled Loss=0.3142, Pooled Mean=0.8069 (WT=0.8691 TC=0.7751 ET=0.7766) | C0 Mean=0.8035 | C1 Mean=0.7899 | C2 Mean=0.7138 | C3 Mean=0.7676 | C4 Mean=0.8350 | C5 Mean=0.5259 | C6 Mean=0.7895 | C7 Mean=0.5405 WorstC Mean=0.5259 [163.7s]
    Client 0: loss=0.0603, epochs=30
    Client 4: loss=0.0658, epochs=30
    Client 2: loss=0.0616, epochs=30
    Client 3: loss=0.0732, epochs=30
    Client 1: loss=0.0881, epochs=30
    Client 6: loss=0.0740, epochs=30
    Client 7: loss=0.3989, epochs=30
    Client 5: loss=0.1230, epochs=30
  Round  33/50: Pooled Loss=0.3135, Pooled Mean=0.8083 (WT=0.8677 TC=0.7766 ET=0.7806) | C0 Mean=0.8027 | C1 Mean=0.7955 | C2 Mean=0.6958 | C3 Mean=0.7770 | C4 Mean=0.8437 | C5 Mean=0.5187 | C6 Mean=0.7932 | C7 Mean=0.5490 WorstC Mean=0.5187 [163.4s]
    Client 2: loss=0.0662, epochs=30
    Client 3: loss=0.0679, epochs=30
    Client 4: loss=0.0654, epochs=30
    Client 1: loss=0.0857, epochs=30
    Client 7: loss=0.2862, epochs=30
    Client 0: loss=0.0590, epochs=30
    Client 6: loss=0.0724, epochs=30
    Client 5: loss=0.1219, epochs=30
  Round  34/50: Pooled Loss=0.3191, Pooled Mean=0.8032 (WT=0.8658 TC=0.7673 ET=0.7765) | C0 Mean=0.8045 | C1 Mean=0.7898 | C2 Mean=0.7088 | C3 Mean=0.7801 | C4 Mean=0.8483 | C5 Mean=0.5206 | C6 Mean=0.7916 | C7 Mean=0.5458 WorstC Mean=0.5206 [164.3s]
    Client 7: loss=0.3322, epochs=30
    Client 3: loss=0.0726, epochs=30
    Client 0: loss=0.0588, epochs=30
    Client 4: loss=0.0636, epochs=30
    Client 5: loss=0.1253, epochs=30
    Client 1: loss=0.0874, epochs=30
    Client 6: loss=0.0718, epochs=30
    Client 2: loss=0.0612, epochs=30
  Round  35/50: Pooled Loss=0.3222, Pooled Mean=0.8002 (WT=0.8685 TC=0.7693 ET=0.7628) | C0 Mean=0.7994 | C1 Mean=0.7815 | C2 Mean=0.6782 | C3 Mean=0.7768 | C4 Mean=0.8437 | C5 Mean=0.5231 | C6 Mean=0.7878 | C7 Mean=0.5529 WorstC Mean=0.5231 [163.9s]
    Client 3: loss=0.0860, epochs=30
    Client 7: loss=0.2716, epochs=30
    Client 1: loss=0.0876, epochs=30
    Client 4: loss=0.0639, epochs=30
    Client 5: loss=0.1167, epochs=30
    Client 2: loss=0.0626, epochs=30
    Client 0: loss=0.0582, epochs=30
    Client 6: loss=0.0744, epochs=30
  Round  36/50: Pooled Loss=0.3177, Pooled Mean=0.8051 (WT=0.8662 TC=0.7728 ET=0.7763) | C0 Mean=0.8067 | C1 Mean=0.7887 | C2 Mean=0.6965 | C3 Mean=0.7782 | C4 Mean=0.8481 | C5 Mean=0.5193 | C6 Mean=0.7990 | C7 Mean=0.5512 WorstC Mean=0.5193 [164.2s]
    Client 1: loss=0.0834, epochs=30
    Client 2: loss=0.0615, epochs=30
    Client 3: loss=0.0775, epochs=30
    Client 5: loss=0.1341, epochs=30
    Client 6: loss=0.0706, epochs=30
    Client 7: loss=0.3124, epochs=30
    Client 4: loss=0.0639, epochs=30
    Client 0: loss=0.0574, epochs=30
  Round  37/50: Pooled Loss=0.3155, Pooled Mean=0.8054 (WT=0.8677 TC=0.7790 ET=0.7695) | C0 Mean=0.8078 | C1 Mean=0.7848 | C2 Mean=0.6764 | C3 Mean=0.7840 | C4 Mean=0.8421 | C5 Mean=0.5163 | C6 Mean=0.7985 | C7 Mean=0.5494 WorstC Mean=0.5163 [164.3s]
    Client 2: loss=0.0615, epochs=30
    Client 7: loss=0.3753, epochs=30
    Client 5: loss=0.1120, epochs=30
    Client 0: loss=0.0569, epochs=30
    Client 6: loss=0.0698, epochs=30
    Client 3: loss=0.1018, epochs=30
    Client 1: loss=0.0801, epochs=30
    Client 4: loss=0.0634, epochs=30
  Round  38/50: Pooled Loss=0.3509, Pooled Mean=0.7619 (WT=0.8683 TC=0.7657 ET=0.6517) | C0 Mean=0.7910 | C1 Mean=0.7275 | C2 Mean=0.6300 | C3 Mean=0.7355 | C4 Mean=0.8003 | C5 Mean=0.4949 | C6 Mean=0.7809 | C7 Mean=0.5421 WorstC Mean=0.4949 [165.5s]
    Client 6: loss=0.0740, epochs=30
    Client 3: loss=0.0668, epochs=30
    Client 0: loss=0.0574, epochs=30
    Client 7: loss=0.2992, epochs=30
    Client 5: loss=0.1188, epochs=30
    Client 2: loss=0.0642, epochs=30
    Client 1: loss=0.0840, epochs=30
    Client 4: loss=0.0627, epochs=30
  Round  39/50: Pooled Loss=0.3230, Pooled Mean=0.8012 (WT=0.8606 TC=0.7688 ET=0.7741) | C0 Mean=0.8012 | C1 Mean=0.7943 | C2 Mean=0.6841 | C3 Mean=0.7793 | C4 Mean=0.8478 | C5 Mean=0.5186 | C6 Mean=0.8000 | C7 Mean=0.5571 WorstC Mean=0.5186 [164.7s]
    Client 5: loss=0.1167, epochs=30
    Client 0: loss=0.0556, epochs=30
    Client 1: loss=0.0787, epochs=30
    Client 3: loss=0.0643, epochs=30
    Client 6: loss=0.0723, epochs=30
    Client 2: loss=0.0587, epochs=30
    Client 4: loss=0.0607, epochs=30
    Client 7: loss=0.2721, epochs=30
  Round  40/50: Pooled Loss=0.3297, Pooled Mean=0.7940 (WT=0.8653 TC=0.7694 ET=0.7472) | C0 Mean=0.7964 | C1 Mean=0.7824 | C2 Mean=0.6662 | C3 Mean=0.7716 | C4 Mean=0.8356 | C5 Mean=0.5282 | C6 Mean=0.7995 | C7 Mean=0.5715 WorstC Mean=0.5282 [164.9s]
    Client 4: loss=0.0617, epochs=30
    Client 1: loss=0.0805, epochs=30
    Client 3: loss=0.0923, epochs=30
    Client 0: loss=0.0569, epochs=30
    Client 5: loss=0.1083, epochs=30
    Client 6: loss=0.0778, epochs=30
    Client 7: loss=0.5310, epochs=30
    Client 2: loss=0.0605, epochs=30
  Round  41/50: Pooled Loss=0.3211, Pooled Mean=0.8044 (WT=0.8623 TC=0.7736 ET=0.7773) | C0 Mean=0.8027 | C1 Mean=0.7940 | C2 Mean=0.6743 | C3 Mean=0.7783 | C4 Mean=0.8464 | C5 Mean=0.5345 | C6 Mean=0.8004 | C7 Mean=0.5641 WorstC Mean=0.5345 [164.0s]
    Client 0: loss=0.0547, epochs=30
    Client 3: loss=0.0667, epochs=30
    Client 4: loss=0.0590, epochs=30
    Client 6: loss=0.0719, epochs=30
    Client 5: loss=0.1049, epochs=30
    Client 1: loss=0.0773, epochs=30
    Client 2: loss=0.0577, epochs=30
    Client 7: loss=0.2861, epochs=30
  Round  42/50: Pooled Loss=0.3235, Pooled Mean=0.8020 (WT=0.8649 TC=0.7697 ET=0.7715) | C0 Mean=0.8081 | C1 Mean=0.7956 | C2 Mean=0.6784 | C3 Mean=0.7791 | C4 Mean=0.8486 | C5 Mean=0.5311 | C6 Mean=0.7997 | C7 Mean=0.5572 WorstC Mean=0.5311 [164.3s]
    Client 1: loss=0.0818, epochs=30
    Client 4: loss=0.0585, epochs=30
    Client 6: loss=0.0686, epochs=30
    Client 7: loss=0.2643, epochs=30
    Client 2: loss=0.0565, epochs=30
    Client 5: loss=0.1057, epochs=30
    Client 0: loss=0.0549, epochs=30
    Client 3: loss=0.0664, epochs=30
  Round  43/50: Pooled Loss=0.3261, Pooled Mean=0.7993 (WT=0.8635 TC=0.7679 ET=0.7666) | C0 Mean=0.8010 | C1 Mean=0.7923 | C2 Mean=0.6871 | C3 Mean=0.7795 | C4 Mean=0.8494 | C5 Mean=0.5274 | C6 Mean=0.8036 | C7 Mean=0.5659 WorstC Mean=0.5274 [164.5s]
    Client 4: loss=0.0569, epochs=30
    Client 1: loss=0.0766, epochs=30
    Client 6: loss=0.0713, epochs=30
    Client 3: loss=0.0747, epochs=30
    Client 5: loss=0.1054, epochs=30
    Client 7: loss=0.2592, epochs=30
    Client 0: loss=0.0539, epochs=30
    Client 2: loss=0.0554, epochs=30
  Round  44/50: Pooled Loss=0.3203, Pooled Mean=0.8037 (WT=0.8707 TC=0.7746 ET=0.7658) | C0 Mean=0.8089 | C1 Mean=0.7927 | C2 Mean=0.6812 | C3 Mean=0.7703 | C4 Mean=0.8438 | C5 Mean=0.5390 | C6 Mean=0.7979 | C7 Mean=0.5725 WorstC Mean=0.5390 [163.7s]
    Client 7: loss=0.3722, epochs=30
    Client 1: loss=0.0795, epochs=30
    Client 5: loss=0.1040, epochs=30
    Client 4: loss=0.0578, epochs=30
    Client 0: loss=0.0684, epochs=30
    Client 6: loss=0.0707, epochs=30
    Client 2: loss=0.0566, epochs=30
    Client 3: loss=0.0757, epochs=30
  Round  45/50: Pooled Loss=0.3248, Pooled Mean=0.7963 (WT=0.8741 TC=0.7748 ET=0.7400) | C0 Mean=0.8042 | C1 Mean=0.7727 | C2 Mean=0.6568 | C3 Mean=0.7604 | C4 Mean=0.8353 | C5 Mean=0.5324 | C6 Mean=0.7810 | C7 Mean=0.5752 WorstC Mean=0.5324 [163.3s]
    Client 1: loss=0.0851, epochs=30
    Client 7: loss=0.2362, epochs=30
    Client 4: loss=0.0571, epochs=30
    Client 0: loss=0.0531, epochs=30
    Client 2: loss=0.0546, epochs=30
    Client 6: loss=0.0699, epochs=30
    Client 3: loss=0.0624, epochs=30
    Client 5: loss=0.1055, epochs=30
  Round  46/50: Pooled Loss=0.3203, Pooled Mean=0.8043 (WT=0.8668 TC=0.7705 ET=0.7757) | C0 Mean=0.8091 | C1 Mean=0.7957 | C2 Mean=0.6880 | C3 Mean=0.7808 | C4 Mean=0.8536 | C5 Mean=0.5313 | C6 Mean=0.7993 | C7 Mean=0.5633 WorstC Mean=0.5313 [164.5s]
    Client 2: loss=0.0549, epochs=30
    Client 4: loss=0.0574, epochs=30
    Client 7: loss=0.3220, epochs=30
    Client 6: loss=0.0686, epochs=30
    Client 1: loss=0.0888, epochs=30
    Client 3: loss=0.0609, epochs=30
    Client 5: loss=0.1014, epochs=30
    Client 0: loss=0.0524, epochs=30
  Round  47/50: Pooled Loss=0.3245, Pooled Mean=0.8016 (WT=0.8620 TC=0.7687 ET=0.7742) | C0 Mean=0.8005 | C1 Mean=0.7963 | C2 Mean=0.6790 | C3 Mean=0.7855 | C4 Mean=0.8553 | C5 Mean=0.5202 | C6 Mean=0.8005 | C7 Mean=0.5501 WorstC Mean=0.5202 [163.8s]
    Client 6: loss=0.0681, epochs=30
    Client 5: loss=0.1010, epochs=30
    Client 1: loss=0.0793, epochs=30
    Client 0: loss=0.0531, epochs=30
    Client 2: loss=0.0556, epochs=30
    Client 4: loss=0.0565, epochs=30
    Client 7: loss=0.2707, epochs=30
    Client 3: loss=0.0933, epochs=30
  Round  48/50: Pooled Loss=0.3165, Pooled Mean=0.8069 (WT=0.8681 TC=0.7792 ET=0.7733) | C0 Mean=0.8171 | C1 Mean=0.7965 | C2 Mean=0.6798 | C3 Mean=0.7856 | C4 Mean=0.8536 | C5 Mean=0.5295 | C6 Mean=0.8106 | C7 Mean=0.5730 WorstC Mean=0.5295 [164.3s]
    Client 1: loss=0.0735, epochs=30
    Client 4: loss=0.0555, epochs=30
    Client 7: loss=0.3626, epochs=30
    Client 6: loss=0.0671, epochs=30
    Client 0: loss=0.0519, epochs=30
    Client 5: loss=0.0987, epochs=30
    Client 3: loss=0.0611, epochs=30
    Client 2: loss=0.0534, epochs=30
  Round  49/50: Pooled Loss=0.3233, Pooled Mean=0.8032 (WT=0.8637 TC=0.7728 ET=0.7731) | C0 Mean=0.8122 | C1 Mean=0.7953 | C2 Mean=0.6693 | C3 Mean=0.7809 | C4 Mean=0.8519 | C5 Mean=0.5335 | C6 Mean=0.8001 | C7 Mean=0.5725 WorstC Mean=0.5335 [166.6s]
    Client 1: loss=0.0713, epochs=30
    Client 7: loss=0.2627, epochs=30
    Client 5: loss=0.1006, epochs=30
    Client 6: loss=0.0674, epochs=30
    Client 3: loss=0.0603, epochs=30
    Client 0: loss=0.0511, epochs=30
    Client 4: loss=0.0542, epochs=30
    Client 2: loss=0.0592, epochs=30
  Round  50/50: Pooled Loss=0.3314, Pooled Mean=0.7956 (WT=0.8622 TC=0.7697 ET=0.7550) | C0 Mean=0.8046 | C1 Mean=0.7842 | C2 Mean=0.6699 | C3 Mean=0.7803 | C4 Mean=0.8467 | C5 Mean=0.5363 | C6 Mean=0.7984 | C7 Mean=0.5754 WorstC Mean=0.5363 [164.0s]

============================================================
RESULTS SUMMARY
============================================================
Strategy:            FEDPROX (mu=0.2)
Global MeanPresent:  0.7956 (best=0.8120)
Global WT:           0.8622
Global TC:           0.7697
Global ET:           0.7550
Worst-client Mean:   0.5363
Client 0 MeanPresent: 0.8046 (best=0.8192)
Client 1 MeanPresent: 0.7842 (best=0.7965)
Client 2 MeanPresent: 0.6699 (best=0.7138)
Client 3 MeanPresent: 0.7803 (best=0.7856)
Client 4 MeanPresent: 0.8467 (best=0.8553)
Client 5 MeanPresent: 0.5363 (best=0.5390)
Client 6 MeanPresent: 0.7984 (best=0.8151)
Client 7 MeanPresent: 0.5754 (best=0.5754)
Convergence 50%:     round 1
Convergence 60%:     round 2
Convergence 70%:     round 3
Total Time:          8230.97s (137.2min)
============================================================

Results saved to: /home/bk489/federated/federated-thesis/results/brats/fedprox_brats_r50_mu0.2_20260211_010821_results.json

>>> FEDPROX done.

All done. Results in: /home/bk489/federated/federated-thesis/results/brats
