==============================================
BraTS 2D Federated Learning
Job ID:       22381978
Node(s):      gpu-q-4
Workdir:      /home/bk489/federated/federated-thesis
Script:       /home/bk489/federated/federated-thesis/experiments/brats/brats_n_clients.py
Partition dir:/home/bk489/federated/federated-thesis/data/partitions/brats2d_4client_dirichlet_balanced_a0p1/client_data
Results dir:  /home/bk489/federated/federated-thesis/results/brats
Strategy:     both (mu=0.5)
Model:        UNet2D base=32
Fraction:     0.25 | DropPercent: 0.0
Rounds:       20 | LocalEpochs: 20
Batch:        4 | LR: 0.01 | Seed: 42
WeightDecay:  0.001 | NumWorkers: 2
Python:       /home/bk489/.conda/envs/fed/bin/python
Python 3.9.16 | packaged by conda-forge | (main, Feb  1 2023, 21:39:03) 
[GCC 11.3.0]
PyTorch 2.8.0+cu128 CUDA: 12.8 CUDA available: True Device count: 1
Mon Feb  9 14:52:51 2026       
+-----------------------------------------------------------------------------------------+
| NVIDIA-SMI 570.195.03             Driver Version: 570.195.03     CUDA Version: 12.8     |
|-----------------------------------------+------------------------+----------------------+
| GPU  Name                 Persistence-M | Bus-Id          Disp.A | Volatile Uncorr. ECC |
| Fan  Temp   Perf          Pwr:Usage/Cap |           Memory-Usage | GPU-Util  Compute M. |
|                                         |                        |               MIG M. |
|=========================================+========================+======================|
|   0  NVIDIA A100-SXM4-80GB          On  |   00000000:41:00.0 Off |                    0 |
| N/A   32C    P0             69W /  500W |       0MiB /  81920MiB |      0%      Default |
|                                         |                        |             Disabled |
+-----------------------------------------+------------------------+----------------------+
                                                                                         
+-----------------------------------------------------------------------------------------+
| Processes:                                                                              |
|  GPU   GI   CI              PID   Type   Process name                        GPU Memory |
|        ID   ID                                                               Usage      |
|=========================================================================================|
|  No running processes found                                                             |
+-----------------------------------------------------------------------------------------+
==============================================

>>> Running FEDAVG (mu=0.0) ...


============================================================
Federated Learning -- FEDAVG
============================================================
Model:          UNet2D (base=32, 1,927,363 params)
Input channels: 4
Clients:        4
Rounds:         20
Local epochs:   20
Batch size:     4
Learning rate:  0.01
Weight decay:   0.001
Fraction fit:   0.25
Drop percent:   0.0
Device:         cuda
Partition dir:  /home/bk489/federated/federated-thesis/data/partitions/brats2d_4client_dirichlet_balanced_a0p1/client_data
============================================================

Client data distribution:
  client_0: train=60  test=7
  client_1: train=60  test=7
  client_2: train=60  test=7
  client_3: train=59  test=7

    Client 2: loss=1.2818, epochs=20
  Round   1/20: Pooled Loss=1.0302, Pooled Mean=0.4218 (WT=0.7818 TC=0.4836 ET=0.0000) | C0 Mean=0.4119 | C1 Mean=0.4142 | C2 Mean=0.4673 | C3 Mean=0.3764 [11.4s]
    Client 2: loss=0.8595, epochs=20
  Round   2/20: Pooled Loss=0.7558, Pooled Mean=0.4518 (WT=0.8191 TC=0.5362 ET=0.0000) | C0 Mean=0.4164 | C1 Mean=0.4639 | C2 Mean=0.4799 | C3 Mean=0.4376 [6.5s]
    Client 3: loss=0.5164, epochs=20
  Round   3/20: Pooled Loss=0.4605, Pooled Mean=0.7503 (WT=0.8551 TC=0.7056 ET=0.6902) | C0 Mean=0.7558 | C1 Mean=0.8666 | C2 Mean=0.4613 | C3 Mean=0.8476 [7.6s]
    Client 2: loss=0.5450, epochs=20
  Round   4/20: Pooled Loss=0.5971, Pooled Mean=0.5554 (WT=0.7192 TC=0.4700 ET=0.4771) | C0 Mean=0.5840 | C1 Mean=0.5892 | C2 Mean=0.4973 | C3 Mean=0.5171 [6.1s]
    Client 0: loss=0.3330, epochs=20
  Round   5/20: Pooled Loss=0.3446, Pooled Mean=0.7599 (WT=0.8717 TC=0.6278 ET=0.7802) | C0 Mean=0.7621 | C1 Mean=0.8245 | C2 Mean=0.5310 | C3 Mean=0.8374 [6.1s]
    Client 0: loss=0.2159, epochs=20
  Round   6/20: Pooled Loss=0.2635, Pooled Mean=0.8222 (WT=0.8938 TC=0.7601 ET=0.8127) | C0 Mean=0.8451 | C1 Mean=0.8754 | C2 Mean=0.6149 | C3 Mean=0.8671 [6.0s]
    Client 0: loss=0.1651, epochs=20
  Round   7/20: Pooled Loss=0.2594, Pooled Mean=0.8132 (WT=0.8861 TC=0.7561 ET=0.7974) | C0 Mean=0.8333 | C1 Mean=0.8655 | C2 Mean=0.5819 | C3 Mean=0.8753 [6.1s]
    Client 3: loss=0.1383, epochs=20
  Round   8/20: Pooled Loss=0.2728, Pooled Mean=0.8025 (WT=0.8921 TC=0.7464 ET=0.7691) | C0 Mean=0.7987 | C1 Mean=0.8738 | C2 Mean=0.5623 | C3 Mean=0.8724 [6.4s]
    Client 1: loss=0.1098, epochs=20
  Round   9/20: Pooled Loss=0.2821, Pooled Mean=0.7868 (WT=0.9000 TC=0.7491 ET=0.7113) | C0 Mean=0.7602 | C1 Mean=0.8792 | C2 Mean=0.5470 | C3 Mean=0.8720 [7.2s]
    Client 3: loss=0.0990, epochs=20
  Round  10/20: Pooled Loss=0.2377, Pooled Mean=0.8289 (WT=0.8996 TC=0.7548 ET=0.8323) | C0 Mean=0.8221 | C1 Mean=0.9007 | C2 Mean=0.5930 | C3 Mean=0.8937 [6.4s]
    Client 3: loss=0.0933, epochs=20
  Round  11/20: Pooled Loss=0.2457, Pooled Mean=0.8189 (WT=0.8982 TC=0.7431 ET=0.8154) | C0 Mean=0.8191 | C1 Mean=0.8988 | C2 Mean=0.5480 | C3 Mean=0.8923 [6.0s]
    Client 1: loss=0.0858, epochs=20
  Round  12/20: Pooled Loss=0.2588, Pooled Mean=0.8033 (WT=0.9001 TC=0.7694 ET=0.7403) | C0 Mean=0.7819 | C1 Mean=0.8800 | C2 Mean=0.5621 | C3 Mean=0.8918 [6.1s]
    Client 3: loss=0.0830, epochs=20
  Round  13/20: Pooled Loss=0.2377, Pooled Mean=0.8261 (WT=0.8996 TC=0.7475 ET=0.8312) | C0 Mean=0.8187 | C1 Mean=0.8969 | C2 Mean=0.5766 | C3 Mean=0.8977 [6.0s]
    Client 1: loss=0.0725, epochs=20
  Round  14/20: Pooled Loss=0.2557, Pooled Mean=0.8067 (WT=0.8961 TC=0.7712 ET=0.7528) | C0 Mean=0.7814 | C1 Mean=0.8847 | C2 Mean=0.5684 | C3 Mean=0.8879 [6.5s]
    Client 0: loss=0.1407, epochs=20
  Round  15/20: Pooled Loss=0.2454, Pooled Mean=0.8160 (WT=0.8941 TC=0.7332 ET=0.8208) | C0 Mean=0.8091 | C1 Mean=0.8953 | C2 Mean=0.5582 | C3 Mean=0.8964 [6.6s]
    Client 2: loss=0.3583, epochs=20
  Round  16/20: Pooled Loss=0.4441, Pooled Mean=0.6280 (WT=0.8579 TC=0.5782 ET=0.4477) | C0 Mean=0.7037 | C1 Mean=0.6091 | C2 Mean=0.5865 | C3 Mean=0.5912 [6.8s]
    Client 3: loss=0.0850, epochs=20
  Round  17/20: Pooled Loss=0.2310, Pooled Mean=0.8311 (WT=0.9030 TC=0.7435 ET=0.8468) | C0 Mean=0.8178 | C1 Mean=0.9108 | C2 Mean=0.5871 | C3 Mean=0.9031 [6.0s]
    Client 0: loss=0.1167, epochs=20
  Round  18/20: Pooled Loss=0.2478, Pooled Mean=0.8132 (WT=0.9057 TC=0.7154 ET=0.8184) | C0 Mean=0.8115 | C1 Mean=0.8720 | C2 Mean=0.6478 | C3 Mean=0.8623 [6.1s]
    Client 1: loss=0.0718, epochs=20
  Round  19/20: Pooled Loss=0.2402, Pooled Mean=0.8177 (WT=0.9032 TC=0.7877 ET=0.7621) | C0 Mean=0.8042 | C1 Mean=0.9007 | C2 Mean=0.5706 | C3 Mean=0.8968 [6.1s]
    Client 1: loss=0.0573, epochs=20
  Round  20/20: Pooled Loss=0.2412, Pooled Mean=0.8135 (WT=0.9071 TC=0.7855 ET=0.7478) | C0 Mean=0.7958 | C1 Mean=0.9105 | C2 Mean=0.5635 | C3 Mean=0.8898 [6.4s]

============================================================
RESULTS SUMMARY
============================================================
Strategy:            FEDAVG
Global MeanPresent:  0.8135 (best=0.8311)
Global WT:           0.9071
Global TC:           0.7855
Global ET:           0.7478
Client 0 MeanPresent: 0.7958 (best=0.8451)
Client 1 MeanPresent: 0.9105 (best=0.9108)
Client 2 MeanPresent: 0.5635 (best=0.6478)
Client 3 MeanPresent: 0.8898 (best=0.9031)
Convergence 50%:     round 3
Convergence 60%:     round 5
Convergence 70%:     round 5
Total Time:          132.48s (2.2min)
============================================================

Results saved to: /home/bk489/federated/federated-thesis/results/brats/fedavg_brats_r20_20260209_145506_results.json

>>> FEDAVG done.

>>> Running FEDPROX (mu=0.5) ...


============================================================
Federated Learning -- FEDPROX
============================================================
Model:          UNet2D (base=32, 1,927,363 params)
Input channels: 4
Clients:        4
Rounds:         20
Local epochs:   20
Batch size:     4
Learning rate:  0.01
Weight decay:   0.001
Fraction fit:   0.25
Drop percent:   0.0
Proximal mu:    0.5
Device:         cuda
Partition dir:  /home/bk489/federated/federated-thesis/data/partitions/brats2d_4client_dirichlet_balanced_a0p1/client_data
============================================================

Client data distribution:
  client_0: train=60  test=7
  client_1: train=60  test=7
  client_2: train=60  test=7
  client_3: train=59  test=7

    Client 2: loss=1.4552, epochs=20
  Round   1/20: Pooled Loss=1.2457, Pooled Mean=0.3995 (WT=0.7378 TC=0.4367 ET=0.0240) | C0 Mean=0.4025 | C1 Mean=0.3661 | C2 Mean=0.4565 | C3 Mean=0.3503 [9.9s]
    Client 2: loss=1.1230, epochs=20
  Round   2/20: Pooled Loss=1.0094, Pooled Mean=0.4345 (WT=0.8066 TC=0.4971 ET=0.0000) | C0 Mean=0.4208 | C1 Mean=0.4278 | C2 Mean=0.4747 | C3 Mean=0.3995 [7.5s]
    Client 3: loss=0.8592, epochs=20
  Round   3/20: Pooled Loss=0.7626, Pooled Mean=0.6785 (WT=0.8594 TC=0.6202 ET=0.5559) | C0 Mean=0.6554 | C1 Mean=0.8382 | C2 Mean=0.4421 | C3 Mean=0.7579 [7.4s]
    Client 2: loss=0.7644, epochs=20
  Round   4/20: Pooled Loss=0.7722, Pooled Mean=0.5391 (WT=0.6780 TC=0.5246 ET=0.4148) | C0 Mean=0.5388 | C1 Mean=0.5553 | C2 Mean=0.4836 | C3 Mean=0.5650 [7.4s]
    Client 0: loss=0.6163, epochs=20
  Round   5/20: Pooled Loss=0.5389, Pooled Mean=0.7554 (WT=0.8597 TC=0.6703 ET=0.7364) | C0 Mean=0.7504 | C1 Mean=0.8333 | C2 Mean=0.5337 | C3 Mean=0.7988 [7.8s]
    Client 0: loss=0.4688, epochs=20
  Round   6/20: Pooled Loss=0.4169, Pooled Mean=0.7794 (WT=0.8816 TC=0.7139 ET=0.7425) | C0 Mean=0.7870 | C1 Mean=0.8713 | C2 Mean=0.5039 | C3 Mean=0.8557 [8.0s]
    Client 0: loss=0.3571, epochs=20
  Round   7/20: Pooled Loss=0.3672, Pooled Mean=0.7775 (WT=0.8620 TC=0.6994 ET=0.7711) | C0 Mean=0.8003 | C1 Mean=0.8527 | C2 Mean=0.4935 | C3 Mean=0.8693 [7.8s]
    Client 3: loss=0.2477, epochs=20
  Round   8/20: Pooled Loss=0.3289, Pooled Mean=0.7850 (WT=0.8771 TC=0.7271 ET=0.7509) | C0 Mean=0.8096 | C1 Mean=0.8622 | C2 Mean=0.5081 | C3 Mean=0.8698 [7.4s]
    Client 1: loss=0.1849, epochs=20
  Round   9/20: Pooled Loss=0.3854, Pooled Mean=0.7080 (WT=0.8741 TC=0.6361 ET=0.6137) | C0 Mean=0.7011 | C1 Mean=0.8235 | C2 Mean=0.4777 | C3 Mean=0.8023 [7.5s]
    Client 3: loss=0.1867, epochs=20
  Round  10/20: Pooled Loss=0.2977, Pooled Mean=0.7926 (WT=0.8745 TC=0.7320 ET=0.7712) | C0 Mean=0.8117 | C1 Mean=0.8698 | C2 Mean=0.5125 | C3 Mean=0.8771 [7.9s]
    Client 3: loss=0.1493, epochs=20
  Round  11/20: Pooled Loss=0.2830, Pooled Mean=0.8008 (WT=0.8766 TC=0.7423 ET=0.7834) | C0 Mean=0.8193 | C1 Mean=0.8804 | C2 Mean=0.5091 | C3 Mean=0.8914 [7.9s]
    Client 1: loss=0.1331, epochs=20
  Round  12/20: Pooled Loss=0.2971, Pooled Mean=0.7769 (WT=0.8908 TC=0.7424 ET=0.6974) | C0 Mean=0.7807 | C1 Mean=0.8692 | C2 Mean=0.5082 | C3 Mean=0.8746 [8.2s]
    Client 3: loss=0.1314, epochs=20
  Round  13/20: Pooled Loss=0.2819, Pooled Mean=0.7958 (WT=0.8828 TC=0.7238 ET=0.7809) | C0 Mean=0.7991 | C1 Mean=0.8898 | C2 Mean=0.4769 | C3 Mean=0.8957 [7.5s]
    Client 1: loss=0.1130, epochs=20
  Round  14/20: Pooled Loss=0.2874, Pooled Mean=0.7835 (WT=0.8898 TC=0.7439 ET=0.7169) | C0 Mean=0.7703 | C1 Mean=0.8804 | C2 Mean=0.5145 | C3 Mean=0.8802 [7.4s]
    Client 0: loss=0.2249, epochs=20
  Round  15/20: Pooled Loss=0.2575, Pooled Mean=0.8130 (WT=0.8935 TC=0.7426 ET=0.8031) | C0 Mean=0.8260 | C1 Mean=0.8743 | C2 Mean=0.5671 | C3 Mean=0.8853 [7.8s]
    Client 2: loss=0.4296, epochs=20
  Round  16/20: Pooled Loss=0.4495, Pooled Mean=0.6227 (WT=0.8253 TC=0.5308 ET=0.5119) | C0 Mean=0.7043 | C1 Mean=0.6247 | C2 Mean=0.5940 | C3 Mean=0.5821 [7.7s]
    Client 3: loss=0.1267, epochs=20
  Round  17/20: Pooled Loss=0.2398, Pooled Mean=0.8302 (WT=0.8956 TC=0.7753 ET=0.8198) | C0 Mean=0.8224 | C1 Mean=0.8962 | C2 Mean=0.5982 | C3 Mean=0.9004 [8.4s]
    Client 0: loss=0.1672, epochs=20
  Round  18/20: Pooled Loss=0.2868, Pooled Mean=0.7883 (WT=0.8946 TC=0.6518 ET=0.8183) | C0 Mean=0.8031 | C1 Mean=0.8530 | C2 Mean=0.5587 | C3 Mean=0.8597 [7.4s]
    Client 1: loss=0.0999, epochs=20
  Round  19/20: Pooled Loss=0.2822, Pooled Mean=0.7852 (WT=0.8854 TC=0.7523 ET=0.7178) | C0 Mean=0.7842 | C1 Mean=0.8670 | C2 Mean=0.5200 | C3 Mean=0.8831 [7.4s]
    Client 1: loss=0.0819, epochs=20
  Round  20/20: Pooled Loss=0.2805, Pooled Mean=0.7828 (WT=0.8961 TC=0.7524 ET=0.6999) | C0 Mean=0.7839 | C1 Mean=0.8749 | C2 Mean=0.5160 | C3 Mean=0.8829 [7.5s]

============================================================
RESULTS SUMMARY
============================================================
Strategy:            FEDPROX (mu=0.5)
Global MeanPresent:  0.7828 (best=0.8302)
Global WT:           0.8961
Global TC:           0.7524
Global ET:           0.6999
Client 0 MeanPresent: 0.7839 (best=0.8260)
Client 1 MeanPresent: 0.8749 (best=0.8962)
Client 2 MeanPresent: 0.5160 (best=0.5982)
Client 3 MeanPresent: 0.8829 (best=0.9004)
Convergence 50%:     round 3
Convergence 60%:     round 5
Convergence 70%:     round 5
Total Time:          155.59s (2.6min)
============================================================

Results saved to: /home/bk489/federated/federated-thesis/results/brats/fedprox_brats_r20_mu0.5_20260209_145745_results.json

>>> FEDPROX done.

All done. Results in: /home/bk489/federated/federated-thesis/results/brats
