==============================================
BraTS 2D Federated Learning
Job ID:       22517908
Node(s):      gpu-q-2
Workdir:      /home/bk489/federated/federated-thesis
Script:       /home/bk489/federated/federated-thesis/experiments/brats/brats_n_clients.py
Partition dir:/home/bk489/federated/federated-thesis/data/partitions/brats2d_8client_heterogeneous/client_data
Global test:  /home/bk489/federated/federated-thesis/data/partitions/brats2d_8client_heterogeneous/global_test
Results dir:  /home/bk489/federated/federated-thesis/results/brats
Strategy:     fedprox (mu=0.1)
Model:        UNet2D base=16
Fraction:     1.0 | DropPercent: 0.0
Rounds:       50 | LocalEpochs: 10
Batch:        4 | LR: 0.01 | Seed: 42
WeightDecay:  0.0 | NumWorkers: 2
Python:       /home/bk489/.conda/envs/fed/bin/python
Python 3.9.16 | packaged by conda-forge | (main, Feb  1 2023, 21:39:03) 
[GCC 11.3.0]
PyTorch 2.8.0+cu128 CUDA: 12.8 CUDA available: True Device count: 1
Wed Feb 11 11:18:47 2026       
+-----------------------------------------------------------------------------------------+
| NVIDIA-SMI 570.195.03             Driver Version: 570.195.03     CUDA Version: 12.8     |
|-----------------------------------------+------------------------+----------------------+
| GPU  Name                 Persistence-M | Bus-Id          Disp.A | Volatile Uncorr. ECC |
| Fan  Temp   Perf          Pwr:Usage/Cap |           Memory-Usage | GPU-Util  Compute M. |
|                                         |                        |               MIG M. |
|=========================================+========================+======================|
|   0  NVIDIA A100-SXM4-80GB          On  |   00000000:01:00.0 Off |                    0 |
| N/A   37C    P0             68W /  500W |       0MiB /  81920MiB |      0%      Default |
|                                         |                        |             Disabled |
+-----------------------------------------+------------------------+----------------------+
                                                                                         
+-----------------------------------------------------------------------------------------+
| Processes:                                                                              |
|  GPU   GI   CI              PID   Type   Process name                        GPU Memory |
|        ID   ID                                                               Usage      |
|=========================================================================================|
|  No running processes found                                                             |
+-----------------------------------------------------------------------------------------+
==============================================

>>> Running FEDPROX (mu=0.1) ...

Using global_test_dir: /home/bk489/federated/federated-thesis/data/partitions/brats2d_8client_heterogeneous/global_test (180 files)

============================================================
Federated Learning -- FEDPROX
============================================================
Model:          UNet2D (base=16, 482,915 params)
Input channels: 4
Clients:        8
Rounds:         50
Local epochs:   10
Batch size:     4
Learning rate:  0.01
Weight decay:   0.0
Fraction fit:   1.0
Drop percent:   0.0
Proximal mu:    0.1
Device:         cuda
Partition dir:  /home/bk489/federated/federated-thesis/data/partitions/brats2d_8client_heterogeneous/client_data
============================================================

Client data distribution:
  client_0: train=135  test=15
  client_1: train=295  test=40
  client_2: train=140  test=20
  client_3: train=265  test=30
  client_4: train=180  test=25
  client_5: train=180  test=25
  client_6: train=55  test=10
  client_7: train=65  test=10

    Client 5: loss=1.2941, epochs=10
    Client 1: loss=1.2841, epochs=10
    Client 2: loss=1.3244, epochs=10
    Client 0: loss=1.3079, epochs=10
    Client 4: loss=1.2944, epochs=10
    Client 7: loss=1.4395, epochs=10
    Client 3: loss=1.2043, epochs=10
    Client 6: loss=1.3928, epochs=10
  Round   1/50: Pooled Loss=1.1095, Pooled Mean=0.4022 (WT=0.7582 TC=0.0006 ET=0.4479) | C0 Mean=0.4175 | C1 Mean=0.2008 | C2 Mean=0.2360 | C3 Mean=0.3271 | C4 Mean=0.2632 | C5 Mean=0.1743 | C6 Mean=0.4230 | C7 Mean=0.0594 WorstC Mean=0.0594 [58.7s]
    Client 1: loss=1.0168, epochs=10
    Client 2: loss=0.9433, epochs=10
    Client 5: loss=1.0101, epochs=10
    Client 6: loss=0.9330, epochs=10
    Client 4: loss=0.9650, epochs=10
    Client 0: loss=0.9100, epochs=10
    Client 3: loss=0.8114, epochs=10
    Client 7: loss=1.1121, epochs=10
  Round   2/50: Pooled Loss=0.7781, Pooled Mean=0.6544 (WT=0.8139 TC=0.6395 ET=0.5099) | C0 Mean=0.7239 | C1 Mean=0.3358 | C2 Mean=0.3359 | C3 Mean=0.6541 | C4 Mean=0.4397 | C5 Mean=0.3022 | C6 Mean=0.6805 | C7 Mean=0.1042 WorstC Mean=0.1042 [56.2s]
    Client 0: loss=0.6044, epochs=10
    Client 4: loss=0.7347, epochs=10
    Client 1: loss=0.8092, epochs=10
    Client 5: loss=0.8591, epochs=10
    Client 2: loss=0.6417, epochs=10
    Client 7: loss=0.9734, epochs=10
    Client 3: loss=0.5300, epochs=10
    Client 6: loss=0.6168, epochs=10
  Round   3/50: Pooled Loss=0.5718, Pooled Mean=0.6537 (WT=0.8225 TC=0.6407 ET=0.4978) | C0 Mean=0.6697 | C1 Mean=0.4001 | C2 Mean=0.4373 | C3 Mean=0.6702 | C4 Mean=0.4701 | C5 Mean=0.3237 | C6 Mean=0.6306 | C7 Mean=0.1358 WorstC Mean=0.1358 [56.8s]
    Client 3: loss=0.3708, epochs=10
    Client 1: loss=0.6456, epochs=10
    Client 2: loss=0.4408, epochs=10
    Client 6: loss=0.4350, epochs=10
    Client 7: loss=0.9035, epochs=10
    Client 5: loss=0.7474, epochs=10
    Client 0: loss=0.4103, epochs=10
    Client 4: loss=0.5548, epochs=10
  Round   4/50: Pooled Loss=0.4814, Pooled Mean=0.7039 (WT=0.8226 TC=0.6489 ET=0.6400) | C0 Mean=0.6835 | C1 Mean=0.5313 | C2 Mean=0.5477 | C3 Mean=0.7076 | C4 Mean=0.5203 | C5 Mean=0.3554 | C6 Mean=0.7492 | C7 Mean=0.1570 WorstC Mean=0.1570 [56.0s]
    Client 3: loss=0.2885, epochs=10
    Client 6: loss=0.3329, epochs=10
    Client 2: loss=0.3346, epochs=10
    Client 4: loss=0.4464, epochs=10
    Client 1: loss=0.5322, epochs=10
    Client 5: loss=0.6626, epochs=10
    Client 7: loss=0.8571, epochs=10
    Client 0: loss=0.3079, epochs=10
  Round   5/50: Pooled Loss=0.4623, Pooled Mean=0.6966 (WT=0.8153 TC=0.6016 ET=0.6730) | C0 Mean=0.6674 | C1 Mean=0.6488 | C2 Mean=0.5995 | C3 Mean=0.6925 | C4 Mean=0.6031 | C5 Mean=0.4020 | C6 Mean=0.7144 | C7 Mean=0.1612 WorstC Mean=0.1612 [55.9s]
    Client 0: loss=0.2456, epochs=10
    Client 2: loss=0.2673, epochs=10
    Client 1: loss=0.4587, epochs=10
    Client 7: loss=0.8191, epochs=10
    Client 4: loss=0.3717, epochs=10
    Client 3: loss=0.2422, epochs=10
    Client 6: loss=0.2808, epochs=10
    Client 5: loss=0.6181, epochs=10
  Round   6/50: Pooled Loss=0.4551, Pooled Mean=0.6873 (WT=0.7956 TC=0.6046 ET=0.6617) | C0 Mean=0.6507 | C1 Mean=0.6730 | C2 Mean=0.6353 | C3 Mean=0.6536 | C4 Mean=0.6275 | C5 Mean=0.4129 | C6 Mean=0.6720 | C7 Mean=0.2218 WorstC Mean=0.2218 [56.0s]
    Client 5: loss=0.5805, epochs=10
    Client 7: loss=0.7898, epochs=10
    Client 1: loss=0.3994, epochs=10
    Client 0: loss=0.2064, epochs=10
    Client 2: loss=0.2419, epochs=10
    Client 3: loss=0.2080, epochs=10
    Client 6: loss=0.2374, epochs=10
    Client 4: loss=0.3160, epochs=10
  Round   7/50: Pooled Loss=0.4161, Pooled Mean=0.7204 (WT=0.8076 TC=0.6484 ET=0.7051) | C0 Mean=0.6939 | C1 Mean=0.6875 | C2 Mean=0.6630 | C3 Mean=0.6653 | C4 Mean=0.6668 | C5 Mean=0.4340 | C6 Mean=0.6989 | C7 Mean=0.2339 WorstC Mean=0.2339 [55.9s]
    Client 4: loss=0.2769, epochs=10
    Client 0: loss=0.1737, epochs=10
    Client 3: loss=0.1802, epochs=10
    Client 2: loss=0.2031, epochs=10
    Client 6: loss=0.2052, epochs=10
    Client 1: loss=0.3575, epochs=10
    Client 5: loss=0.5448, epochs=10
    Client 7: loss=0.7729, epochs=10
  Round   8/50: Pooled Loss=0.3705, Pooled Mean=0.7606 (WT=0.8349 TC=0.6944 ET=0.7527) | C0 Mean=0.7528 | C1 Mean=0.7154 | C2 Mean=0.6284 | C3 Mean=0.7005 | C4 Mean=0.7026 | C5 Mean=0.4400 | C6 Mean=0.7420 | C7 Mean=0.2721 WorstC Mean=0.2721 [55.9s]
    Client 3: loss=0.1635, epochs=10
    Client 2: loss=0.1832, epochs=10
    Client 7: loss=0.7696, epochs=10
    Client 0: loss=0.1535, epochs=10
    Client 6: loss=0.1815, epochs=10
    Client 4: loss=0.2530, epochs=10
    Client 5: loss=0.5024, epochs=10
    Client 1: loss=0.3242, epochs=10
  Round   9/50: Pooled Loss=0.3557, Pooled Mean=0.7713 (WT=0.8436 TC=0.7160 ET=0.7542) | C0 Mean=0.7474 | C1 Mean=0.7312 | C2 Mean=0.6493 | C3 Mean=0.7192 | C4 Mean=0.7405 | C5 Mean=0.4498 | C6 Mean=0.7341 | C7 Mean=0.2960 WorstC Mean=0.2960 [56.1s]
    Client 4: loss=0.2314, epochs=10
    Client 7: loss=0.7496, epochs=10
    Client 6: loss=0.1655, epochs=10
    Client 5: loss=0.4555, epochs=10
    Client 1: loss=0.2871, epochs=10
    Client 3: loss=0.1491, epochs=10
    Client 2: loss=0.1748, epochs=10
    Client 0: loss=0.1413, epochs=10
  Round  10/50: Pooled Loss=0.3326, Pooled Mean=0.7906 (WT=0.8493 TC=0.7433 ET=0.7792) | C0 Mean=0.8062 | C1 Mean=0.7603 | C2 Mean=0.6364 | C3 Mean=0.7466 | C4 Mean=0.7702 | C5 Mean=0.4598 | C6 Mean=0.7944 | C7 Mean=0.3560 WorstC Mean=0.3560 [56.0s]
    Client 4: loss=0.2135, epochs=10
    Client 1: loss=0.2655, epochs=10
    Client 3: loss=0.1380, epochs=10
    Client 6: loss=0.1532, epochs=10
    Client 5: loss=0.4204, epochs=10
    Client 0: loss=0.1325, epochs=10
    Client 2: loss=0.1604, epochs=10
    Client 7: loss=0.7798, epochs=10
  Round  11/50: Pooled Loss=0.3194, Pooled Mean=0.8023 (WT=0.8610 TC=0.7587 ET=0.7873) | C0 Mean=0.8272 | C1 Mean=0.7734 | C2 Mean=0.6529 | C3 Mean=0.7547 | C4 Mean=0.7862 | C5 Mean=0.4607 | C6 Mean=0.8190 | C7 Mean=0.4041 WorstC Mean=0.4041 [55.7s]
    Client 2: loss=0.1521, epochs=10
    Client 7: loss=0.7264, epochs=10
    Client 6: loss=0.1421, epochs=10
    Client 1: loss=0.2443, epochs=10
    Client 3: loss=0.1306, epochs=10
    Client 0: loss=0.1236, epochs=10
    Client 5: loss=0.3890, epochs=10
    Client 4: loss=0.2021, epochs=10
  Round  12/50: Pooled Loss=0.3130, Pooled Mean=0.8079 (WT=0.8686 TC=0.7559 ET=0.7991) | C0 Mean=0.8362 | C1 Mean=0.7832 | C2 Mean=0.6906 | C3 Mean=0.7512 | C4 Mean=0.7940 | C5 Mean=0.4751 | C6 Mean=0.7901 | C7 Mean=0.4150 WorstC Mean=0.4150 [55.6s]
    Client 0: loss=0.1205, epochs=10
    Client 5: loss=0.3623, epochs=10
    Client 6: loss=0.1317, epochs=10
    Client 3: loss=0.1236, epochs=10
    Client 7: loss=0.6652, epochs=10
    Client 2: loss=0.1485, epochs=10
    Client 4: loss=0.1877, epochs=10
    Client 1: loss=0.2286, epochs=10
  Round  13/50: Pooled Loss=0.3096, Pooled Mean=0.8088 (WT=0.8641 TC=0.7652 ET=0.7972) | C0 Mean=0.8346 | C1 Mean=0.7908 | C2 Mean=0.6854 | C3 Mean=0.7637 | C4 Mean=0.8072 | C5 Mean=0.4725 | C6 Mean=0.8011 | C7 Mean=0.4328 WorstC Mean=0.4328 [86.9s]
    Client 7: loss=0.6551, epochs=10
    Client 2: loss=0.1339, epochs=10
    Client 4: loss=0.1804, epochs=10
    Client 6: loss=0.1350, epochs=10
    Client 1: loss=0.2163, epochs=10
    Client 3: loss=0.1174, epochs=10
    Client 0: loss=0.1125, epochs=10
    Client 5: loss=0.3523, epochs=10
  Round  14/50: Pooled Loss=0.3044, Pooled Mean=0.8105 (WT=0.8677 TC=0.7707 ET=0.7932) | C0 Mean=0.8452 | C1 Mean=0.7852 | C2 Mean=0.6854 | C3 Mean=0.7628 | C4 Mean=0.8110 | C5 Mean=0.4729 | C6 Mean=0.8110 | C7 Mean=0.4441 WorstC Mean=0.4441 [57.2s]
    Client 5: loss=0.3334, epochs=10
    Client 4: loss=0.1715, epochs=10
    Client 6: loss=0.1245, epochs=10
    Client 0: loss=0.1077, epochs=10
    Client 3: loss=0.1158, epochs=10
    Client 7: loss=0.6942, epochs=10
    Client 1: loss=0.2029, epochs=10
    Client 2: loss=0.1391, epochs=10
  Round  15/50: Pooled Loss=0.3087, Pooled Mean=0.8059 (WT=0.8689 TC=0.7692 ET=0.7794) | C0 Mean=0.8426 | C1 Mean=0.7870 | C2 Mean=0.7051 | C3 Mean=0.7566 | C4 Mean=0.8104 | C5 Mean=0.4803 | C6 Mean=0.8120 | C7 Mean=0.4702 WorstC Mean=0.4702 [55.8s]
    Client 7: loss=0.7279, epochs=10
    Client 2: loss=0.1276, epochs=10
    Client 3: loss=0.1099, epochs=10
    Client 0: loss=0.1061, epochs=10
    Client 6: loss=0.1234, epochs=10
    Client 5: loss=0.3162, epochs=10
    Client 4: loss=0.1647, epochs=10
    Client 1: loss=0.1964, epochs=10
  Round  16/50: Pooled Loss=0.3009, Pooled Mean=0.8136 (WT=0.8714 TC=0.7758 ET=0.7937) | C0 Mean=0.8525 | C1 Mean=0.7923 | C2 Mean=0.7161 | C3 Mean=0.7620 | C4 Mean=0.8174 | C5 Mean=0.4843 | C6 Mean=0.8137 | C7 Mean=0.4636 WorstC Mean=0.4636 [56.0s]
    Client 5: loss=0.3052, epochs=10
    Client 7: loss=0.6297, epochs=10
    Client 6: loss=0.1191, epochs=10
    Client 4: loss=0.1591, epochs=10
    Client 0: loss=0.1016, epochs=10
    Client 1: loss=0.1856, epochs=10
    Client 2: loss=0.1197, epochs=10
    Client 3: loss=0.1064, epochs=10
  Round  17/50: Pooled Loss=0.3035, Pooled Mean=0.8094 (WT=0.8718 TC=0.7731 ET=0.7833) | C0 Mean=0.8446 | C1 Mean=0.7875 | C2 Mean=0.7117 | C3 Mean=0.7578 | C4 Mean=0.8201 | C5 Mean=0.4882 | C6 Mean=0.8184 | C7 Mean=0.4738 WorstC Mean=0.4738 [56.0s]
    Client 3: loss=0.1035, epochs=10
    Client 1: loss=0.1834, epochs=10
    Client 0: loss=0.0994, epochs=10
    Client 2: loss=0.1152, epochs=10
    Client 4: loss=0.1530, epochs=10
    Client 5: loss=0.2986, epochs=10
    Client 6: loss=0.1216, epochs=10
    Client 7: loss=0.5932, epochs=10
  Round  18/50: Pooled Loss=0.3006, Pooled Mean=0.8119 (WT=0.8725 TC=0.7755 ET=0.7876) | C0 Mean=0.8458 | C1 Mean=0.7940 | C2 Mean=0.7095 | C3 Mean=0.7621 | C4 Mean=0.8192 | C5 Mean=0.4852 | C6 Mean=0.8081 | C7 Mean=0.4850 WorstC Mean=0.4850 [55.6s]
    Client 0: loss=0.0993, epochs=10
    Client 6: loss=0.1161, epochs=10
    Client 7: loss=0.5790, epochs=10
    Client 3: loss=0.1035, epochs=10
    Client 4: loss=0.1490, epochs=10
    Client 2: loss=0.1236, epochs=10
    Client 1: loss=0.1694, epochs=10
    Client 5: loss=0.2877, epochs=10
  Round  19/50: Pooled Loss=0.2966, Pooled Mean=0.8211 (WT=0.8729 TC=0.7783 ET=0.8122) | C0 Mean=0.8665 | C1 Mean=0.8068 | C2 Mean=0.6818 | C3 Mean=0.7537 | C4 Mean=0.8181 | C5 Mean=0.5156 | C6 Mean=0.8179 | C7 Mean=0.4835 WorstC Mean=0.4835 [55.6s]
    Client 5: loss=0.2792, epochs=10
    Client 1: loss=0.1634, epochs=10
    Client 6: loss=0.1128, epochs=10
    Client 3: loss=0.0997, epochs=10
    Client 7: loss=0.5680, epochs=10
    Client 4: loss=0.1433, epochs=10
    Client 0: loss=0.0970, epochs=10
    Client 2: loss=0.1125, epochs=10
  Round  20/50: Pooled Loss=0.2993, Pooled Mean=0.8145 (WT=0.8735 TC=0.7755 ET=0.7944) | C0 Mean=0.8424 | C1 Mean=0.8014 | C2 Mean=0.7255 | C3 Mean=0.7637 | C4 Mean=0.8259 | C5 Mean=0.4840 | C6 Mean=0.7928 | C7 Mean=0.5004 WorstC Mean=0.4840 [56.3s]
    Client 5: loss=0.2715, epochs=10
    Client 2: loss=0.1078, epochs=10
    Client 7: loss=0.6517, epochs=10
    Client 0: loss=0.0936, epochs=10
    Client 3: loss=0.0973, epochs=10
    Client 6: loss=0.1117, epochs=10
    Client 1: loss=0.1594, epochs=10
    Client 4: loss=0.1406, epochs=10
  Round  21/50: Pooled Loss=0.2980, Pooled Mean=0.8155 (WT=0.8730 TC=0.7788 ET=0.7946) | C0 Mean=0.8500 | C1 Mean=0.8075 | C2 Mean=0.7255 | C3 Mean=0.7621 | C4 Mean=0.8234 | C5 Mean=0.4872 | C6 Mean=0.8050 | C7 Mean=0.5081 WorstC Mean=0.4872 [56.0s]
    Client 6: loss=0.1074, epochs=10
    Client 7: loss=0.5472, epochs=10
    Client 1: loss=0.1567, epochs=10
    Client 0: loss=0.0942, epochs=10
    Client 4: loss=0.1337, epochs=10
    Client 5: loss=0.2577, epochs=10
    Client 3: loss=0.0967, epochs=10
    Client 2: loss=0.1137, epochs=10
  Round  22/50: Pooled Loss=0.2946, Pooled Mean=0.8186 (WT=0.8746 TC=0.7811 ET=0.8000) | C0 Mean=0.8495 | C1 Mean=0.8059 | C2 Mean=0.7274 | C3 Mean=0.7629 | C4 Mean=0.8248 | C5 Mean=0.4971 | C6 Mean=0.7943 | C7 Mean=0.5112 WorstC Mean=0.4971 [55.9s]
    Client 7: loss=0.6284, epochs=10
    Client 3: loss=0.1010, epochs=10
    Client 0: loss=0.0892, epochs=10
    Client 4: loss=0.1310, epochs=10
    Client 2: loss=0.1036, epochs=10
    Client 5: loss=0.2478, epochs=10
    Client 6: loss=0.1132, epochs=10
    Client 1: loss=0.1433, epochs=10
  Round  23/50: Pooled Loss=0.2952, Pooled Mean=0.8196 (WT=0.8734 TC=0.7857 ET=0.7996) | C0 Mean=0.8545 | C1 Mean=0.8061 | C2 Mean=0.7290 | C3 Mean=0.7636 | C4 Mean=0.8237 | C5 Mean=0.5055 | C6 Mean=0.8103 | C7 Mean=0.5188 WorstC Mean=0.5055 [56.2s]
    Client 6: loss=0.1078, epochs=10
    Client 0: loss=0.0886, epochs=10
    Client 1: loss=0.1489, epochs=10
    Client 3: loss=0.0911, epochs=10
    Client 7: loss=0.5828, epochs=10
    Client 2: loss=0.0976, epochs=10
    Client 5: loss=0.2453, epochs=10
    Client 4: loss=0.1259, epochs=10
  Round  24/50: Pooled Loss=0.2950, Pooled Mean=0.8173 (WT=0.8766 TC=0.7844 ET=0.7909) | C0 Mean=0.8534 | C1 Mean=0.8034 | C2 Mean=0.7215 | C3 Mean=0.7561 | C4 Mean=0.8227 | C5 Mean=0.4993 | C6 Mean=0.8073 | C7 Mean=0.5145 WorstC Mean=0.4993 [55.8s]
    Client 4: loss=0.1209, epochs=10
    Client 0: loss=0.0874, epochs=10
    Client 7: loss=0.4962, epochs=10
    Client 1: loss=0.1350, epochs=10
    Client 6: loss=0.1085, epochs=10
    Client 3: loss=0.0908, epochs=10
    Client 5: loss=0.2356, epochs=10
    Client 2: loss=0.0959, epochs=10
  Round  25/50: Pooled Loss=0.2964, Pooled Mean=0.8168 (WT=0.8744 TC=0.7825 ET=0.7936) | C0 Mean=0.8429 | C1 Mean=0.8056 | C2 Mean=0.7360 | C3 Mean=0.7647 | C4 Mean=0.8300 | C5 Mean=0.4902 | C6 Mean=0.8066 | C7 Mean=0.5178 WorstC Mean=0.4902 [56.2s]
    Client 1: loss=0.1363, epochs=10
    Client 4: loss=0.1183, epochs=10
    Client 0: loss=0.0852, epochs=10
    Client 2: loss=0.0962, epochs=10
    Client 3: loss=0.0985, epochs=10
    Client 7: loss=0.5200, epochs=10
    Client 6: loss=0.1003, epochs=10
    Client 5: loss=0.2273, epochs=10
  Round  26/50: Pooled Loss=0.2972, Pooled Mean=0.8150 (WT=0.8757 TC=0.7818 ET=0.7876) | C0 Mean=0.8462 | C1 Mean=0.8030 | C2 Mean=0.7410 | C3 Mean=0.7607 | C4 Mean=0.8270 | C5 Mean=0.4887 | C6 Mean=0.8062 | C7 Mean=0.5179 WorstC Mean=0.4887 [56.8s]
    Client 0: loss=0.0843, epochs=10
    Client 1: loss=0.1241, epochs=10
    Client 7: loss=0.4425, epochs=10
    Client 4: loss=0.1127, epochs=10
    Client 3: loss=0.0873, epochs=10
    Client 2: loss=0.0906, epochs=10
    Client 6: loss=0.1032, epochs=10
    Client 5: loss=0.2236, epochs=10
  Round  27/50: Pooled Loss=0.2982, Pooled Mean=0.8155 (WT=0.8765 TC=0.7803 ET=0.7898) | C0 Mean=0.8436 | C1 Mean=0.8044 | C2 Mean=0.7457 | C3 Mean=0.7655 | C4 Mean=0.8319 | C5 Mean=0.4899 | C6 Mean=0.8049 | C7 Mean=0.5293 WorstC Mean=0.4899 [55.8s]
    Client 6: loss=0.0988, epochs=10
    Client 0: loss=0.0822, epochs=10
    Client 3: loss=0.0854, epochs=10
    Client 1: loss=0.1248, epochs=10
    Client 2: loss=0.0907, epochs=10
    Client 4: loss=0.1090, epochs=10
    Client 5: loss=0.2150, epochs=10
    Client 7: loss=0.8024, epochs=10
  Round  28/50: Pooled Loss=0.2954, Pooled Mean=0.8221 (WT=0.8737 TC=0.7882 ET=0.8043) | C0 Mean=0.8528 | C1 Mean=0.8111 | C2 Mean=0.7314 | C3 Mean=0.7581 | C4 Mean=0.8282 | C5 Mean=0.5180 | C6 Mean=0.7938 | C7 Mean=0.5286 WorstC Mean=0.5180 [56.2s]
    Client 3: loss=0.0832, epochs=10
    Client 7: loss=0.5339, epochs=10
    Client 2: loss=0.0901, epochs=10
    Client 6: loss=0.1043, epochs=10
    Client 0: loss=0.0809, epochs=10
    Client 1: loss=0.1159, epochs=10
    Client 4: loss=0.1052, epochs=10
    Client 5: loss=0.2101, epochs=10
  Round  29/50: Pooled Loss=0.3018, Pooled Mean=0.8111 (WT=0.8763 TC=0.7808 ET=0.7761) | C0 Mean=0.8388 | C1 Mean=0.7973 | C2 Mean=0.7442 | C3 Mean=0.7663 | C4 Mean=0.8302 | C5 Mean=0.4911 | C6 Mean=0.7864 | C7 Mean=0.5354 WorstC Mean=0.4911 [56.1s]
    Client 7: loss=0.4697, epochs=10
    Client 2: loss=0.0880, epochs=10
    Client 5: loss=0.2126, epochs=10
    Client 1: loss=0.1160, epochs=10
    Client 6: loss=0.0962, epochs=10
    Client 4: loss=0.1034, epochs=10
    Client 3: loss=0.0813, epochs=10
    Client 0: loss=0.0808, epochs=10
  Round  30/50: Pooled Loss=0.3032, Pooled Mean=0.8104 (WT=0.8729 TC=0.7796 ET=0.7786) | C0 Mean=0.8349 | C1 Mean=0.7982 | C2 Mean=0.7544 | C3 Mean=0.7619 | C4 Mean=0.8262 | C5 Mean=0.4880 | C6 Mean=0.7968 | C7 Mean=0.5381 WorstC Mean=0.4880 [56.3s]
    Client 6: loss=0.0976, epochs=10
    Client 5: loss=0.1984, epochs=10
    Client 3: loss=0.0848, epochs=10
    Client 0: loss=0.0786, epochs=10
    Client 2: loss=0.0879, epochs=10
    Client 1: loss=0.1093, epochs=10
    Client 4: loss=0.0988, epochs=10
    Client 7: loss=0.4713, epochs=10
  Round  31/50: Pooled Loss=0.2950, Pooled Mean=0.8183 (WT=0.8750 TC=0.7854 ET=0.7945) | C0 Mean=0.8489 | C1 Mean=0.8114 | C2 Mean=0.7508 | C3 Mean=0.7713 | C4 Mean=0.8342 | C5 Mean=0.4874 | C6 Mean=0.7986 | C7 Mean=0.5439 WorstC Mean=0.4874 [56.1s]
    Client 7: loss=0.4403, epochs=10
    Client 6: loss=0.0963, epochs=10
    Client 1: loss=0.1134, epochs=10
    Client 4: loss=0.0965, epochs=10
    Client 2: loss=0.0835, epochs=10
    Client 3: loss=0.0813, epochs=10
    Client 0: loss=0.0779, epochs=10
    Client 5: loss=0.1862, epochs=10
  Round  32/50: Pooled Loss=0.2976, Pooled Mean=0.8179 (WT=0.8737 TC=0.7855 ET=0.7945) | C0 Mean=0.8437 | C1 Mean=0.8096 | C2 Mean=0.7483 | C3 Mean=0.7692 | C4 Mean=0.8320 | C5 Mean=0.5001 | C6 Mean=0.7956 | C7 Mean=0.5393 WorstC Mean=0.5001 [56.3s]
    Client 0: loss=0.0779, epochs=10
    Client 4: loss=0.0939, epochs=10
    Client 2: loss=0.0850, epochs=10
    Client 3: loss=0.0798, epochs=10
    Client 1: loss=0.1172, epochs=10
    Client 6: loss=0.0927, epochs=10
    Client 7: loss=0.6996, epochs=10
    Client 5: loss=0.1865, epochs=10
  Round  33/50: Pooled Loss=0.2977, Pooled Mean=0.8196 (WT=0.8747 TC=0.7875 ET=0.7967) | C0 Mean=0.8447 | C1 Mean=0.8141 | C2 Mean=0.7647 | C3 Mean=0.7677 | C4 Mean=0.8298 | C5 Mean=0.5188 | C6 Mean=0.7978 | C7 Mean=0.5413 WorstC Mean=0.5188 [55.9s]
    Client 2: loss=0.0806, epochs=10
    Client 3: loss=0.0771, epochs=10
    Client 4: loss=0.0919, epochs=10
    Client 1: loss=0.1049, epochs=10
    Client 7: loss=0.4740, epochs=10
    Client 0: loss=0.0748, epochs=10
    Client 6: loss=0.0945, epochs=10
    Client 5: loss=0.1797, epochs=10
  Round  34/50: Pooled Loss=0.2947, Pooled Mean=0.8200 (WT=0.8782 TC=0.7904 ET=0.7912) | C0 Mean=0.8491 | C1 Mean=0.8120 | C2 Mean=0.7464 | C3 Mean=0.7640 | C4 Mean=0.8280 | C5 Mean=0.5150 | C6 Mean=0.7938 | C7 Mean=0.5456 WorstC Mean=0.5150 [56.4s]
    Client 7: loss=0.4291, epochs=10
    Client 3: loss=0.0778, epochs=10
    Client 0: loss=0.0762, epochs=10
    Client 4: loss=0.0899, epochs=10
    Client 5: loss=0.1771, epochs=10
    Client 1: loss=0.1053, epochs=10
    Client 6: loss=0.0956, epochs=10
    Client 2: loss=0.0791, epochs=10
  Round  35/50: Pooled Loss=0.2986, Pooled Mean=0.8162 (WT=0.8741 TC=0.7852 ET=0.7892) | C0 Mean=0.8381 | C1 Mean=0.8075 | C2 Mean=0.7581 | C3 Mean=0.7697 | C4 Mean=0.8330 | C5 Mean=0.5081 | C6 Mean=0.8017 | C7 Mean=0.5555 WorstC Mean=0.5081 [56.2s]
    Client 3: loss=0.0736, epochs=10
    Client 7: loss=0.4372, epochs=10
    Client 1: loss=0.1002, epochs=10
    Client 4: loss=0.0863, epochs=10
    Client 5: loss=0.1687, epochs=10
    Client 2: loss=0.0788, epochs=10
    Client 0: loss=0.0726, epochs=10
    Client 6: loss=0.0899, epochs=10
  Round  36/50: Pooled Loss=0.2964, Pooled Mean=0.8168 (WT=0.8774 TC=0.7876 ET=0.7853) | C0 Mean=0.8392 | C1 Mean=0.8032 | C2 Mean=0.7542 | C3 Mean=0.7651 | C4 Mean=0.8284 | C5 Mean=0.5061 | C6 Mean=0.7942 | C7 Mean=0.5546 WorstC Mean=0.5061 [56.3s]
    Client 1: loss=0.0983, epochs=10
    Client 2: loss=0.0776, epochs=10
    Client 3: loss=0.0751, epochs=10
    Client 5: loss=0.1670, epochs=10
    Client 6: loss=0.0880, epochs=10
    Client 7: loss=0.4268, epochs=10
    Client 4: loss=0.0845, epochs=10
    Client 0: loss=0.0717, epochs=10
  Round  37/50: Pooled Loss=0.2971, Pooled Mean=0.8168 (WT=0.8761 TC=0.7860 ET=0.7882) | C0 Mean=0.8391 | C1 Mean=0.8063 | C2 Mean=0.7636 | C3 Mean=0.7688 | C4 Mean=0.8333 | C5 Mean=0.5028 | C6 Mean=0.7971 | C7 Mean=0.5539 WorstC Mean=0.5028 [56.2s]
    Client 2: loss=0.0738, epochs=10
    Client 7: loss=0.4964, epochs=10
    Client 5: loss=0.1702, epochs=10
    Client 0: loss=0.0721, epochs=10
    Client 6: loss=0.0904, epochs=10
    Client 3: loss=0.0741, epochs=10
    Client 1: loss=0.1000, epochs=10
    Client 4: loss=0.0827, epochs=10
  Round  38/50: Pooled Loss=0.2997, Pooled Mean=0.8160 (WT=0.8752 TC=0.7864 ET=0.7862) | C0 Mean=0.8328 | C1 Mean=0.8087 | C2 Mean=0.7647 | C3 Mean=0.7603 | C4 Mean=0.8295 | C5 Mean=0.5131 | C6 Mean=0.7906 | C7 Mean=0.5679 WorstC Mean=0.5131 [57.0s]
    Client 6: loss=0.0957, epochs=10
    Client 3: loss=0.0712, epochs=10
    Client 0: loss=0.0709, epochs=10
    Client 7: loss=0.4064, epochs=10
    Client 5: loss=0.1545, epochs=10
    Client 2: loss=0.0734, epochs=10
    Client 1: loss=0.0946, epochs=10
    Client 4: loss=0.0798, epochs=10
  Round  39/50: Pooled Loss=0.2978, Pooled Mean=0.8163 (WT=0.8751 TC=0.7873 ET=0.7864) | C0 Mean=0.8365 | C1 Mean=0.8112 | C2 Mean=0.7621 | C3 Mean=0.7688 | C4 Mean=0.8311 | C5 Mean=0.5077 | C6 Mean=0.7961 | C7 Mean=0.5696 WorstC Mean=0.5077 [56.4s]
    Client 5: loss=0.1605, epochs=10
    Client 0: loss=0.0705, epochs=10
    Client 1: loss=0.0891, epochs=10
    Client 3: loss=0.0807, epochs=10
    Client 6: loss=0.0921, epochs=10
    Client 2: loss=0.0746, epochs=10
    Client 4: loss=0.0778, epochs=10
    Client 7: loss=0.5632, epochs=10
  Round  40/50: Pooled Loss=0.2967, Pooled Mean=0.8166 (WT=0.8758 TC=0.7872 ET=0.7869) | C0 Mean=0.8369 | C1 Mean=0.8161 | C2 Mean=0.7717 | C3 Mean=0.7711 | C4 Mean=0.8337 | C5 Mean=0.5028 | C6 Mean=0.7981 | C7 Mean=0.5576 WorstC Mean=0.5028 [56.0s]
    Client 4: loss=0.0771, epochs=10
    Client 1: loss=0.0923, epochs=10
    Client 3: loss=0.0700, epochs=10
    Client 0: loss=0.0691, epochs=10
    Client 5: loss=0.1561, epochs=10
    Client 6: loss=0.0879, epochs=10
    Client 7: loss=0.3725, epochs=10
    Client 2: loss=0.0721, epochs=10
  Round  41/50: Pooled Loss=0.3005, Pooled Mean=0.8131 (WT=0.8762 TC=0.7870 ET=0.7762) | C0 Mean=0.8337 | C1 Mean=0.8038 | C2 Mean=0.7597 | C3 Mean=0.7672 | C4 Mean=0.8270 | C5 Mean=0.5025 | C6 Mean=0.7952 | C7 Mean=0.5675 WorstC Mean=0.5025 [55.9s]
    Client 0: loss=0.0687, epochs=10
    Client 3: loss=0.0948, epochs=10
    Client 4: loss=0.0759, epochs=10
    Client 6: loss=0.0920, epochs=10
    Client 5: loss=0.1476, epochs=10
    Client 1: loss=0.0878, epochs=10
    Client 2: loss=0.0753, epochs=10
    Client 7: loss=0.5393, epochs=10
  Round  42/50: Pooled Loss=0.2990, Pooled Mean=0.8156 (WT=0.8741 TC=0.7842 ET=0.7886) | C0 Mean=0.8282 | C1 Mean=0.8098 | C2 Mean=0.7749 | C3 Mean=0.7719 | C4 Mean=0.8328 | C5 Mean=0.5057 | C6 Mean=0.7977 | C7 Mean=0.5504 WorstC Mean=0.5057 [56.0s]
    Client 1: loss=0.0873, epochs=10
    Client 4: loss=0.0756, epochs=10
    Client 6: loss=0.0893, epochs=10
    Client 7: loss=0.3924, epochs=10
    Client 2: loss=0.0692, epochs=10
    Client 5: loss=0.1463, epochs=10
    Client 0: loss=0.0694, epochs=10
    Client 3: loss=0.0694, epochs=10
  Round  43/50: Pooled Loss=0.2980, Pooled Mean=0.8160 (WT=0.8758 TC=0.7883 ET=0.7840) | C0 Mean=0.8316 | C1 Mean=0.8056 | C2 Mean=0.7682 | C3 Mean=0.7688 | C4 Mean=0.8308 | C5 Mean=0.5095 | C6 Mean=0.7970 | C7 Mean=0.5680 WorstC Mean=0.5095 [56.4s]
    Client 4: loss=0.0749, epochs=10
    Client 1: loss=0.0861, epochs=10
    Client 6: loss=0.0877, epochs=10
    Client 3: loss=0.0757, epochs=10
    Client 5: loss=0.1438, epochs=10
    Client 7: loss=0.5000, epochs=10
    Client 0: loss=0.0676, epochs=10
    Client 2: loss=0.0711, epochs=10
  Round  44/50: Pooled Loss=0.3000, Pooled Mean=0.8117 (WT=0.8737 TC=0.7876 ET=0.7737) | C0 Mean=0.8196 | C1 Mean=0.7962 | C2 Mean=0.7649 | C3 Mean=0.7766 | C4 Mean=0.8261 | C5 Mean=0.4885 | C6 Mean=0.7957 | C7 Mean=0.5563 WorstC Mean=0.4885 [56.1s]
    Client 7: loss=0.3705, epochs=10
    Client 1: loss=0.0874, epochs=10
    Client 5: loss=0.1392, epochs=10
    Client 4: loss=0.0720, epochs=10
    Client 0: loss=0.0653, epochs=10
    Client 6: loss=0.0889, epochs=10
    Client 2: loss=0.0705, epochs=10
    Client 3: loss=0.0684, epochs=10
  Round  45/50: Pooled Loss=0.3000, Pooled Mean=0.8129 (WT=0.8739 TC=0.7832 ET=0.7817) | C0 Mean=0.8249 | C1 Mean=0.8041 | C2 Mean=0.7770 | C3 Mean=0.7787 | C4 Mean=0.8325 | C5 Mean=0.5042 | C6 Mean=0.8035 | C7 Mean=0.5703 WorstC Mean=0.5042 [55.7s]
    Client 1: loss=0.0900, epochs=10
    Client 7: loss=0.4780, epochs=10
    Client 4: loss=0.0702, epochs=10
    Client 0: loss=0.0650, epochs=10
    Client 2: loss=0.0670, epochs=10
    Client 6: loss=0.0882, epochs=10
    Client 3: loss=0.0686, epochs=10
    Client 5: loss=0.1338, epochs=10
  Round  46/50: Pooled Loss=0.3048, Pooled Mean=0.8097 (WT=0.8771 TC=0.7865 ET=0.7654) | C0 Mean=0.8252 | C1 Mean=0.7983 | C2 Mean=0.7569 | C3 Mean=0.7662 | C4 Mean=0.8260 | C5 Mean=0.5141 | C6 Mean=0.7973 | C7 Mean=0.5797 WorstC Mean=0.5141 [55.8s]
    Client 2: loss=0.0701, epochs=10
    Client 4: loss=0.0717, epochs=10
    Client 7: loss=0.4197, epochs=10
    Client 6: loss=0.0845, epochs=10
    Client 1: loss=0.0892, epochs=10
    Client 3: loss=0.0704, epochs=10
    Client 5: loss=0.1353, epochs=10
    Client 0: loss=0.0701, epochs=10
  Round  47/50: Pooled Loss=0.2966, Pooled Mean=0.8182 (WT=0.8788 TC=0.7907 ET=0.7852) | C0 Mean=0.8310 | C1 Mean=0.8091 | C2 Mean=0.7640 | C3 Mean=0.7651 | C4 Mean=0.8288 | C5 Mean=0.5274 | C6 Mean=0.7960 | C7 Mean=0.5688 WorstC Mean=0.5274 [56.3s]
    Client 6: loss=0.0875, epochs=10
    Client 5: loss=0.1287, epochs=10
    Client 1: loss=0.0825, epochs=10
    Client 0: loss=0.0643, epochs=10
    Client 2: loss=0.0674, epochs=10
    Client 4: loss=0.0700, epochs=10
    Client 7: loss=0.3682, epochs=10
    Client 3: loss=0.0666, epochs=10
  Round  48/50: Pooled Loss=0.2987, Pooled Mean=0.8153 (WT=0.8761 TC=0.7890 ET=0.7806) | C0 Mean=0.8280 | C1 Mean=0.8070 | C2 Mean=0.7693 | C3 Mean=0.7679 | C4 Mean=0.8286 | C5 Mean=0.5171 | C6 Mean=0.8043 | C7 Mean=0.5705 WorstC Mean=0.5171 [56.1s]
    Client 1: loss=0.0796, epochs=10
    Client 4: loss=0.0687, epochs=10
    Client 7: loss=0.4359, epochs=10
    Client 6: loss=0.0837, epochs=10
    Client 0: loss=0.0637, epochs=10
    Client 5: loss=0.1343, epochs=10
    Client 3: loss=0.0690, epochs=10
    Client 2: loss=0.0670, epochs=10
  Round  49/50: Pooled Loss=0.3058, Pooled Mean=0.8088 (WT=0.8742 TC=0.7825 ET=0.7698) | C0 Mean=0.8189 | C1 Mean=0.7957 | C2 Mean=0.7700 | C3 Mean=0.7664 | C4 Mean=0.8269 | C5 Mean=0.5103 | C6 Mean=0.7994 | C7 Mean=0.5712 WorstC Mean=0.5103 [57.3s]
    Client 1: loss=0.0782, epochs=10
    Client 7: loss=0.4238, epochs=10
    Client 5: loss=0.1273, epochs=10
    Client 6: loss=0.0868, epochs=10
    Client 3: loss=0.0639, epochs=10
    Client 0: loss=0.0651, epochs=10
    Client 4: loss=0.0664, epochs=10
    Client 2: loss=0.0657, epochs=10
  Round  50/50: Pooled Loss=0.2980, Pooled Mean=0.8157 (WT=0.8748 TC=0.7894 ET=0.7830) | C0 Mean=0.8274 | C1 Mean=0.8089 | C2 Mean=0.7779 | C3 Mean=0.7712 | C4 Mean=0.8301 | C5 Mean=0.5250 | C6 Mean=0.8014 | C7 Mean=0.5711 WorstC Mean=0.5250 [55.8s]

============================================================
RESULTS SUMMARY
============================================================
Strategy:            FEDPROX (mu=0.1)
Global MeanPresent:  0.8157 (best=0.8221)
Global WT:           0.8748
Global TC:           0.7894
Global ET:           0.7830
Worst-client Mean:   0.5250
Client 0 MeanPresent: 0.8274 (best=0.8665)
Client 1 MeanPresent: 0.8089 (best=0.8161)
Client 2 MeanPresent: 0.7779 (best=0.7779)
Client 3 MeanPresent: 0.7712 (best=0.7787)
Client 4 MeanPresent: 0.8301 (best=0.8342)
Client 5 MeanPresent: 0.5250 (best=0.5274)
Client 6 MeanPresent: 0.8014 (best=0.8190)
Client 7 MeanPresent: 0.5711 (best=0.5797)
Convergence 50%:     round 2
Convergence 60%:     round 2
Convergence 70%:     round 7
Total Time:          2839.83s (47.3min)
============================================================

Results saved to: /home/bk489/federated/federated-thesis/results/brats/fedprox_brats_r50_mu0.1_20260211_120609_results.json

>>> FEDPROX done.

All done. Results in: /home/bk489/federated/federated-thesis/results/brats
