==============================================
BraTS 2D Federated Learning
Job ID:       22460781
Node(s):      gpu-q-15
Workdir:      /home/bk489/federated/federated-thesis
Script:       /home/bk489/federated/federated-thesis/experiments/brats/brats_n_clients.py
Partition dir:/home/bk489/federated/federated-thesis/data/partitions/brats2d_8client_noisy_heavy/client_data
Global test:  /home/bk489/federated/federated-thesis/data/partitions/brats2d_8client_noisy_heavy/global_test
Results dir:  /home/bk489/federated/federated-thesis/results/brats
Strategy:     both (mu=0.1)
Model:        UNet2D base=16
Fraction:     1.0 | DropPercent: 0.0
Rounds:       30 | LocalEpochs: 50
Batch:        4 | LR: 0.01 | Seed: 42
WeightDecay:  0.0 | NumWorkers: 2
Python:       /home/bk489/.conda/envs/fed/bin/python
Python 3.9.16 | packaged by conda-forge | (main, Feb  1 2023, 21:39:03) 
[GCC 11.3.0]
PyTorch 2.8.0+cu128 CUDA: 12.8 CUDA available: True Device count: 1
Tue Feb 10 17:25:30 2026       
+-----------------------------------------------------------------------------------------+
| NVIDIA-SMI 570.195.03             Driver Version: 570.195.03     CUDA Version: 12.8     |
|-----------------------------------------+------------------------+----------------------+
| GPU  Name                 Persistence-M | Bus-Id          Disp.A | Volatile Uncorr. ECC |
| Fan  Temp   Perf          Pwr:Usage/Cap |           Memory-Usage | GPU-Util  Compute M. |
|                                         |                        |               MIG M. |
|=========================================+========================+======================|
|   0  NVIDIA A100-SXM4-80GB          On  |   00000000:81:00.0 Off |                    0 |
| N/A   34C    P0             65W /  500W |       0MiB /  81920MiB |      0%      Default |
|                                         |                        |             Disabled |
+-----------------------------------------+------------------------+----------------------+
                                                                                         
+-----------------------------------------------------------------------------------------+
| Processes:                                                                              |
|  GPU   GI   CI              PID   Type   Process name                        GPU Memory |
|        ID   ID                                                               Usage      |
|=========================================================================================|
|  No running processes found                                                             |
+-----------------------------------------------------------------------------------------+
==============================================

>>> Running FEDAVG (mu=0.0) ...

Using global_test_dir: /home/bk489/federated/federated-thesis/data/partitions/brats2d_8client_noisy_heavy/global_test (108 files)

============================================================
Federated Learning -- FEDAVG
============================================================
Model:          UNet2D (base=16, 482,915 params)
Input channels: 4
Clients:        8
Rounds:         30
Local epochs:   50
Batch size:     4
Learning rate:  0.01
Weight decay:   0.0
Fraction fit:   1.0
Drop percent:   0.0
Device:         cuda
Partition dir:  /home/bk489/federated/federated-thesis/data/partitions/brats2d_8client_noisy_heavy/client_data
============================================================

Client data distribution:
  client_0: train=6  test=3
  client_1: train=90  test=12
  client_2: train=141  test=18
  client_3: train=18  test=3
  client_4: train=159  test=18
  client_5: train=90  test=12
  client_6: train=132  test=15
  client_7: train=159  test=21

    Client 5: loss=0.8185, epochs=50
    Client 1: loss=0.8284, epochs=50
