==============================================
BraTS 2D Federated Learning
Job ID:       22453073
Node(s):      gpu-q-33
Workdir:      /home/bk489/federated/federated-thesis
Script:       /home/bk489/federated/federated-thesis/experiments/brats/brats_n_clients.py
Partition dir:/home/bk489/federated/federated-thesis/data/partitions/brats2d_8client_noisy_heavy/client_data
Global test:  <per-client test pooled>
Results dir:  /home/bk489/federated/federated-thesis/results/brats
Strategy:     both (mu=0.1)
Model:        UNet2D base=16
Fraction:     0.75 | DropPercent: 0.5
Rounds:       30 | LocalEpochs: 20
Batch:        4 | LR: 0.01 | Seed: 42
WeightDecay:  0.0 | NumWorkers: 2
Python:       /home/bk489/.conda/envs/fed/bin/python
Python 3.9.16 | packaged by conda-forge | (main, Feb  1 2023, 21:39:03) 
[GCC 11.3.0]
PyTorch 2.8.0+cu128 CUDA: 12.8 CUDA available: True Device count: 1
Tue Feb 10 15:38:26 2026       
+-----------------------------------------------------------------------------------------+
| NVIDIA-SMI 570.195.03             Driver Version: 570.195.03     CUDA Version: 12.8     |
|-----------------------------------------+------------------------+----------------------+
| GPU  Name                 Persistence-M | Bus-Id          Disp.A | Volatile Uncorr. ECC |
| Fan  Temp   Perf          Pwr:Usage/Cap |           Memory-Usage | GPU-Util  Compute M. |
|                                         |                        |               MIG M. |
|=========================================+========================+======================|
|   0  NVIDIA A100-SXM4-80GB          On  |   00000000:81:00.0 Off |                    0 |
| N/A   39C    P0             68W /  500W |       0MiB /  81920MiB |      0%      Default |
|                                         |                        |             Disabled |
+-----------------------------------------+------------------------+----------------------+
                                                                                         
+-----------------------------------------------------------------------------------------+
| Processes:                                                                              |
|  GPU   GI   CI              PID   Type   Process name                        GPU Memory |
|        ID   ID                                                               Usage      |
|=========================================================================================|
|  No running processes found                                                             |
+-----------------------------------------------------------------------------------------+
==============================================

>>> Running FEDAVG (mu=0.0) ...


============================================================
Federated Learning -- FEDAVG
============================================================
Model:          UNet2D (base=16, 482,915 params)
Input channels: 4
Clients:        8
Rounds:         30
Local epochs:   20
Batch size:     4
Learning rate:  0.01
Weight decay:   0.0
Fraction fit:   0.75
Drop percent:   0.5
Device:         cuda
Partition dir:  /home/bk489/federated/federated-thesis/data/partitions/brats2d_8client_noisy_heavy/client_data
============================================================

Client data distribution:
  client_0: train=6  test=3
  client_1: train=90  test=12
  client_2: train=141  test=18
  client_3: train=18  test=3
  client_4: train=159  test=18
  client_5: train=90  test=12
  client_6: train=132  test=15
  client_7: train=159  test=21

    Client 1: loss=1.4170, epochs=6 [straggler, 6 ep]
    Client 4: loss=0.9755, epochs=20
    Client 0: loss=1.5418, epochs=20
    Client 7: loss=1.1484, epochs=20
    Client 6: loss=1.3444, epochs=8 [straggler, 8 ep]
    Client 2: loss=1.1444, epochs=13 [straggler, 13 ep]
  Round   1/30: Pooled Loss=0.9603, Pooled Mean=0.5859 (WT=0.7498 TC=0.5246 ET=0.4832) | C0 Mean=0.2716 | C1 Mean=0.6945 | C2 Mean=0.6500 | C3 Mean=0.4894 | C4 Mean=0.6894 | C5 Mean=0.6845 | C6 Mean=0.6420 | C7 Mean=0.4196 [51.5s]
    Client 1: loss=0.8050, epochs=8 [straggler, 8 ep]
    Client 0: loss=0.9316, epochs=20
    Client 3: loss=0.9508, epochs=20
    Client 4: loss=0.6148, epochs=13 [straggler, 13 ep]
    Client 6: loss=0.6734, epochs=20
    Client 2: loss=0.6506, epochs=14 [straggler, 14 ep]
  Round   2/30: Pooled Loss=0.5494, Pooled Mean=0.6807 (WT=0.8104 TC=0.6380 ET=0.5938) | C0 Mean=0.5333 | C1 Mean=0.7936 | C2 Mean=0.7916 | C3 Mean=0.6281 | C4 Mean=0.8284 | C5 Mean=0.8110 | C6 Mean=0.7281 | C7 Mean=0.4486 [26.9s]
    Client 5: loss=0.3346, epochs=20
    Client 2: loss=0.3205, epochs=20
    Client 3: loss=0.5345, epochs=6 [straggler, 6 ep]
    Client 4: loss=0.3615, epochs=8 [straggler, 8 ep]
    Client 7: loss=0.6959, epochs=11 [straggler, 11 ep]
    Client 6: loss=0.3774, epochs=20
  Round   3/30: Pooled Loss=0.4244, Pooled Mean=0.7017 (WT=0.8112 TC=0.6562 ET=0.6376) | C0 Mean=0.5483 | C1 Mean=0.8195 | C2 Mean=0.8239 | C3 Mean=0.4641 | C4 Mean=0.8273 | C5 Mean=0.7968 | C6 Mean=0.7989 | C7 Mean=0.4632 [34.2s]
    Client 6: loss=0.3263, epochs=5 [straggler, 5 ep]
    Client 2: loss=0.2215, epochs=20
    Client 4: loss=0.2030, epochs=20
    Client 1: loss=0.2690, epochs=10 [straggler, 10 ep]
    Client 0: loss=0.3020, epochs=20
    Client 3: loss=0.2938, epochs=9 [straggler, 9 ep]
  Round   4/30: Pooled Loss=0.3446, Pooled Mean=0.7343 (WT=0.8355 TC=0.7001 ET=0.6673) | C0 Mean=0.6002 | C1 Mean=0.8601 | C2 Mean=0.8765 | C3 Mean=0.6718 | C4 Mean=0.8769 | C5 Mean=0.8424 | C6 Mean=0.8724 | C7 Mean=0.4582 [26.5s]
    Client 2: loss=0.1790, epochs=20
    Client 5: loss=0.2149, epochs=3 [straggler, 3 ep]
    Client 4: loss=0.1535, epochs=20
    Client 3: loss=0.2012, epochs=20
    Client 7: loss=0.5793, epochs=10 [straggler, 10 ep]
    Client 0: loss=0.1766, epochs=9 [straggler, 9 ep]
  Round   5/30: Pooled Loss=0.3432, Pooled Mean=0.7448 (WT=0.8393 TC=0.6967 ET=0.6984) | C0 Mean=0.6117 | C1 Mean=0.8389 | C2 Mean=0.8402 | C3 Mean=0.5820 | C4 Mean=0.8553 | C5 Mean=0.8331 | C6 Mean=0.8519 | C7 Mean=0.5159 [29.4s]
    Client 7: loss=0.4276, epochs=20
    Client 2: loss=0.1433, epochs=20
    Client 1: loss=0.1524, epochs=20
    Client 4: loss=0.1337, epochs=15 [straggler, 15 ep]
    Client 3: loss=0.1772, epochs=15 [straggler, 15 ep]
    Client 0: loss=0.1428, epochs=16 [straggler, 16 ep]
  Round   6/30: Pooled Loss=0.3325, Pooled Mean=0.7520 (WT=0.8407 TC=0.7066 ET=0.7086) | C0 Mean=0.6048 | C1 Mean=0.8345 | C2 Mean=0.8407 | C3 Mean=0.6114 | C4 Mean=0.8810 | C5 Mean=0.8299 | C6 Mean=0.8525 | C7 Mean=0.5143 [39.9s]
    Client 0: loss=0.2456, epochs=1 [straggler, 1 ep]
    Client 4: loss=0.1106, epochs=20
    Client 1: loss=0.1437, epochs=10 [straggler, 10 ep]
    Client 6: loss=0.1624, epochs=20
    Client 7: loss=0.5034, epochs=4 [straggler, 4 ep]
    Client 3: loss=0.1351, epochs=20
  Round   7/30: Pooled Loss=0.3209, Pooled Mean=0.7560 (WT=0.8456 TC=0.7110 ET=0.7115) | C0 Mean=0.6105 | C1 Mean=0.8562 | C2 Mean=0.8498 | C3 Mean=0.5785 | C4 Mean=0.8746 | C5 Mean=0.8265 | C6 Mean=0.8593 | C7 Mean=0.4985 [25.8s]
    Client 7: loss=0.5877, epochs=1 [straggler, 1 ep]
    Client 4: loss=0.0996, epochs=20
    Client 2: loss=0.1328, epochs=8 [straggler, 8 ep]
    Client 5: loss=0.1344, epochs=13 [straggler, 13 ep]
    Client 6: loss=0.1486, epochs=20
    Client 3: loss=0.1136, epochs=20
  Round   8/30: Pooled Loss=0.3157, Pooled Mean=0.7563 (WT=0.8533 TC=0.7117 ET=0.7040) | C0 Mean=0.6176 | C1 Mean=0.8603 | C2 Mean=0.8393 | C3 Mean=0.5880 | C4 Mean=0.8772 | C5 Mean=0.8425 | C6 Mean=0.8541 | C7 Mean=0.5240 [27.8s]
    Client 1: loss=0.1882, epochs=1 [straggler, 1 ep]
    Client 2: loss=0.1515, epochs=9 [straggler, 9 ep]
    Client 4: loss=0.0913, epochs=20
    Client 5: loss=0.1145, epochs=20
    Client 7: loss=0.4784, epochs=4 [straggler, 4 ep]
    Client 3: loss=0.1154, epochs=20
  Round   9/30: Pooled Loss=0.3088, Pooled Mean=0.7652 (WT=0.8494 TC=0.7264 ET=0.7198) | C0 Mean=0.6114 | C1 Mean=0.8603 | C2 Mean=0.8595 | C3 Mean=0.5777 | C4 Mean=0.8931 | C5 Mean=0.8327 | C6 Mean=0.8632 | C7 Mean=0.5237 [24.9s]
    Client 1: loss=0.1055, epochs=20
    Client 4: loss=0.0855, epochs=20
    Client 5: loss=0.1307, epochs=6 [straggler, 6 ep]
    Client 3: loss=0.1281, epochs=5 [straggler, 5 ep]
    Client 2: loss=0.1071, epochs=18 [straggler, 18 ep]
    Client 6: loss=0.1268, epochs=20
  Round  10/30: Pooled Loss=0.3001, Pooled Mean=0.7674 (WT=0.8588 TC=0.7320 ET=0.7114) | C0 Mean=0.6128 | C1 Mean=0.8846 | C2 Mean=0.8812 | C3 Mean=0.6786 | C4 Mean=0.8986 | C5 Mean=0.8497 | C6 Mean=0.8720 | C7 Mean=0.4988 [33.1s]
    Client 7: loss=0.3478, epochs=20
    Client 3: loss=0.1029, epochs=20
    Client 2: loss=0.1011, epochs=15 [straggler, 15 ep]
    Client 0: loss=0.0949, epochs=19 [straggler, 19 ep]
    Client 5: loss=0.1065, epochs=16 [straggler, 16 ep]
    Client 4: loss=0.0787, epochs=20
  Round  11/30: Pooled Loss=0.3025, Pooled Mean=0.7733 (WT=0.8552 TC=0.7403 ET=0.7245) | C0 Mean=0.6081 | C1 Mean=0.8696 | C2 Mean=0.8626 | C3 Mean=0.6640 | C4 Mean=0.8939 | C5 Mean=0.8407 | C6 Mean=0.8532 | C7 Mean=0.5518 [38.0s]
    Client 6: loss=0.1103, epochs=20
    Client 3: loss=0.1003, epochs=15 [straggler, 15 ep]
    Client 0: loss=0.1002, epochs=20
    Client 5: loss=0.0967, epochs=20
    Client 1: loss=0.0991, epochs=18 [straggler, 18 ep]
    Client 7: loss=0.2880, epochs=18 [straggler, 18 ep]
  Round  12/30: Pooled Loss=0.3081, Pooled Mean=0.7666 (WT=0.8546 TC=0.7283 ET=0.7170) | C0 Mean=0.6020 | C1 Mean=0.8757 | C2 Mean=0.8587 | C3 Mean=0.6164 | C4 Mean=0.8906 | C5 Mean=0.8206 | C6 Mean=0.8715 | C7 Mean=0.5212 [35.2s]
    Client 5: loss=0.0913, epochs=20
    Client 2: loss=0.0927, epochs=20
    Client 7: loss=0.2560, epochs=15 [straggler, 15 ep]
    Client 4: loss=0.1202, epochs=2 [straggler, 2 ep]
    Client 3: loss=0.1155, epochs=14 [straggler, 14 ep]
    Client 1: loss=0.0926, epochs=20
  Round  13/30: Pooled Loss=0.2985, Pooled Mean=0.7761 (WT=0.8608 TC=0.7459 ET=0.7218) | C0 Mean=0.6066 | C1 Mean=0.8830 | C2 Mean=0.8668 | C3 Mean=0.7022 | C4 Mean=0.8951 | C5 Mean=0.8247 | C6 Mean=0.8719 | C7 Mean=0.5358 [33.1s]
    Client 4: loss=0.0775, epochs=19 [straggler, 19 ep]
    Client 6: loss=0.0986, epochs=20
    Client 2: loss=0.1011, epochs=12 [straggler, 12 ep]
    Client 1: loss=0.0895, epochs=15 [straggler, 15 ep]
    Client 7: loss=0.2182, epochs=20
    Client 0: loss=0.0882, epochs=20
  Round  14/30: Pooled Loss=0.2854, Pooled Mean=0.7859 (WT=0.8650 TC=0.7554 ET=0.7374) | C0 Mean=0.6110 | C1 Mean=0.8834 | C2 Mean=0.8825 | C3 Mean=0.7604 | C4 Mean=0.8942 | C5 Mean=0.8471 | C6 Mean=0.8755 | C7 Mean=0.5470 [41.4s]
    Client 0: loss=0.0930, epochs=16 [straggler, 16 ep]
    Client 4: loss=0.0738, epochs=20
    Client 5: loss=0.1069, epochs=6 [straggler, 6 ep]
    Client 6: loss=0.0899, epochs=20
    Client 2: loss=0.0800, epochs=20
    Client 7: loss=0.2884, epochs=3 [straggler, 3 ep]
  Round  15/30: Pooled Loss=0.2917, Pooled Mean=0.7807 (WT=0.8645 TC=0.7475 ET=0.7300) | C0 Mean=0.6116 | C1 Mean=0.8817 | C2 Mean=0.8754 | C3 Mean=0.7107 | C4 Mean=0.8924 | C5 Mean=0.8457 | C6 Mean=0.8706 | C7 Mean=0.5394 [31.1s]
    Client 1: loss=0.0869, epochs=15 [straggler, 15 ep]
    Client 6: loss=0.0996, epochs=11 [straggler, 11 ep]
    Client 7: loss=0.1981, epochs=20
    Client 2: loss=0.0786, epochs=20
    Client 3: loss=0.1171, epochs=20
    Client 5: loss=0.0864, epochs=19 [straggler, 19 ep]
  Round  16/30: Pooled Loss=0.2876, Pooled Mean=0.7843 (WT=0.8633 TC=0.7511 ET=0.7386) | C0 Mean=0.6118 | C1 Mean=0.8799 | C2 Mean=0.8803 | C3 Mean=0.6977 | C4 Mean=0.8967 | C5 Mean=0.8460 | C6 Mean=0.8790 | C7 Mean=0.5475 [38.8s]
    Client 5: loss=0.0825, epochs=18 [straggler, 18 ep]
    Client 4: loss=0.0698, epochs=20
    Client 2: loss=0.0779, epochs=20
    Client 0: loss=0.0915, epochs=20
    Client 3: loss=0.1132, epochs=2 [straggler, 2 ep]
    Client 6: loss=0.0853, epochs=16 [straggler, 16 ep]
  Round  17/30: Pooled Loss=0.2877, Pooled Mean=0.7811 (WT=0.8618 TC=0.7436 ET=0.7378) | C0 Mean=0.6141 | C1 Mean=0.8898 | C2 Mean=0.8937 | C3 Mean=0.7122 | C4 Mean=0.9077 | C5 Mean=0.8604 | C6 Mean=0.8744 | C7 Mean=0.5194 [31.8s]
    Client 0: loss=0.0849, epochs=20
    Client 1: loss=0.1262, epochs=1 [straggler, 1 ep]
    Client 4: loss=0.0689, epochs=8 [straggler, 8 ep]
    Client 5: loss=0.0755, epochs=20
    Client 6: loss=0.0851, epochs=20
    Client 7: loss=0.2430, epochs=10 [straggler, 10 ep]
  Round  18/30: Pooled Loss=0.2903, Pooled Mean=0.7823 (WT=0.8592 TC=0.7553 ET=0.7324) | C0 Mean=0.6128 | C1 Mean=0.8805 | C2 Mean=0.8799 | C3 Mean=0.6637 | C4 Mean=0.8916 | C5 Mean=0.8517 | C6 Mean=0.8727 | C7 Mean=0.5455 [26.8s]
    Client 7: loss=0.1624, epochs=20
    Client 4: loss=0.0615, epochs=20
    Client 3: loss=0.0871, epochs=20
    Client 1: loss=0.0761, epochs=17 [straggler, 17 ep]
    Client 5: loss=0.1022, epochs=4 [straggler, 4 ep]
    Client 6: loss=0.0931, epochs=4 [straggler, 4 ep]
  Round  19/30: Pooled Loss=0.2916, Pooled Mean=0.7832 (WT=0.8640 TC=0.7501 ET=0.7357) | C0 Mean=0.6136 | C1 Mean=0.8800 | C2 Mean=0.8800 | C3 Mean=0.7008 | C4 Mean=0.8932 | C5 Mean=0.8450 | C6 Mean=0.8754 | C7 Mean=0.5409 [33.2s]
    Client 5: loss=0.0740, epochs=20
    Client 6: loss=0.0884, epochs=7 [straggler, 7 ep]
    Client 4: loss=0.0578, epochs=20
    Client 1: loss=0.0790, epochs=16 [straggler, 16 ep]
    Client 7: loss=0.1504, epochs=20
    Client 2: loss=0.0815, epochs=10 [straggler, 10 ep]
  Round  20/30: Pooled Loss=0.2909, Pooled Mean=0.7848 (WT=0.8640 TC=0.7522 ET=0.7382) | C0 Mean=0.6130 | C1 Mean=0.8814 | C2 Mean=0.8775 | C3 Mean=0.7233 | C4 Mean=0.8920 | C5 Mean=0.8477 | C6 Mean=0.8714 | C7 Mean=0.5502 [40.1s]
    Client 6: loss=0.0850, epochs=7 [straggler, 7 ep]
    Client 2: loss=0.0953, epochs=8 [straggler, 8 ep]
    Client 7: loss=0.2398, epochs=4 [straggler, 4 ep]
    Client 1: loss=0.0776, epochs=20
    Client 4: loss=0.0566, epochs=20
    Client 5: loss=0.0727, epochs=20
  Round  21/30: Pooled Loss=0.2964, Pooled Mean=0.7813 (WT=0.8604 TC=0.7424 ET=0.7410) | C0 Mean=0.6075 | C1 Mean=0.8811 | C2 Mean=0.8838 | C3 Mean=0.7233 | C4 Mean=0.8983 | C5 Mean=0.8458 | C6 Mean=0.8728 | C7 Mean=0.5302 [30.1s]
    Client 0: loss=0.0818, epochs=16 [straggler, 16 ep]
    Client 6: loss=0.0732, epochs=20
    Client 5: loss=0.1012, epochs=3 [straggler, 3 ep]
    Client 4: loss=0.0546, epochs=20
    Client 3: loss=0.0793, epochs=20
    Client 1: loss=0.0725, epochs=13 [straggler, 13 ep]
  Round  22/30: Pooled Loss=0.2926, Pooled Mean=0.7842 (WT=0.8614 TC=0.7445 ET=0.7467) | C0 Mean=0.6116 | C1 Mean=0.8885 | C2 Mean=0.8865 | C3 Mean=0.7364 | C4 Mean=0.9068 | C5 Mean=0.8542 | C6 Mean=0.8817 | C7 Mean=0.5158 [26.4s]
    Client 6: loss=0.0719, epochs=16 [straggler, 16 ep]
    Client 0: loss=0.1414, epochs=3 [straggler, 3 ep]
    Client 2: loss=0.0726, epochs=11 [straggler, 11 ep]
    Client 5: loss=0.0690, epochs=20
    Client 3: loss=0.0782, epochs=20
    Client 7: loss=0.1491, epochs=20
  Round  23/30: Pooled Loss=0.2884, Pooled Mean=0.7862 (WT=0.8678 TC=0.7575 ET=0.7333) | C0 Mean=0.6118 | C1 Mean=0.8807 | C2 Mean=0.8731 | C3 Mean=0.6940 | C4 Mean=0.8934 | C5 Mean=0.8468 | C6 Mean=0.8696 | C7 Mean=0.5667 [35.4s]
    Client 2: loss=0.0659, epochs=17 [straggler, 17 ep]
    Client 1: loss=0.0718, epochs=20
    Client 3: loss=0.0867, epochs=20
    Client 0: loss=0.1039, epochs=9 [straggler, 9 ep]
    Client 4: loss=0.0594, epochs=10 [straggler, 10 ep]
    Client 6: loss=0.0652, epochs=20
  Round  24/30: Pooled Loss=0.2838, Pooled Mean=0.7881 (WT=0.8647 TC=0.7541 ET=0.7456) | C0 Mean=0.6149 | C1 Mean=0.8916 | C2 Mean=0.8885 | C3 Mean=0.7485 | C4 Mean=0.9048 | C5 Mean=0.8607 | C6 Mean=0.8747 | C7 Mean=0.5358 [29.4s]
    Client 2: loss=0.0691, epochs=20
    Client 7: loss=0.1553, epochs=9 [straggler, 9 ep]
    Client 3: loss=0.0662, epochs=20
    Client 4: loss=0.0496, epochs=20
    Client 1: loss=0.1074, epochs=2 [straggler, 2 ep]
    Client 0: loss=0.1200, epochs=4 [straggler, 4 ep]
  Round  25/30: Pooled Loss=0.2945, Pooled Mean=0.7841 (WT=0.8658 TC=0.7498 ET=0.7366) | C0 Mean=0.6118 | C1 Mean=0.8813 | C2 Mean=0.8769 | C3 Mean=0.7119 | C4 Mean=0.8891 | C5 Mean=0.8433 | C6 Mean=0.8691 | C7 Mean=0.5527 [27.7s]
    Client 1: loss=0.0769, epochs=12 [straggler, 12 ep]
    Client 3: loss=0.0755, epochs=20
    Client 2: loss=0.0669, epochs=12 [straggler, 12 ep]
    Client 6: loss=0.0672, epochs=20
    Client 5: loss=0.0715, epochs=20
    Client 7: loss=0.1561, epochs=5 [straggler, 5 ep]
  Round  26/30: Pooled Loss=0.2881, Pooled Mean=0.7875 (WT=0.8677 TC=0.7565 ET=0.7383) | C0 Mean=0.6101 | C1 Mean=0.8796 | C2 Mean=0.8769 | C3 Mean=0.7163 | C4 Mean=0.8937 | C5 Mean=0.8461 | C6 Mean=0.8741 | C7 Mean=0.5631 [28.7s]
    Client 0: loss=0.0630, epochs=20
    Client 7: loss=0.1112, epochs=20
    Client 2: loss=0.0595, epochs=20
    Client 6: loss=0.0655, epochs=15 [straggler, 15 ep]
    Client 5: loss=0.1050, epochs=1 [straggler, 1 ep]
    Client 3: loss=0.0738, epochs=12 [straggler, 12 ep]
  Round  27/30: Pooled Loss=0.2873, Pooled Mean=0.7885 (WT=0.8689 TC=0.7571 ET=0.7395) | C0 Mean=0.6084 | C1 Mean=0.8810 | C2 Mean=0.8773 | C3 Mean=0.7125 | C4 Mean=0.8911 | C5 Mean=0.8411 | C6 Mean=0.8698 | C7 Mean=0.5752 [31.8s]
    Client 7: loss=0.1072, epochs=20
    Client 3: loss=0.1363, epochs=3 [straggler, 3 ep]
    Client 4: loss=0.0541, epochs=15 [straggler, 15 ep]
    Client 5: loss=0.0661, epochs=20
    Client 2: loss=0.0569, epochs=20
    Client 1: loss=0.0874, epochs=6 [straggler, 6 ep]
  Round  28/30: Pooled Loss=0.2870, Pooled Mean=0.7916 (WT=0.8679 TC=0.7594 ET=0.7476) | C0 Mean=0.6070 | C1 Mean=0.8839 | C2 Mean=0.8853 | C3 Mean=0.7386 | C4 Mean=0.8944 | C5 Mean=0.8479 | C6 Mean=0.8697 | C7 Mean=0.5682 [36.7s]
    Client 1: loss=0.0875, epochs=5 [straggler, 5 ep]
    Client 6: loss=0.0645, epochs=20
    Client 2: loss=0.0602, epochs=20
    Client 7: loss=0.1064, epochs=12 [straggler, 12 ep]
    Client 3: loss=0.0839, epochs=6 [straggler, 6 ep]
    Client 4: loss=0.0488, epochs=20
  Round  29/30: Pooled Loss=0.2870, Pooled Mean=0.7900 (WT=0.8690 TC=0.7596 ET=0.7413) | C0 Mean=0.6134 | C1 Mean=0.8854 | C2 Mean=0.8834 | C3 Mean=0.7181 | C4 Mean=0.8945 | C5 Mean=0.8462 | C6 Mean=0.8716 | C7 Mean=0.5639 [35.8s]
    Client 6: loss=0.0648, epochs=20
    Client 0: loss=0.0771, epochs=11 [straggler, 11 ep]
    Client 4: loss=0.0699, epochs=6 [straggler, 6 ep]
    Client 3: loss=0.0844, epochs=6 [straggler, 6 ep]
    Client 1: loss=0.0635, epochs=20
    Client 2: loss=0.0557, epochs=20
  Round  30/30: Pooled Loss=0.2830, Pooled Mean=0.7907 (WT=0.8640 TC=0.7581 ET=0.7501) | C0 Mean=0.6177 | C1 Mean=0.8898 | C2 Mean=0.8942 | C3 Mean=0.7416 | C4 Mean=0.9042 | C5 Mean=0.8669 | C6 Mean=0.8741 | C7 Mean=0.5432 [27.2s]

============================================================
RESULTS SUMMARY
============================================================
Strategy:            FEDAVG
Global MeanPresent:  0.7907 (best=0.7916)
Global WT:           0.8640
Global TC:           0.7581
Global ET:           0.7501
Client 0 MeanPresent: 0.6177 (best=0.6177)
Client 1 MeanPresent: 0.8898 (best=0.8916)
Client 2 MeanPresent: 0.8942 (best=0.8942)
Client 3 MeanPresent: 0.7416 (best=0.7604)
Client 4 MeanPresent: 0.9042 (best=0.9077)
Client 5 MeanPresent: 0.8669 (best=0.8669)
Client 6 MeanPresent: 0.8741 (best=0.8817)
Client 7 MeanPresent: 0.5432 (best=0.5752)
Convergence 50%:     round 1
Convergence 60%:     round 2
Convergence 70%:     round 3
Total Time:          978.46s (16.3min)
============================================================

Results saved to: /home/bk489/federated/federated-thesis/results/brats/fedavg_brats_r30_20260210_155447_results.json

>>> FEDAVG done.

>>> Running FEDPROX (mu=0.1) ...


============================================================
Federated Learning -- FEDPROX
============================================================
Model:          UNet2D (base=16, 482,915 params)
Input channels: 4
Clients:        8
Rounds:         30
Local epochs:   20
Batch size:     4
Learning rate:  0.01
Weight decay:   0.0
Fraction fit:   0.75
Drop percent:   0.5
Proximal mu:    0.1
Device:         cuda
Partition dir:  /home/bk489/federated/federated-thesis/data/partitions/brats2d_8client_noisy_heavy/client_data
============================================================

Client data distribution:
  client_0: train=6  test=3
  client_1: train=90  test=12
  client_2: train=141  test=18
  client_3: train=18  test=3
  client_4: train=159  test=18
  client_5: train=90  test=12
  client_6: train=132  test=15
  client_7: train=159  test=21

    Client 1: loss=1.4285, epochs=6 [straggler, 6 ep]
    Client 4: loss=1.1499, epochs=20
    Client 0: loss=1.5435, epochs=20
    Client 7: loss=1.2537, epochs=20
    Client 6: loss=1.3738, epochs=8 [straggler, 8 ep]
    Client 2: loss=1.2222, epochs=13 [straggler, 13 ep]
  Round   1/30: Pooled Loss=1.0667, Pooled Mean=0.5434 (WT=0.7436 TC=0.4122 ET=0.4744) | C0 Mean=0.2479 | C1 Mean=0.6523 | C2 Mean=0.6060 | C3 Mean=0.4817 | C4 Mean=0.6530 | C5 Mean=0.6264 | C6 Mean=0.5969 | C7 Mean=0.3713 [44.3s]
    Client 1: loss=0.9339, epochs=8 [straggler, 8 ep]
    Client 0: loss=1.0409, epochs=20
    Client 3: loss=1.0584, epochs=20
    Client 4: loss=0.7966, epochs=13 [straggler, 13 ep]
    Client 6: loss=0.8621, epochs=20
    Client 2: loss=0.8148, epochs=14 [straggler, 14 ep]
  Round   2/30: Pooled Loss=0.6944, Pooled Mean=0.6531 (WT=0.7949 TC=0.6288 ET=0.5354) | C0 Mean=0.5314 | C1 Mean=0.7485 | C2 Mean=0.7304 | C3 Mean=0.5651 | C4 Mean=0.7721 | C5 Mean=0.7856 | C6 Mean=0.6933 | C7 Mean=0.4522 [36.8s]
    Client 5: loss=0.4818, epochs=20
    Client 2: loss=0.4683, epochs=20
    Client 3: loss=0.7275, epochs=6 [straggler, 6 ep]
    Client 4: loss=0.5015, epochs=8 [straggler, 8 ep]
    Client 7: loss=0.7868, epochs=11 [straggler, 11 ep]
    Client 6: loss=0.5443, epochs=20
  Round   3/30: Pooled Loss=0.5093, Pooled Mean=0.6792 (WT=0.7927 TC=0.6317 ET=0.6131) | C0 Mean=0.5464 | C1 Mean=0.7961 | C2 Mean=0.7833 | C3 Mean=0.4804 | C4 Mean=0.8342 | C5 Mean=0.7976 | C6 Mean=0.7346 | C7 Mean=0.4398 [45.3s]
    Client 6: loss=0.4256, epochs=5 [straggler, 5 ep]
    Client 2: loss=0.3121, epochs=20
    Client 4: loss=0.2832, epochs=20
    Client 1: loss=0.3553, epochs=10 [straggler, 10 ep]
    Client 0: loss=0.4064, epochs=20
    Client 3: loss=0.4357, epochs=9 [straggler, 9 ep]
  Round   4/30: Pooled Loss=0.4005, Pooled Mean=0.7148 (WT=0.8202 TC=0.6738 ET=0.6504) | C0 Mean=0.5830 | C1 Mean=0.8533 | C2 Mean=0.8468 | C3 Mean=0.6254 | C4 Mean=0.8581 | C5 Mean=0.8439 | C6 Mean=0.8252 | C7 Mean=0.4519 [35.9s]
    Client 2: loss=0.2456, epochs=20
    Client 5: loss=0.2782, epochs=3 [straggler, 3 ep]
    Client 4: loss=0.2119, epochs=20
    Client 3: loss=0.2754, epochs=20
    Client 7: loss=0.6274, epochs=10 [straggler, 10 ep]
    Client 0: loss=0.2524, epochs=9 [straggler, 9 ep]
  Round   5/30: Pooled Loss=0.3781, Pooled Mean=0.7256 (WT=0.8374 TC=0.6711 ET=0.6684) | C0 Mean=0.5870 | C1 Mean=0.8317 | C2 Mean=0.8406 | C3 Mean=0.7619 | C4 Mean=0.8165 | C5 Mean=0.8577 | C6 Mean=0.7810 | C7 Mean=0.5067 [37.4s]
    Client 7: loss=0.5207, epochs=20
    Client 2: loss=0.1927, epochs=20
    Client 1: loss=0.1945, epochs=20
    Client 4: loss=0.1808, epochs=15 [straggler, 15 ep]
    Client 3: loss=0.2375, epochs=15 [straggler, 15 ep]
    Client 0: loss=0.1890, epochs=16 [straggler, 16 ep]
  Round   6/30: Pooled Loss=0.3695, Pooled Mean=0.7235 (WT=0.8150 TC=0.6762 ET=0.6793) | C0 Mean=0.6118 | C1 Mean=0.8313 | C2 Mean=0.8284 | C3 Mean=0.7542 | C4 Mean=0.8357 | C5 Mean=0.8565 | C6 Mean=0.7626 | C7 Mean=0.5073 [49.6s]
    Client 0: loss=0.2822, epochs=1 [straggler, 1 ep]
    Client 4: loss=0.1468, epochs=20
    Client 1: loss=0.1794, epochs=10 [straggler, 10 ep]
    Client 6: loss=0.2143, epochs=20
    Client 7: loss=0.5425, epochs=4 [straggler, 4 ep]
    Client 3: loss=0.1916, epochs=20
  Round   7/30: Pooled Loss=0.3424, Pooled Mean=0.7490 (WT=0.8357 TC=0.7053 ET=0.7061) | C0 Mean=0.6144 | C1 Mean=0.8315 | C2 Mean=0.8316 | C3 Mean=0.6999 | C4 Mean=0.8484 | C5 Mean=0.8383 | C6 Mean=0.8308 | C7 Mean=0.5250 [34.0s]
    Client 7: loss=0.5924, epochs=1 [straggler, 1 ep]
    Client 4: loss=0.1270, epochs=20
    Client 2: loss=0.1623, epochs=8 [straggler, 8 ep]
    Client 5: loss=0.1602, epochs=13 [straggler, 13 ep]
    Client 6: loss=0.1851, epochs=20
    Client 3: loss=0.1422, epochs=20
  Round   8/30: Pooled Loss=0.3354, Pooled Mean=0.7465 (WT=0.8458 TC=0.7034 ET=0.6903) | C0 Mean=0.6172 | C1 Mean=0.8455 | C2 Mean=0.8205 | C3 Mean=0.6538 | C4 Mean=0.8596 | C5 Mean=0.8246 | C6 Mean=0.8594 | C7 Mean=0.5092 [38.3s]
    Client 1: loss=0.2026, epochs=1 [straggler, 1 ep]
    Client 2: loss=0.1646, epochs=9 [straggler, 9 ep]
    Client 4: loss=0.1224, epochs=20
    Client 5: loss=0.1415, epochs=20
    Client 7: loss=0.5286, epochs=4 [straggler, 4 ep]
    Client 3: loss=0.1479, epochs=20
  Round   9/30: Pooled Loss=0.3231, Pooled Mean=0.7596 (WT=0.8454 TC=0.7167 ET=0.7167) | C0 Mean=0.6089 | C1 Mean=0.8523 | C2 Mean=0.8370 | C3 Mean=0.7221 | C4 Mean=0.8690 | C5 Mean=0.8468 | C6 Mean=0.8664 | C7 Mean=0.5297 [33.7s]
    Client 1: loss=0.1286, epochs=20
    Client 4: loss=0.1099, epochs=20
    Client 5: loss=0.1442, epochs=6 [straggler, 6 ep]
    Client 3: loss=0.1590, epochs=5 [straggler, 5 ep]
    Client 2: loss=0.1467, epochs=18 [straggler, 18 ep]
    Client 6: loss=0.1659, epochs=20
  Round  10/30: Pooled Loss=0.3052, Pooled Mean=0.7638 (WT=0.8517 TC=0.7328 ET=0.7069) | C0 Mean=0.6155 | C1 Mean=0.8794 | C2 Mean=0.8588 | C3 Mean=0.7708 | C4 Mean=0.9041 | C5 Mean=0.8629 | C6 Mean=0.8787 | C7 Mean=0.4955 [47.4s]
    Client 7: loss=0.4186, epochs=20
    Client 3: loss=0.1200, epochs=20
    Client 2: loss=0.1184, epochs=15 [straggler, 15 ep]
    Client 0: loss=0.1094, epochs=19 [straggler, 19 ep]
    Client 5: loss=0.1260, epochs=16 [straggler, 16 ep]
    Client 4: loss=0.1007, epochs=20
  Round  11/30: Pooled Loss=0.3168, Pooled Mean=0.7666 (WT=0.8524 TC=0.7235 ET=0.7240) | C0 Mean=0.6093 | C1 Mean=0.8685 | C2 Mean=0.8405 | C3 Mean=0.7257 | C4 Mean=0.8701 | C5 Mean=0.8534 | C6 Mean=0.8490 | C7 Mean=0.5492 [47.6s]
    Client 6: loss=0.1400, epochs=20
    Client 3: loss=0.1117, epochs=15 [straggler, 15 ep]
    Client 0: loss=0.1158, epochs=20
    Client 5: loss=0.1151, epochs=20
    Client 1: loss=0.1169, epochs=18 [straggler, 18 ep]
    Client 7: loss=0.3723, epochs=18 [straggler, 18 ep]
  Round  12/30: Pooled Loss=0.3298, Pooled Mean=0.7508 (WT=0.8436 TC=0.7030 ET=0.7057) | C0 Mean=0.5907 | C1 Mean=0.8532 | C2 Mean=0.8243 | C3 Mean=0.7052 | C4 Mean=0.8612 | C5 Mean=0.8249 | C6 Mean=0.8637 | C7 Mean=0.5059 [43.6s]
    Client 5: loss=0.1088, epochs=20
    Client 2: loss=0.1200, epochs=20
    Client 7: loss=0.3267, epochs=15 [straggler, 15 ep]
    Client 4: loss=0.1326, epochs=2 [straggler, 2 ep]
    Client 3: loss=0.1236, epochs=14 [straggler, 14 ep]
    Client 1: loss=0.1116, epochs=20
  Round  13/30: Pooled Loss=0.3057, Pooled Mean=0.7724 (WT=0.8552 TC=0.7306 ET=0.7314) | C0 Mean=0.6080 | C1 Mean=0.8786 | C2 Mean=0.8437 | C3 Mean=0.7316 | C4 Mean=0.8816 | C5 Mean=0.8596 | C6 Mean=0.8735 | C7 Mean=0.5383 [42.4s]
    Client 4: loss=0.0960, epochs=19 [straggler, 19 ep]
    Client 6: loss=0.1261, epochs=20
    Client 2: loss=0.1243, epochs=12 [straggler, 12 ep]
    Client 1: loss=0.1072, epochs=15 [straggler, 15 ep]
    Client 7: loss=0.2998, epochs=20
    Client 0: loss=0.0920, epochs=20
  Round  14/30: Pooled Loss=0.3055, Pooled Mean=0.7720 (WT=0.8538 TC=0.7299 ET=0.7322) | C0 Mean=0.6021 | C1 Mean=0.8795 | C2 Mean=0.8477 | C3 Mean=0.7147 | C4 Mean=0.8911 | C5 Mean=0.8521 | C6 Mean=0.8751 | C7 Mean=0.5268 [52.5s]
    Client 0: loss=0.0929, epochs=16 [straggler, 16 ep]
    Client 4: loss=0.0913, epochs=20
    Client 5: loss=0.1224, epochs=6 [straggler, 6 ep]
    Client 6: loss=0.1144, epochs=20
    Client 2: loss=0.0981, epochs=20
    Client 7: loss=0.3928, epochs=3 [straggler, 3 ep]
  Round  15/30: Pooled Loss=0.3051, Pooled Mean=0.7750 (WT=0.8563 TC=0.7280 ET=0.7406) | C0 Mean=0.6005 | C1 Mean=0.8746 | C2 Mean=0.8521 | C3 Mean=0.7464 | C4 Mean=0.8791 | C5 Mean=0.8572 | C6 Mean=0.8694 | C7 Mean=0.5336 [42.4s]
    Client 1: loss=0.1054, epochs=15 [straggler, 15 ep]
    Client 6: loss=0.1243, epochs=11 [straggler, 11 ep]
    Client 7: loss=0.2692, epochs=20
    Client 2: loss=0.0954, epochs=20
    Client 3: loss=0.1090, epochs=20
    Client 5: loss=0.1011, epochs=19 [straggler, 19 ep]
  Round  16/30: Pooled Loss=0.3054, Pooled Mean=0.7731 (WT=0.8569 TC=0.7277 ET=0.7347) | C0 Mean=0.5990 | C1 Mean=0.8777 | C2 Mean=0.8562 | C3 Mean=0.7206 | C4 Mean=0.8875 | C5 Mean=0.8527 | C6 Mean=0.8791 | C7 Mean=0.5232 [55.9s]
    Client 5: loss=0.0985, epochs=18 [straggler, 18 ep]
    Client 4: loss=0.0929, epochs=20
    Client 2: loss=0.0930, epochs=20
    Client 0: loss=0.0972, epochs=20
    Client 3: loss=0.1199, epochs=2 [straggler, 2 ep]
    Client 6: loss=0.1077, epochs=16 [straggler, 16 ep]
  Round  17/30: Pooled Loss=0.2977, Pooled Mean=0.7721 (WT=0.8534 TC=0.7316 ET=0.7313) | C0 Mean=0.6042 | C1 Mean=0.8864 | C2 Mean=0.8698 | C3 Mean=0.7009 | C4 Mean=0.8990 | C5 Mean=0.8620 | C6 Mean=0.8776 | C7 Mean=0.5141 [44.1s]
    Client 0: loss=0.0892, epochs=20
    Client 1: loss=0.1349, epochs=1 [straggler, 1 ep]
    Client 4: loss=0.0857, epochs=8 [straggler, 8 ep]
    Client 5: loss=0.0925, epochs=20
    Client 6: loss=0.1011, epochs=20
    Client 7: loss=0.2913, epochs=10 [straggler, 10 ep]
  Round  18/30: Pooled Loss=0.3020, Pooled Mean=0.7766 (WT=0.8544 TC=0.7399 ET=0.7357) | C0 Mean=0.6082 | C1 Mean=0.8722 | C2 Mean=0.8603 | C3 Mean=0.7105 | C4 Mean=0.8805 | C5 Mean=0.8615 | C6 Mean=0.8697 | C7 Mean=0.5343 [34.1s]
    Client 7: loss=0.2360, epochs=20
    Client 4: loss=0.0794, epochs=20
    Client 3: loss=0.0927, epochs=20
    Client 1: loss=0.0926, epochs=17 [straggler, 17 ep]
    Client 5: loss=0.1133, epochs=4 [straggler, 4 ep]
    Client 6: loss=0.1181, epochs=4 [straggler, 4 ep]
  Round  19/30: Pooled Loss=0.3024, Pooled Mean=0.7748 (WT=0.8559 TC=0.7337 ET=0.7347) | C0 Mean=0.6065 | C1 Mean=0.8767 | C2 Mean=0.8629 | C3 Mean=0.7225 | C4 Mean=0.8832 | C5 Mean=0.8450 | C6 Mean=0.8692 | C7 Mean=0.5265 [40.6s]
    Client 5: loss=0.0923, epochs=20
    Client 6: loss=0.1048, epochs=7 [straggler, 7 ep]
    Client 4: loss=0.0761, epochs=20
    Client 1: loss=0.0925, epochs=16 [straggler, 16 ep]
    Client 7: loss=0.2115, epochs=20
    Client 2: loss=0.0967, epochs=10 [straggler, 10 ep]
  Round  20/30: Pooled Loss=0.3020, Pooled Mean=0.7749 (WT=0.8551 TC=0.7334 ET=0.7363) | C0 Mean=0.6029 | C1 Mean=0.8816 | C2 Mean=0.8663 | C3 Mean=0.7266 | C4 Mean=0.8822 | C5 Mean=0.8480 | C6 Mean=0.8688 | C7 Mean=0.5301 [50.9s]
    Client 6: loss=0.1072, epochs=7 [straggler, 7 ep]
    Client 2: loss=0.0987, epochs=8 [straggler, 8 ep]
    Client 7: loss=0.3123, epochs=4 [straggler, 4 ep]
    Client 1: loss=0.0876, epochs=20
    Client 4: loss=0.0751, epochs=20
    Client 5: loss=0.0895, epochs=20
  Round  21/30: Pooled Loss=0.2990, Pooled Mean=0.7760 (WT=0.8543 TC=0.7358 ET=0.7379) | C0 Mean=0.6025 | C1 Mean=0.8814 | C2 Mean=0.8648 | C3 Mean=0.6819 | C4 Mean=0.8799 | C5 Mean=0.8508 | C6 Mean=0.8643 | C7 Mean=0.5445 [40.7s]
    Client 0: loss=0.0831, epochs=16 [straggler, 16 ep]
    Client 6: loss=0.0901, epochs=20
    Client 5: loss=0.1068, epochs=3 [straggler, 3 ep]
    Client 4: loss=0.0728, epochs=20
    Client 3: loss=0.0853, epochs=20
    Client 1: loss=0.0864, epochs=13 [straggler, 13 ep]
  Round  22/30: Pooled Loss=0.2934, Pooled Mean=0.7764 (WT=0.8539 TC=0.7353 ET=0.7400) | C0 Mean=0.6023 | C1 Mean=0.8903 | C2 Mean=0.8743 | C3 Mean=0.6959 | C4 Mean=0.8943 | C5 Mean=0.8505 | C6 Mean=0.8709 | C7 Mean=0.5210 [35.6s]
    Client 6: loss=0.0867, epochs=16 [straggler, 16 ep]
    Client 0: loss=0.1569, epochs=3 [straggler, 3 ep]
    Client 2: loss=0.0854, epochs=11 [straggler, 11 ep]
    Client 5: loss=0.0850, epochs=20
    Client 3: loss=0.0788, epochs=20
    Client 7: loss=0.2112, epochs=20
  Round  23/30: Pooled Loss=0.3018, Pooled Mean=0.7749 (WT=0.8530 TC=0.7365 ET=0.7352) | C0 Mean=0.5997 | C1 Mean=0.8798 | C2 Mean=0.8646 | C3 Mean=0.6867 | C4 Mean=0.8837 | C5 Mean=0.8460 | C6 Mean=0.8647 | C7 Mean=0.5368 [40.7s]
    Client 2: loss=0.0805, epochs=17 [straggler, 17 ep]
    Client 1: loss=0.0843, epochs=20
    Client 3: loss=0.0910, epochs=20
    Client 0: loss=0.1031, epochs=9 [straggler, 9 ep]
    Client 4: loss=0.0757, epochs=10 [straggler, 10 ep]
    Client 6: loss=0.0844, epochs=20
  Round  24/30: Pooled Loss=0.2900, Pooled Mean=0.7772 (WT=0.8547 TC=0.7384 ET=0.7385) | C0 Mean=0.6015 | C1 Mean=0.8926 | C2 Mean=0.8762 | C3 Mean=0.7094 | C4 Mean=0.8993 | C5 Mean=0.8606 | C6 Mean=0.8659 | C7 Mean=0.5252 [40.3s]
    Client 2: loss=0.0822, epochs=20
    Client 7: loss=0.2285, epochs=9 [straggler, 9 ep]
    Client 3: loss=0.0732, epochs=20
    Client 4: loss=0.0659, epochs=20
    Client 1: loss=0.0948, epochs=2 [straggler, 2 ep]
    Client 0: loss=0.1277, epochs=4 [straggler, 4 ep]
  Round  25/30: Pooled Loss=0.2941, Pooled Mean=0.7845 (WT=0.8581 TC=0.7458 ET=0.7497) | C0 Mean=0.6013 | C1 Mean=0.8848 | C2 Mean=0.8590 | C3 Mean=0.7565 | C4 Mean=0.8666 | C5 Mean=0.8653 | C6 Mean=0.8402 | C7 Mean=0.5775 [35.4s]
    Client 1: loss=0.0834, epochs=12 [straggler, 12 ep]
    Client 3: loss=0.0787, epochs=20
    Client 2: loss=0.0818, epochs=12 [straggler, 12 ep]
    Client 6: loss=0.0813, epochs=20
    Client 5: loss=0.0856, epochs=20
    Client 7: loss=0.2145, epochs=5 [straggler, 5 ep]
  Round  26/30: Pooled Loss=0.3006, Pooled Mean=0.7760 (WT=0.8563 TC=0.7393 ET=0.7323) | C0 Mean=0.5979 | C1 Mean=0.8815 | C2 Mean=0.8619 | C3 Mean=0.7285 | C4 Mean=0.8804 | C5 Mean=0.8404 | C6 Mean=0.8621 | C7 Mean=0.5451 [38.6s]
    Client 0: loss=0.0723, epochs=20
    Client 7: loss=0.1693, epochs=20
    Client 2: loss=0.0775, epochs=20
    Client 6: loss=0.0793, epochs=15 [straggler, 15 ep]
    Client 5: loss=0.1172, epochs=1 [straggler, 1 ep]
    Client 3: loss=0.0784, epochs=12 [straggler, 12 ep]
  Round  27/30: Pooled Loss=0.2966, Pooled Mean=0.7795 (WT=0.8543 TC=0.7437 ET=0.7404) | C0 Mean=0.5966 | C1 Mean=0.8824 | C2 Mean=0.8684 | C3 Mean=0.6990 | C4 Mean=0.8842 | C5 Mean=0.8444 | C6 Mean=0.8656 | C7 Mean=0.5580 [38.6s]
    Client 7: loss=0.1566, epochs=20
    Client 3: loss=0.1846, epochs=3 [straggler, 3 ep]
    Client 4: loss=0.0706, epochs=15 [straggler, 15 ep]
    Client 5: loss=0.0796, epochs=20
    Client 2: loss=0.0694, epochs=20
    Client 1: loss=0.0913, epochs=6 [straggler, 6 ep]
  Round  28/30: Pooled Loss=0.2969, Pooled Mean=0.7781 (WT=0.8583 TC=0.7406 ET=0.7353) | C0 Mean=0.5972 | C1 Mean=0.8860 | C2 Mean=0.8687 | C3 Mean=0.6948 | C4 Mean=0.8812 | C5 Mean=0.8445 | C6 Mean=0.8588 | C7 Mean=0.5518 [46.2s]
    Client 1: loss=0.0933, epochs=5 [straggler, 5 ep]
    Client 6: loss=0.0789, epochs=20
    Client 2: loss=0.0724, epochs=20
    Client 7: loss=0.1461, epochs=12 [straggler, 12 ep]
    Client 3: loss=0.0976, epochs=6 [straggler, 6 ep]
    Client 4: loss=0.0641, epochs=20
  Round  29/30: Pooled Loss=0.2998, Pooled Mean=0.7750 (WT=0.8550 TC=0.7375 ET=0.7324) | C0 Mean=0.5952 | C1 Mean=0.8834 | C2 Mean=0.8658 | C3 Mean=0.6667 | C4 Mean=0.8824 | C5 Mean=0.8413 | C6 Mean=0.8590 | C7 Mean=0.5470 [46.9s]
    Client 6: loss=0.0818, epochs=20
    Client 0: loss=0.0884, epochs=11 [straggler, 11 ep]
    Client 4: loss=0.0735, epochs=6 [straggler, 6 ep]
    Client 3: loss=0.0915, epochs=6 [straggler, 6 ep]
    Client 1: loss=0.0794, epochs=20
    Client 2: loss=0.0720, epochs=20
  Round  30/30: Pooled Loss=0.2908, Pooled Mean=0.7804 (WT=0.8561 TC=0.7407 ET=0.7446) | C0 Mean=0.6009 | C1 Mean=0.8923 | C2 Mean=0.8819 | C3 Mean=0.6949 | C4 Mean=0.9017 | C5 Mean=0.8574 | C6 Mean=0.8639 | C7 Mean=0.5345 [37.4s]

============================================================
RESULTS SUMMARY
============================================================
Strategy:            FEDPROX (mu=0.1)
Global MeanPresent:  0.7804 (best=0.7845)
Global WT:           0.8561
Global TC:           0.7407
Global ET:           0.7446
Client 0 MeanPresent: 0.6009 (best=0.6172)
Client 1 MeanPresent: 0.8923 (best=0.8926)
Client 2 MeanPresent: 0.8819 (best=0.8819)
Client 3 MeanPresent: 0.6949 (best=0.7708)
Client 4 MeanPresent: 0.9017 (best=0.9041)
Client 5 MeanPresent: 0.8574 (best=0.8653)
Client 6 MeanPresent: 0.8639 (best=0.8791)
Client 7 MeanPresent: 0.5345 (best=0.5775)
Convergence 50%:     round 1
Convergence 60%:     round 2
Convergence 70%:     round 4
Total Time:          1257.29s (21.0min)
============================================================

Results saved to: /home/bk489/federated/federated-thesis/results/brats/fedprox_brats_r30_mu0.1_20260210_161548_results.json

>>> FEDPROX done.

All done. Results in: /home/bk489/federated/federated-thesis/results/brats
