==============================================
BraTS 2D Federated Learning
Job ID:       22433890
Node(s):      gpu-q-10
Workdir:      /home/bk489/federated/federated-thesis
Script:       /home/bk489/federated/federated-thesis/experiments/brats/brats_n_clients.py
Partition dir:/home/bk489/federated/federated-thesis/data/partitions/brats2d_4client_dirichlet_a0p1/client_data
Results dir:  /home/bk489/federated/federated-thesis/results/brats
Strategy:     both (mu=0.4)
Model:        UNet2D base=16
Fraction:     0.75 | DropPercent: 0.5
Rounds:       30 | LocalEpochs: 50
Batch:        4 | LR: 0.01 | Seed: 42
WeightDecay:  0.0 | NumWorkers: 2
Python:       /home/bk489/.conda/envs/fed/bin/python
Python 3.9.16 | packaged by conda-forge | (main, Feb  1 2023, 21:39:03) 
[GCC 11.3.0]
PyTorch 2.8.0+cu128 CUDA: 12.8 CUDA available: True Device count: 1
Tue Feb 10 11:41:15 2026       
+-----------------------------------------------------------------------------------------+
| NVIDIA-SMI 570.195.03             Driver Version: 570.195.03     CUDA Version: 12.8     |
|-----------------------------------------+------------------------+----------------------+
| GPU  Name                 Persistence-M | Bus-Id          Disp.A | Volatile Uncorr. ECC |
| Fan  Temp   Perf          Pwr:Usage/Cap |           Memory-Usage | GPU-Util  Compute M. |
|                                         |                        |               MIG M. |
|=========================================+========================+======================|
|   0  NVIDIA A100-SXM4-80GB          On  |   00000000:81:00.0 Off |                    0 |
| N/A   36C    P0             65W /  500W |       0MiB /  81920MiB |      0%      Default |
|                                         |                        |             Disabled |
+-----------------------------------------+------------------------+----------------------+
                                                                                         
+-----------------------------------------------------------------------------------------+
| Processes:                                                                              |
|  GPU   GI   CI              PID   Type   Process name                        GPU Memory |
|        ID   ID                                                               Usage      |
|=========================================================================================|
|  No running processes found                                                             |
+-----------------------------------------------------------------------------------------+
==============================================

>>> Running FEDAVG (mu=0.0) ...


============================================================
Federated Learning -- FEDAVG
============================================================
Model:          UNet2D (base=16, 482,915 params)
Input channels: 4
Clients:        4
Rounds:         30
Local epochs:   50
Batch size:     4
Learning rate:  0.01
Weight decay:   0.0
Fraction fit:   0.75
Drop percent:   0.5
Device:         cuda
Partition dir:  /home/bk489/federated/federated-thesis/data/partitions/brats2d_4client_dirichlet_a0p1/client_data
============================================================

Client data distribution:
  client_0: train=8  test=1
  client_1: train=125  test=16
  client_2: train=41  test=5
  client_3: train=61  test=8

    Client 3: loss=1.3486, epochs=14 [straggler, 14 ep]
    Client 2: loss=1.0610, epochs=50
    Client 1: loss=0.7148, epochs=50
  Round   1/30: Pooled Loss=0.5804, Pooled Mean=0.7091 (WT=0.8224 TC=0.6422 ET=0.6628) | C0 Mean=0.8109 | C1 Mean=0.6491 | C2 Mean=0.8915 | C3 Mean=0.6364 [38.0s]
    Client 3: loss=0.3307, epochs=50
    Client 0: loss=0.4673, epochs=5 [straggler, 5 ep]
    Client 1: loss=0.2842, epochs=50
  Round   2/30: Pooled Loss=0.2918, Pooled Mean=0.8061 (WT=0.8777 TC=0.7452 ET=0.7954) | C0 Mean=0.9036 | C1 Mean=0.8051 | C2 Mean=0.9002 | C3 Mean=0.6983 [34.4s]
    Client 1: loss=0.1671, epochs=50
    Client 3: loss=0.1652, epochs=50
    Client 2: loss=0.1181, epochs=35 [straggler, 35 ep]
  Round   3/30: Pooled Loss=0.2913, Pooled Mean=0.7969 (WT=0.8470 TC=0.7601 ET=0.7837) | C0 Mean=0.9205 | C1 Mean=0.7800 | C2 Mean=0.9065 | C3 Mean=0.7015 [40.8s]
    Client 0: loss=0.1083, epochs=13 [straggler, 13 ep]
    Client 2: loss=0.0840, epochs=50
    Client 1: loss=0.1271, epochs=50
  Round   4/30: Pooled Loss=0.2521, Pooled Mean=0.8360 (WT=0.8871 TC=0.8012 ET=0.8198) | C0 Mean=0.8843 | C1 Mean=0.8204 | C2 Mean=0.9247 | C3 Mean=0.7610 [32.5s]
    Client 2: loss=0.0729, epochs=50
    Client 0: loss=0.1023, epochs=6 [straggler, 6 ep]
    Client 3: loss=0.1198, epochs=50
  Round   5/30: Pooled Loss=0.2605, Pooled Mean=0.8332 (WT=0.8869 TC=0.7772 ET=0.8356) | C0 Mean=0.9069 | C1 Mean=0.8000 | C2 Mean=0.9131 | C3 Mean=0.7948 [23.4s]
    Client 0: loss=0.0727, epochs=50
    Client 3: loss=0.1246, epochs=3 [straggler, 3 ep]
    Client 1: loss=0.1013, epochs=50
  Round   6/30: Pooled Loss=0.2503, Pooled Mean=0.8394 (WT=0.8965 TC=0.7906 ET=0.8310) | C0 Mean=0.8864 | C1 Mean=0.8271 | C2 Mean=0.9089 | C3 Mean=0.7747 [27.6s]
    Client 3: loss=0.0946, epochs=50
    Client 0: loss=0.0763, epochs=26 [straggler, 26 ep]
    Client 1: loss=0.0895, epochs=50
  Round   7/30: Pooled Loss=0.2427, Pooled Mean=0.8486 (WT=0.8846 TC=0.8165 ET=0.8448) | C0 Mean=0.8966 | C1 Mean=0.8242 | C2 Mean=0.9130 | C3 Mean=0.8143 [36.7s]
    Client 1: loss=0.0960, epochs=50
    Client 2: loss=0.0838, epochs=12 [straggler, 12 ep]
    Client 3: loss=0.0834, epochs=50
  Round   8/30: Pooled Loss=0.2854, Pooled Mean=0.8159 (WT=0.8854 TC=0.7667 ET=0.7958) | C0 Mean=0.8285 | C1 Mean=0.7965 | C2 Mean=0.8861 | C3 Mean=0.7678 [36.4s]
    Client 2: loss=0.0769, epochs=16 [straggler, 16 ep]
    Client 3: loss=0.0849, epochs=50
    Client 0: loss=0.0646, epochs=50
  Round   9/30: Pooled Loss=0.2843, Pooled Mean=0.8208 (WT=0.8822 TC=0.7615 ET=0.8187) | C0 Mean=0.8874 | C1 Mean=0.7755 | C2 Mean=0.9059 | C3 Mean=0.8006 [21.5s]
    Client 3: loss=0.0849, epochs=50
    Client 1: loss=0.0728, epochs=39 [straggler, 39 ep]
    Client 2: loss=0.0590, epochs=50
  Round  10/30: Pooled Loss=0.2530, Pooled Mean=0.8386 (WT=0.8898 TC=0.8005 ET=0.8255) | C0 Mean=0.8995 | C1 Mean=0.8133 | C2 Mean=0.9057 | C3 Mean=0.8032 [39.2s]
    Client 1: loss=0.1145, epochs=26 [straggler, 26 ep]
    Client 0: loss=0.0588, epochs=50
    Client 2: loss=0.0575, epochs=50
  Round  11/30: Pooled Loss=0.2398, Pooled Mean=0.8462 (WT=0.8933 TC=0.8088 ET=0.8366) | C0 Mean=0.9266 | C1 Mean=0.8241 | C2 Mean=0.9248 | C3 Mean=0.7932 [26.2s]
    Client 0: loss=0.0613, epochs=42 [straggler, 42 ep]
    Client 1: loss=0.0650, epochs=50
    Client 2: loss=0.0556, epochs=50
  Round  12/30: Pooled Loss=0.2418, Pooled Mean=0.8460 (WT=0.8838 TC=0.8206 ET=0.8336) | C0 Mean=0.9053 | C1 Mean=0.8191 | C2 Mean=0.9185 | C3 Mean=0.8044 [35.6s]
    Client 2: loss=0.0523, epochs=39 [straggler, 39 ep]
    Client 1: loss=0.0775, epochs=50
    Client 3: loss=0.0727, epochs=50
  Round  13/30: Pooled Loss=0.2445, Pooled Mean=0.8473 (WT=0.8884 TC=0.8120 ET=0.8414) | C0 Mean=0.9056 | C1 Mean=0.8245 | C2 Mean=0.9135 | C3 Mean=0.8069 [41.5s]
    Client 1: loss=0.0577, epochs=50
    Client 2: loss=0.0495, epochs=50
    Client 0: loss=0.0616, epochs=31 [straggler, 31 ep]
  Round  14/30: Pooled Loss=0.2553, Pooled Mean=0.8360 (WT=0.8842 TC=0.8095 ET=0.8143) | C0 Mean=0.8539 | C1 Mean=0.8263 | C2 Mean=0.9158 | C3 Mean=0.7649 [34.6s]
    Client 0: loss=0.0555, epochs=50
    Client 3: loss=0.0907, epochs=50
    Client 2: loss=0.0467, epochs=46 [straggler, 46 ep]
  Round  15/30: Pooled Loss=0.3238, Pooled Mean=0.7976 (WT=0.8476 TC=0.7563 ET=0.7891) | C0 Mean=0.8666 | C1 Mean=0.7731 | C2 Mean=0.8799 | C3 Mean=0.7436 [31.7s]
    Client 1: loss=0.0650, epochs=32 [straggler, 32 ep]
    Client 0: loss=0.0576, epochs=50
    Client 2: loss=0.0468, epochs=50
  Round  16/30: Pooled Loss=0.2373, Pooled Mean=0.8509 (WT=0.8930 TC=0.8221 ET=0.8376) | C0 Mean=0.8964 | C1 Mean=0.8321 | C2 Mean=0.9187 | C3 Mean=0.8009 [29.0s]
    Client 1: loss=0.0496, epochs=40 [straggler, 40 ep]
    Client 2: loss=0.0426, epochs=50
    Client 3: loss=0.0611, epochs=50
  Round  17/30: Pooled Loss=0.2408, Pooled Mean=0.8503 (WT=0.8910 TC=0.8168 ET=0.8432) | C0 Mean=0.9058 | C1 Mean=0.8282 | C2 Mean=0.9130 | C3 Mean=0.8111 [39.5s]
    Client 1: loss=0.0826, epochs=47 [straggler, 47 ep]
    Client 2: loss=0.0411, epochs=50
    Client 0: loss=0.0516, epochs=50
  Round  18/30: Pooled Loss=0.2441, Pooled Mean=0.8454 (WT=0.8954 TC=0.8062 ET=0.8345) | C0 Mean=0.8788 | C1 Mean=0.8277 | C2 Mean=0.9148 | C3 Mean=0.7968 [35.3s]
    Client 1: loss=0.0550, epochs=50
    Client 0: loss=0.0533, epochs=50
    Client 3: loss=0.0620, epochs=37 [straggler, 37 ep]
  Round  19/30: Pooled Loss=0.2466, Pooled Mean=0.8457 (WT=0.8945 TC=0.8129 ET=0.8298) | C0 Mean=0.8727 | C1 Mean=0.8275 | C2 Mean=0.9013 | C3 Mean=0.8126 [35.9s]
    Client 0: loss=0.0511, epochs=50
    Client 1: loss=0.0384, epochs=50
    Client 2: loss=0.0575, epochs=12 [straggler, 12 ep]
  Round  20/30: Pooled Loss=0.2446, Pooled Mean=0.8472 (WT=0.8927 TC=0.8105 ET=0.8385) | C0 Mean=0.8879 | C1 Mean=0.8266 | C2 Mean=0.9154 | C3 Mean=0.8028 [29.1s]
    Client 0: loss=0.0574, epochs=28 [straggler, 28 ep]
    Client 1: loss=0.0365, epochs=50
    Client 3: loss=0.0558, epochs=50
  Round  21/30: Pooled Loss=0.2520, Pooled Mean=0.8452 (WT=0.8937 TC=0.8050 ET=0.8370) | C0 Mean=0.8959 | C1 Mean=0.8217 | C2 Mean=0.9041 | C3 Mean=0.8153 [37.1s]
    Client 3: loss=0.0940, epochs=2 [straggler, 2 ep]
    Client 1: loss=0.0341, epochs=50
    Client 2: loss=0.0424, epochs=50
  Round  22/30: Pooled Loss=0.2580, Pooled Mean=0.8410 (WT=0.8929 TC=0.8003 ET=0.8299) | C0 Mean=0.8860 | C1 Mean=0.8164 | C2 Mean=0.9095 | C3 Mean=0.8031 [31.7s]
    Client 3: loss=0.0505, epochs=50
    Client 0: loss=0.0508, epochs=46 [straggler, 46 ep]
    Client 2: loss=0.0391, epochs=50
  Round  23/30: Pooled Loss=0.2536, Pooled Mean=0.8454 (WT=0.8891 TC=0.8087 ET=0.8382) | C0 Mean=0.9116 | C1 Mean=0.8087 | C2 Mean=0.9073 | C3 Mean=0.8343 [27.7s]
    Client 1: loss=0.0418, epochs=36 [straggler, 36 ep]
    Client 2: loss=0.0352, epochs=50
    Client 3: loss=0.0434, epochs=50
  Round  24/30: Pooled Loss=0.2469, Pooled Mean=0.8488 (WT=0.8947 TC=0.8145 ET=0.8370) | C0 Mean=0.8936 | C1 Mean=0.8239 | C2 Mean=0.9055 | C3 Mean=0.8242 [37.7s]
    Client 2: loss=0.0347, epochs=50
    Client 3: loss=0.0450, epochs=31 [straggler, 31 ep]
    Client 1: loss=0.0362, epochs=50
  Round  25/30: Pooled Loss=0.2480, Pooled Mean=0.8486 (WT=0.8912 TC=0.8157 ET=0.8388) | C0 Mean=0.8979 | C1 Mean=0.8192 | C2 Mean=0.9081 | C3 Mean=0.8284 [40.7s]
    Client 1: loss=0.0308, epochs=50
    Client 0: loss=0.0477, epochs=50
    Client 2: loss=0.0347, epochs=44 [straggler, 44 ep]
  Round  26/30: Pooled Loss=0.2531, Pooled Mean=0.8460 (WT=0.8923 TC=0.8100 ET=0.8356) | C0 Mean=0.8975 | C1 Mean=0.8178 | C2 Mean=0.9135 | C3 Mean=0.8140 [47.3s]
    Client 0: loss=0.0471, epochs=50
    Client 2: loss=0.0318, epochs=50
    Client 1: loss=0.0297, epochs=21 [straggler, 21 ep]
  Round  27/30: Pooled Loss=0.2671, Pooled Mean=0.8375 (WT=0.8929 TC=0.7930 ET=0.8267) | C0 Mean=0.8805 | C1 Mean=0.8162 | C2 Mean=0.9062 | C3 Mean=0.7931 [24.5s]
    Client 2: loss=0.0569, epochs=2 [straggler, 2 ep]
    Client 1: loss=0.0689, epochs=50
    Client 3: loss=0.0457, epochs=50
  Round  28/30: Pooled Loss=0.2562, Pooled Mean=0.8459 (WT=0.8887 TC=0.8092 ET=0.8399) | C0 Mean=0.9083 | C1 Mean=0.8139 | C2 Mean=0.9034 | C3 Mean=0.8310 [34.4s]
    Client 1: loss=0.0307, epochs=50
    Client 3: loss=0.0453, epochs=50
    Client 0: loss=0.0630, epochs=19 [straggler, 19 ep]
  Round  29/30: Pooled Loss=0.2553, Pooled Mean=0.8461 (WT=0.8933 TC=0.8144 ET=0.8307) | C0 Mean=0.8994 | C1 Mean=0.8219 | C2 Mean=0.9013 | C3 Mean=0.8218 [35.9s]
    Client 2: loss=0.0591, epochs=4 [straggler, 4 ep]
    Client 3: loss=0.1148, epochs=50
    Client 1: loss=0.0258, epochs=50
  Round  30/30: Pooled Loss=0.2844, Pooled Mean=0.8238 (WT=0.8879 TC=0.7608 ET=0.8228) | C0 Mean=0.9201 | C1 Mean=0.8063 | C2 Mean=0.8947 | C3 Mean=0.7684 [34.5s]

============================================================
RESULTS SUMMARY
============================================================
Strategy:            FEDAVG
Global MeanPresent:  0.8238 (best=0.8509)
Global WT:           0.8879
Global TC:           0.7608
Global ET:           0.8228
Client 0 MeanPresent: 0.9201 (best=0.9266)
Client 1 MeanPresent: 0.8063 (best=0.8321)
Client 2 MeanPresent: 0.8947 (best=0.9248)
Client 3 MeanPresent: 0.7684 (best=0.8343)
Convergence 50%:     round 1
Convergence 60%:     round 1
Convergence 70%:     round 1
Total Time:          1020.54s (17.0min)
============================================================

Results saved to: /home/bk489/federated/federated-thesis/results/brats/fedavg_brats_r30_20260210_115818_results.json

>>> FEDAVG done.

>>> Running FEDPROX (mu=0.4) ...


============================================================
Federated Learning -- FEDPROX
============================================================
Model:          UNet2D (base=16, 482,915 params)
Input channels: 4
Clients:        4
Rounds:         30
Local epochs:   50
Batch size:     4
Learning rate:  0.01
Weight decay:   0.0
Fraction fit:   0.75
Drop percent:   0.5
Proximal mu:    0.4
Device:         cuda
Partition dir:  /home/bk489/federated/federated-thesis/data/partitions/brats2d_4client_dirichlet_a0p1/client_data
============================================================

Client data distribution:
  client_0: train=8  test=1
  client_1: train=125  test=16
  client_2: train=41  test=5
  client_3: train=61  test=8

    Client 3: loss=1.4270, epochs=14 [straggler, 14 ep]
    Client 2: loss=1.3411, epochs=50
    Client 1: loss=1.3314, epochs=50
  Round   1/30: Pooled Loss=1.1807, Pooled Mean=0.6231 (WT=0.7882 TC=0.5288 ET=0.5522) | C0 Mean=0.7341 | C1 Mean=0.5490 | C2 Mean=0.8079 | C3 Mean=0.5786 [47.6s]
    Client 3: loss=1.0322, epochs=50
    Client 0: loss=1.1448, epochs=5 [straggler, 5 ep]
    Client 1: loss=1.0205, epochs=50
  Round   2/30: Pooled Loss=0.8873, Pooled Mean=0.6963 (WT=0.8333 TC=0.6659 ET=0.5896) | C0 Mean=0.8376 | C1 Mean=0.6570 | C2 Mean=0.8317 | C3 Mean=0.6189 [44.7s]
    Client 1: loss=0.7725, epochs=50
    Client 3: loss=0.7908, epochs=50
    Client 2: loss=0.7012, epochs=35 [straggler, 35 ep]
  Round   3/30: Pooled Loss=0.6632, Pooled Mean=0.6908 (WT=0.8398 TC=0.6698 ET=0.5627) | C0 Mean=0.7347 | C1 Mean=0.6363 | C2 Mean=0.8740 | C3 Mean=0.6225 [53.2s]
    Client 0: loss=0.5732, epochs=13 [straggler, 13 ep]
    Client 2: loss=0.4573, epochs=50
    Client 1: loss=0.5864, epochs=50
  Round   4/30: Pooled Loss=0.5237, Pooled Mean=0.6957 (WT=0.8447 TC=0.6741 ET=0.5683) | C0 Mean=0.7161 | C1 Mean=0.6420 | C2 Mean=0.8916 | C3 Mean=0.6218 [40.3s]
    Client 2: loss=0.3183, epochs=50
    Client 0: loss=0.4157, epochs=6 [straggler, 6 ep]
    Client 3: loss=0.4579, epochs=50
  Round   5/30: Pooled Loss=0.4393, Pooled Mean=0.7347 (WT=0.8530 TC=0.6472 ET=0.7038) | C0 Mean=0.8771 | C1 Mean=0.7049 | C2 Mean=0.8728 | C3 Mean=0.6369 [31.5s]
    Client 0: loss=0.2753, epochs=50
    Client 3: loss=0.3924, epochs=3 [straggler, 3 ep]
    Client 1: loss=0.3876, epochs=50
  Round   6/30: Pooled Loss=0.3883, Pooled Mean=0.7539 (WT=0.8579 TC=0.6621 ET=0.7416) | C0 Mean=0.8917 | C1 Mean=0.7249 | C2 Mean=0.8927 | C3 Mean=0.6551 [32.8s]
    Client 3: loss=0.3187, epochs=50
    Client 0: loss=0.2365, epochs=26 [straggler, 26 ep]
    Client 1: loss=0.3299, epochs=50
  Round   7/30: Pooled Loss=0.3340, Pooled Mean=0.7963 (WT=0.8627 TC=0.7445 ET=0.7817) | C0 Mean=0.8280 | C1 Mean=0.7802 | C2 Mean=0.9271 | C3 Mean=0.6904 [44.8s]
    Client 1: loss=0.2775, epochs=50
    Client 2: loss=0.1858, epochs=12 [straggler, 12 ep]
    Client 3: loss=0.2525, epochs=50
  Round   8/30: Pooled Loss=0.3445, Pooled Mean=0.7622 (WT=0.8467 TC=0.7117 ET=0.7282) | C0 Mean=0.8365 | C1 Mean=0.7286 | C2 Mean=0.9209 | C3 Mean=0.6613 [50.4s]
    Client 2: loss=0.1539, epochs=16 [straggler, 16 ep]
    Client 3: loss=0.2213, epochs=50
    Client 0: loss=0.1511, epochs=50
  Round   9/30: Pooled Loss=0.3501, Pooled Mean=0.7577 (WT=0.8502 TC=0.6986 ET=0.7242) | C0 Mean=0.8859 | C1 Mean=0.7486 | C2 Mean=0.8469 | C3 Mean=0.6634 [25.7s]
    Client 3: loss=0.1939, epochs=50
    Client 1: loss=0.2385, epochs=39 [straggler, 39 ep]
    Client 2: loss=0.1316, epochs=50
  Round  10/30: Pooled Loss=0.2760, Pooled Mean=0.8178 (WT=0.8773 TC=0.7816 ET=0.7944) | C0 Mean=0.8963 | C1 Mean=0.8244 | C2 Mean=0.9207 | C3 Mean=0.6922 [50.6s]
    Client 1: loss=0.2118, epochs=26 [straggler, 26 ep]
    Client 0: loss=0.1178, epochs=50
    Client 2: loss=0.1181, epochs=50
  Round  11/30: Pooled Loss=0.2797, Pooled Mean=0.8085 (WT=0.8646 TC=0.7667 ET=0.7942) | C0 Mean=0.9090 | C1 Mean=0.8161 | C2 Mean=0.9238 | C3 Mean=0.6733 [36.6s]
    Client 0: loss=0.1097, epochs=42 [straggler, 42 ep]
    Client 1: loss=0.1929, epochs=50
    Client 2: loss=0.1067, epochs=50
  Round  12/30: Pooled Loss=0.2647, Pooled Mean=0.8202 (WT=0.8794 TC=0.7954 ET=0.7858) | C0 Mean=0.8739 | C1 Mean=0.8297 | C2 Mean=0.9253 | C3 Mean=0.6936 [44.8s]
    Client 2: loss=0.1004, epochs=39 [straggler, 39 ep]
    Client 1: loss=0.1805, epochs=50
    Client 3: loss=0.1711, epochs=50
  Round  13/30: Pooled Loss=0.2688, Pooled Mean=0.8212 (WT=0.8692 TC=0.7911 ET=0.8033) | C0 Mean=0.9297 | C1 Mean=0.8123 | C2 Mean=0.9180 | C3 Mean=0.7252 [50.1s]
    Client 1: loss=0.1649, epochs=50
    Client 2: loss=0.0949, epochs=50
    Client 0: loss=0.1005, epochs=31 [straggler, 31 ep]
  Round  14/30: Pooled Loss=0.3695, Pooled Mean=0.7346 (WT=0.8368 TC=0.7057 ET=0.6612) | C0 Mean=0.7196 | C1 Mean=0.7361 | C2 Mean=0.8511 | C3 Mean=0.6120 [42.1s]
    Client 0: loss=0.0945, epochs=50
    Client 3: loss=0.1583, epochs=50
    Client 2: loss=0.0907, epochs=46 [straggler, 46 ep]
  Round  15/30: Pooled Loss=0.2887, Pooled Mean=0.8005 (WT=0.8722 TC=0.7409 ET=0.7884) | C0 Mean=0.8998 | C1 Mean=0.8002 | C2 Mean=0.9067 | C3 Mean=0.6852 [32.8s]
    Client 1: loss=0.1544, epochs=32 [straggler, 32 ep]
    Client 0: loss=0.0871, epochs=50
    Client 2: loss=0.0843, epochs=50
  Round  16/30: Pooled Loss=0.2718, Pooled Mean=0.8112 (WT=0.8729 TC=0.7674 ET=0.7931) | C0 Mean=0.9184 | C1 Mean=0.8124 | C2 Mean=0.9248 | C3 Mean=0.6840 [34.8s]
    Client 1: loss=0.1409, epochs=40 [straggler, 40 ep]
    Client 2: loss=0.0817, epochs=50
    Client 3: loss=0.1457, epochs=50
  Round  17/30: Pooled Loss=0.2756, Pooled Mean=0.8117 (WT=0.8691 TC=0.7731 ET=0.7928) | C0 Mean=0.9095 | C1 Mean=0.8113 | C2 Mean=0.9082 | C3 Mean=0.7023 [48.9s]
    Client 1: loss=0.1428, epochs=47 [straggler, 47 ep]
    Client 2: loss=0.0794, epochs=50
    Client 0: loss=0.0836, epochs=50
  Round  18/30: Pooled Loss=0.2801, Pooled Mean=0.8111 (WT=0.8689 TC=0.7652 ET=0.7991) | C0 Mean=0.8817 | C1 Mean=0.8085 | C2 Mean=0.9091 | C3 Mean=0.7093 [42.6s]
    Client 1: loss=0.1281, epochs=50
    Client 0: loss=0.0809, epochs=50
    Client 3: loss=0.1310, epochs=37 [straggler, 37 ep]
  Round  19/30: Pooled Loss=0.2672, Pooled Mean=0.8176 (WT=0.8741 TC=0.7794 ET=0.7993) | C0 Mean=0.9011 | C1 Mean=0.8178 | C2 Mean=0.9096 | C3 Mean=0.7156 [43.6s]
    Client 0: loss=0.0792, epochs=50
    Client 1: loss=0.1190, epochs=50
    Client 2: loss=0.0868, epochs=12 [straggler, 12 ep]
  Round  20/30: Pooled Loss=0.2621, Pooled Mean=0.8207 (WT=0.8714 TC=0.7853 ET=0.8054) | C0 Mean=0.9147 | C1 Mean=0.8139 | C2 Mean=0.9195 | C3 Mean=0.7255 [35.7s]
    Client 0: loss=0.0826, epochs=28 [straggler, 28 ep]
    Client 1: loss=0.1184, epochs=50
    Client 3: loss=0.1254, epochs=50
  Round  21/30: Pooled Loss=0.2645, Pooled Mean=0.8237 (WT=0.8764 TC=0.7875 ET=0.8073) | C0 Mean=0.8796 | C1 Mean=0.8194 | C2 Mean=0.9101 | C3 Mean=0.7378 [44.5s]
    Client 3: loss=0.2115, epochs=2 [straggler, 2 ep]
    Client 1: loss=0.1138, epochs=50
    Client 2: loss=0.0772, epochs=50
  Round  22/30: Pooled Loss=0.2673, Pooled Mean=0.8205 (WT=0.8766 TC=0.7689 ET=0.8159) | C0 Mean=0.9116 | C1 Mean=0.8109 | C2 Mean=0.9147 | C3 Mean=0.7299 [38.8s]
    Client 3: loss=0.1111, epochs=50
    Client 0: loss=0.0766, epochs=46 [straggler, 46 ep]
    Client 2: loss=0.0743, epochs=50
  Round  23/30: Pooled Loss=0.2879, Pooled Mean=0.8034 (WT=0.8667 TC=0.7414 ET=0.8021) | C0 Mean=0.9056 | C1 Mean=0.7981 | C2 Mean=0.9017 | C3 Mean=0.7015 [37.4s]
    Client 1: loss=0.1252, epochs=36 [straggler, 36 ep]
    Client 2: loss=0.0707, epochs=50
    Client 3: loss=0.1134, epochs=50
  Round  24/30: Pooled Loss=0.2583, Pooled Mean=0.8272 (WT=0.8809 TC=0.7909 ET=0.8097) | C0 Mean=0.9185 | C1 Mean=0.8184 | C2 Mean=0.9167 | C3 Mean=0.7423 [50.9s]
    Client 2: loss=0.0682, epochs=50
    Client 3: loss=0.1001, epochs=31 [straggler, 31 ep]
    Client 1: loss=0.1123, epochs=50
  Round  25/30: Pooled Loss=0.2675, Pooled Mean=0.8211 (WT=0.8638 TC=0.7805 ET=0.8190) | C0 Mean=0.9174 | C1 Mean=0.8079 | C2 Mean=0.9081 | C3 Mean=0.7450 [51.9s]
    Client 1: loss=0.1015, epochs=50
    Client 0: loss=0.0718, epochs=50
    Client 2: loss=0.0681, epochs=44 [straggler, 44 ep]
  Round  26/30: Pooled Loss=0.2642, Pooled Mean=0.8225 (WT=0.8784 TC=0.7791 ET=0.8100) | C0 Mean=0.9176 | C1 Mean=0.8116 | C2 Mean=0.9200 | C3 Mean=0.7311 [51.2s]
    Client 0: loss=0.0714, epochs=50
    Client 2: loss=0.0663, epochs=50
    Client 1: loss=0.1065, epochs=21 [straggler, 21 ep]
  Round  27/30: Pooled Loss=0.3180, Pooled Mean=0.7747 (WT=0.8653 TC=0.7350 ET=0.7240) | C0 Mean=0.8862 | C1 Mean=0.7542 | C2 Mean=0.8928 | C3 Mean=0.6801 [31.4s]
    Client 2: loss=0.0889, epochs=2 [straggler, 2 ep]
    Client 1: loss=0.1068, epochs=50
    Client 3: loss=0.1048, epochs=50
  Round  28/30: Pooled Loss=0.2488, Pooled Mean=0.8316 (WT=0.8850 TC=0.7981 ET=0.8118) | C0 Mean=0.9139 | C1 Mean=0.8319 | C2 Mean=0.9172 | C3 Mean=0.7372 [52.7s]
    Client 1: loss=0.0957, epochs=50
    Client 3: loss=0.1044, epochs=50
    Client 0: loss=0.0828, epochs=19 [straggler, 19 ep]
  Round  29/30: Pooled Loss=0.2658, Pooled Mean=0.8207 (WT=0.8751 TC=0.7750 ET=0.8121) | C0 Mean=0.8806 | C1 Mean=0.8141 | C2 Mean=0.9101 | C3 Mean=0.7341 [46.9s]
    Client 2: loss=0.0826, epochs=4 [straggler, 4 ep]
    Client 3: loss=0.0954, epochs=50
    Client 1: loss=0.0957, epochs=50
  Round  30/30: Pooled Loss=0.2641, Pooled Mean=0.8243 (WT=0.8812 TC=0.7727 ET=0.8191) | C0 Mean=0.9010 | C1 Mean=0.8172 | C2 Mean=0.9141 | C3 Mean=0.7372 [47.8s]

============================================================
RESULTS SUMMARY
============================================================
Strategy:            FEDPROX (mu=0.4)
Global MeanPresent:  0.8243 (best=0.8316)
Global WT:           0.8812
Global TC:           0.7727
Global ET:           0.8191
Client 0 MeanPresent: 0.9010 (best=0.9297)
Client 1 MeanPresent: 0.8172 (best=0.8319)
Client 2 MeanPresent: 0.9141 (best=0.9271)
Client 3 MeanPresent: 0.7372 (best=0.7450)
Convergence 50%:     round 1
Convergence 60%:     round 1
Convergence 70%:     round 5
Total Time:          1286.97s (21.4min)
============================================================

Results saved to: /home/bk489/federated/federated-thesis/results/brats/fedprox_brats_r30_mu0.4_20260210_121951_results.json

>>> FEDPROX done.

All done. Results in: /home/bk489/federated/federated-thesis/results/brats
