==============================================
BraTS 2D Federated Learning
Job ID:       22470433
Node(s):      gpu-q-22
Workdir:      /home/bk489/federated/federated-thesis
Script:       /home/bk489/federated/federated-thesis/experiments/brats/brats_n_clients.py
Partition dir:/home/bk489/federated/federated-thesis/data/partitions/brats2d_8client_heterogeneous/client_data
Global test:  /home/bk489/federated/federated-thesis/data/partitions/brats2d_8client_heterogeneous/global_test
Results dir:  /home/bk489/federated/federated-thesis/results/brats
Strategy:     fedprox (mu=0.4)
Model:        UNet2D base=16
Fraction:     0.75 | DropPercent: 0.5
Rounds:       30 | LocalEpochs: 20
Batch:        4 | LR: 0.01 | Seed: 42
WeightDecay:  0.0 | NumWorkers: 2
Python:       /home/bk489/.conda/envs/fed/bin/python
Python 3.9.16 | packaged by conda-forge | (main, Feb  1 2023, 21:39:03) 
[GCC 11.3.0]
PyTorch 2.8.0+cu128 CUDA: 12.8 CUDA available: True Device count: 1
Tue Feb 10 19:15:26 2026       
+-----------------------------------------------------------------------------------------+
| NVIDIA-SMI 570.195.03             Driver Version: 570.195.03     CUDA Version: 12.8     |
|-----------------------------------------+------------------------+----------------------+
| GPU  Name                 Persistence-M | Bus-Id          Disp.A | Volatile Uncorr. ECC |
| Fan  Temp   Perf          Pwr:Usage/Cap |           Memory-Usage | GPU-Util  Compute M. |
|                                         |                        |               MIG M. |
|=========================================+========================+======================|
|   0  NVIDIA A100-SXM4-80GB          On  |   00000000:41:00.0 Off |                    0 |
| N/A   33C    P0             68W /  500W |       0MiB /  81920MiB |      0%      Default |
|                                         |                        |             Disabled |
+-----------------------------------------+------------------------+----------------------+
                                                                                         
+-----------------------------------------------------------------------------------------+
| Processes:                                                                              |
|  GPU   GI   CI              PID   Type   Process name                        GPU Memory |
|        ID   ID                                                               Usage      |
|=========================================================================================|
|  No running processes found                                                             |
+-----------------------------------------------------------------------------------------+
==============================================

>>> Running FEDPROX (mu=0.4) ...

Using global_test_dir: /home/bk489/federated/federated-thesis/data/partitions/brats2d_8client_heterogeneous/global_test (180 files)

============================================================
Federated Learning -- FEDPROX
============================================================
Model:          UNet2D (base=16, 482,915 params)
Input channels: 4
Clients:        8
Rounds:         30
Local epochs:   20
Batch size:     4
Learning rate:  0.01
Weight decay:   0.0
Fraction fit:   0.75
Drop percent:   0.5
Proximal mu:    0.4
Device:         cuda
Partition dir:  /home/bk489/federated/federated-thesis/data/partitions/brats2d_8client_heterogeneous/client_data
============================================================

Client data distribution:
  client_0: train=135  test=15
  client_1: train=295  test=40
  client_2: train=140  test=20
  client_3: train=265  test=30
  client_4: train=180  test=25
  client_5: train=180  test=25
  client_6: train=55  test=10
  client_7: train=65  test=10

    Client 1: loss=1.4240, epochs=6 [straggler, 6 ep]
    Client 4: loss=1.3561, epochs=20
    Client 0: loss=1.3557, epochs=20
    Client 7: loss=1.4264, epochs=20
    Client 6: loss=1.4445, epochs=8 [straggler, 8 ep]
    Client 2: loss=1.3926, epochs=13 [straggler, 13 ep]
  Round   1/30: Pooled Loss=1.2601, Pooled Mean=0.3763 (WT=0.6309 TC=0.0472 ET=0.4508) | C0 Mean=0.4037 | C1 Mean=0.2251 | C2 Mean=0.2104 | C3 Mean=0.3125 | C4 Mean=0.3327 | C5 Mean=0.3008 | C6 Mean=0.4134 | C7 Mean=0.1481 [66.0s]
    Client 1: loss=1.1867, epochs=8 [straggler, 8 ep]
    Client 0: loss=1.0919, epochs=20
    Client 3: loss=1.0902, epochs=20
    Client 4: loss=1.1181, epochs=13 [straggler, 13 ep]
    Client 6: loss=1.0780, epochs=20
    Client 2: loss=1.1323, epochs=14 [straggler, 14 ep]
  Round   2/30: Pooled Loss=1.0109, Pooled Mean=0.6127 (WT=0.7847 TC=0.4510 ET=0.6024) | C0 Mean=0.5952 | C1 Mean=0.3353 | C2 Mean=0.2881 | C3 Mean=0.6303 | C4 Mean=0.5024 | C5 Mean=0.4339 | C6 Mean=0.6922 | C7 Mean=0.2174 [72.9s]
    Client 5: loss=0.9117, epochs=20
    Client 2: loss=0.8989, epochs=20
    Client 3: loss=0.8819, epochs=6 [straggler, 6 ep]
    Client 4: loss=0.9202, epochs=8 [straggler, 8 ep]
    Client 7: loss=1.0480, epochs=11 [straggler, 11 ep]
    Client 6: loss=0.8309, epochs=20
  Round   3/30: Pooled Loss=0.8000, Pooled Mean=0.6498 (WT=0.8313 TC=0.6334 ET=0.4847) | C0 Mean=0.7272 | C1 Mean=0.3527 | C2 Mean=0.3239 | C3 Mean=0.6005 | C4 Mean=0.5209 | C5 Mean=0.4664 | C6 Mean=0.6634 | C7 Mean=0.2354 [58.5s]
    Client 6: loss=0.6803, epochs=5 [straggler, 5 ep]
    Client 2: loss=0.7038, epochs=20
    Client 4: loss=0.7254, epochs=20
    Client 1: loss=0.8902, epochs=10 [straggler, 10 ep]
    Client 0: loss=0.6561, epochs=20
    Client 3: loss=0.6602, epochs=9 [straggler, 9 ep]
  Round   4/30: Pooled Loss=0.6195, Pooled Mean=0.7016 (WT=0.8436 TC=0.6772 ET=0.5841) | C0 Mean=0.7589 | C1 Mean=0.3989 | C2 Mean=0.4304 | C3 Mean=0.7110 | C4 Mean=0.5562 | C5 Mean=0.4824 | C6 Mean=0.7306 | C7 Mean=0.2531 [68.2s]
    Client 2: loss=0.5295, epochs=20
    Client 5: loss=0.6680, epochs=3 [straggler, 3 ep]
    Client 4: loss=0.5773, epochs=20
    Client 3: loss=0.4802, epochs=20
    Client 7: loss=0.8232, epochs=10 [straggler, 10 ep]
    Client 0: loss=0.5050, epochs=9 [straggler, 9 ep]
  Round   5/30: Pooled Loss=0.5135, Pooled Mean=0.7341 (WT=0.8431 TC=0.6859 ET=0.6733) | C0 Mean=0.7594 | C1 Mean=0.4459 | C2 Mean=0.4773 | C3 Mean=0.7443 | C4 Mean=0.5977 | C5 Mean=0.5032 | C6 Mean=0.7555 | C7 Mean=0.2323 [64.7s]
    Client 7: loss=0.7435, epochs=20
    Client 2: loss=0.4428, epochs=20
    Client 1: loss=0.6713, epochs=20
    Client 4: loss=0.4835, epochs=15 [straggler, 15 ep]
    Client 3: loss=0.3804, epochs=15 [straggler, 15 ep]
    Client 0: loss=0.3923, epochs=16 [straggler, 16 ep]
  Round   6/30: Pooled Loss=0.4578, Pooled Mean=0.7438 (WT=0.8446 TC=0.6609 ET=0.7258) | C0 Mean=0.7474 | C1 Mean=0.5272 | C2 Mean=0.4981 | C3 Mean=0.7197 | C4 Mean=0.6899 | C5 Mean=0.5404 | C6 Mean=0.7410 | C7 Mean=0.3026 [88.9s]
    Client 0: loss=0.3523, epochs=1 [straggler, 1 ep]
    Client 4: loss=0.3905, epochs=20
    Client 1: loss=0.5894, epochs=10 [straggler, 10 ep]
    Client 6: loss=0.2972, epochs=20
    Client 7: loss=0.7515, epochs=4 [straggler, 4 ep]
    Client 3: loss=0.3084, epochs=20
  Round   7/30: Pooled Loss=0.4175, Pooled Mean=0.7530 (WT=0.8573 TC=0.6713 ET=0.7303) | C0 Mean=0.7413 | C1 Mean=0.4937 | C2 Mean=0.5042 | C3 Mean=0.7469 | C4 Mean=0.7088 | C5 Mean=0.5655 | C6 Mean=0.7461 | C7 Mean=0.3429 [61.6s]
    Client 7: loss=0.7011, epochs=1 [straggler, 1 ep]
    Client 4: loss=0.3396, epochs=20
    Client 2: loss=0.3240, epochs=8 [straggler, 8 ep]
    Client 5: loss=0.4554, epochs=13 [straggler, 13 ep]
    Client 6: loss=0.2555, epochs=20
    Client 3: loss=0.2710, epochs=20
  Round   8/30: Pooled Loss=0.3914, Pooled Mean=0.7627 (WT=0.8566 TC=0.6798 ET=0.7517) | C0 Mean=0.7512 | C1 Mean=0.5784 | C2 Mean=0.5745 | C3 Mean=0.7354 | C4 Mean=0.7516 | C5 Mean=0.5686 | C6 Mean=0.7616 | C7 Mean=0.3657 [62.8s]
    Client 1: loss=0.5660, epochs=1 [straggler, 1 ep]
    Client 2: loss=0.2905, epochs=9 [straggler, 9 ep]
    Client 4: loss=0.2929, epochs=20
    Client 5: loss=0.4034, epochs=20
    Client 7: loss=0.6673, epochs=4 [straggler, 4 ep]
    Client 3: loss=0.2421, epochs=20
  Round   9/30: Pooled Loss=0.3861, Pooled Mean=0.7629 (WT=0.8383 TC=0.6825 ET=0.7678) | C0 Mean=0.7529 | C1 Mean=0.6399 | C2 Mean=0.5502 | C3 Mean=0.7197 | C4 Mean=0.7657 | C5 Mean=0.6153 | C6 Mean=0.7472 | C7 Mean=0.5680 [65.1s]
    Client 1: loss=0.4596, epochs=20
    Client 4: loss=0.2666, epochs=20
    Client 5: loss=0.3863, epochs=6 [straggler, 6 ep]
    Client 3: loss=0.2459, epochs=5 [straggler, 5 ep]
    Client 2: loss=0.2695, epochs=18 [straggler, 18 ep]
    Client 6: loss=0.2069, epochs=20
  Round  10/30: Pooled Loss=0.3482, Pooled Mean=0.7871 (WT=0.8636 TC=0.7195 ET=0.7781) | C0 Mean=0.7746 | C1 Mean=0.6521 | C2 Mean=0.5901 | C3 Mean=0.7703 | C4 Mean=0.7808 | C5 Mean=0.6097 | C6 Mean=0.7657 | C7 Mean=0.5401 [74.7s]
    Client 7: loss=0.4563, epochs=20
    Client 3: loss=0.2045, epochs=20
    Client 2: loss=0.2357, epochs=15 [straggler, 15 ep]
    Client 0: loss=0.2014, epochs=19 [straggler, 19 ep]
    Client 5: loss=0.3335, epochs=16 [straggler, 16 ep]
    Client 4: loss=0.2470, epochs=20
  Round  11/30: Pooled Loss=0.3279, Pooled Mean=0.8018 (WT=0.8729 TC=0.7447 ET=0.7878) | C0 Mean=0.8180 | C1 Mean=0.6651 | C2 Mean=0.6104 | C3 Mean=0.7655 | C4 Mean=0.7913 | C5 Mean=0.6369 | C6 Mean=0.8215 | C7 Mean=0.5574 [81.3s]
    Client 6: loss=0.1604, epochs=20
    Client 3: loss=0.1845, epochs=15 [straggler, 15 ep]
    Client 0: loss=0.1834, epochs=20
    Client 5: loss=0.3100, epochs=20
    Client 1: loss=0.4012, epochs=18 [straggler, 18 ep]
    Client 7: loss=0.4293, epochs=18 [straggler, 18 ep]
  Round  12/30: Pooled Loss=0.3263, Pooled Mean=0.7975 (WT=0.8471 TC=0.7480 ET=0.7973) | C0 Mean=0.7828 | C1 Mean=0.7377 | C2 Mean=0.6760 | C3 Mean=0.7858 | C4 Mean=0.8274 | C5 Mean=0.6616 | C6 Mean=0.8072 | C7 Mean=0.6262 [83.1s]
    Client 5: loss=0.2888, epochs=20
    Client 2: loss=0.2050, epochs=20
    Client 7: loss=0.3780, epochs=15 [straggler, 15 ep]
    Client 4: loss=0.2353, epochs=2 [straggler, 2 ep]
    Client 3: loss=0.1750, epochs=14 [straggler, 14 ep]
    Client 1: loss=0.3622, epochs=20
  Round  13/30: Pooled Loss=0.3129, Pooled Mean=0.8101 (WT=0.8693 TC=0.7567 ET=0.8041) | C0 Mean=0.7928 | C1 Mean=0.7515 | C2 Mean=0.6776 | C3 Mean=0.7729 | C4 Mean=0.8299 | C5 Mean=0.6905 | C6 Mean=0.8272 | C7 Mean=0.6567 [82.2s]
    Client 4: loss=0.2014, epochs=19 [straggler, 19 ep]
    Client 6: loss=0.1431, epochs=20
    Client 2: loss=0.1967, epochs=12 [straggler, 12 ep]
    Client 1: loss=0.3328, epochs=15 [straggler, 15 ep]
    Client 7: loss=0.3197, epochs=20
    Client 0: loss=0.1578, epochs=20
  Round  14/30: Pooled Loss=0.3150, Pooled Mean=0.8056 (WT=0.8561 TC=0.7641 ET=0.7965) | C0 Mean=0.8019 | C1 Mean=0.7866 | C2 Mean=0.7284 | C3 Mean=0.7795 | C4 Mean=0.8371 | C5 Mean=0.6759 | C6 Mean=0.8179 | C7 Mean=0.6499 [72.0s]
    Client 0: loss=0.1427, epochs=16 [straggler, 16 ep]
    Client 4: loss=0.1913, epochs=20
    Client 5: loss=0.2741, epochs=6 [straggler, 6 ep]
    Client 6: loss=0.1320, epochs=20
    Client 2: loss=0.1866, epochs=20
    Client 7: loss=0.5985, epochs=3 [straggler, 3 ep]
  Round  15/30: Pooled Loss=0.3003, Pooled Mean=0.8243 (WT=0.8755 TC=0.7844 ET=0.8132) | C0 Mean=0.8516 | C1 Mean=0.7546 | C2 Mean=0.6414 | C3 Mean=0.7723 | C4 Mean=0.8421 | C5 Mean=0.7185 | C6 Mean=0.8358 | C7 Mean=0.6509 [55.1s]
    Client 1: loss=0.3042, epochs=15 [straggler, 15 ep]
    Client 6: loss=0.1272, epochs=11 [straggler, 11 ep]
    Client 7: loss=0.2908, epochs=20
    Client 2: loss=0.1702, epochs=20
    Client 3: loss=0.1559, epochs=20
    Client 5: loss=0.2538, epochs=19 [straggler, 19 ep]
  Round  16/30: Pooled Loss=0.2959, Pooled Mean=0.8205 (WT=0.8690 TC=0.7875 ET=0.8050) | C0 Mean=0.8079 | C1 Mean=0.8064 | C2 Mean=0.7520 | C3 Mean=0.7805 | C4 Mean=0.8558 | C5 Mean=0.6978 | C6 Mean=0.8347 | C7 Mean=0.6814 [84.5s]
    Client 5: loss=0.2427, epochs=18 [straggler, 18 ep]
    Client 4: loss=0.1788, epochs=20
    Client 2: loss=0.1503, epochs=20
    Client 0: loss=0.1296, epochs=20
    Client 3: loss=0.1589, epochs=2 [straggler, 2 ep]
    Client 6: loss=0.1186, epochs=16 [straggler, 16 ep]
  Round  17/30: Pooled Loss=0.2869, Pooled Mean=0.8302 (WT=0.8796 TC=0.7934 ET=0.8178) | C0 Mean=0.8318 | C1 Mean=0.7617 | C2 Mean=0.7172 | C3 Mean=0.7997 | C4 Mean=0.8501 | C5 Mean=0.6716 | C6 Mean=0.8438 | C7 Mean=0.6117 [67.0s]
    Client 0: loss=0.1217, epochs=20
    Client 1: loss=0.3512, epochs=1 [straggler, 1 ep]
    Client 4: loss=0.1765, epochs=8 [straggler, 8 ep]
    Client 5: loss=0.2333, epochs=20
    Client 6: loss=0.1093, epochs=20
    Client 7: loss=0.3264, epochs=10 [straggler, 10 ep]
  Round  18/30: Pooled Loss=0.2942, Pooled Mean=0.8260 (WT=0.8749 TC=0.7892 ET=0.8139) | C0 Mean=0.8196 | C1 Mean=0.8028 | C2 Mean=0.6894 | C3 Mean=0.7660 | C4 Mean=0.8581 | C5 Mean=0.7424 | C6 Mean=0.8238 | C7 Mean=0.7135 [48.3s]
    Client 7: loss=0.2736, epochs=20
    Client 4: loss=0.1616, epochs=20
    Client 3: loss=0.1358, epochs=20
    Client 1: loss=0.2750, epochs=17 [straggler, 17 ep]
    Client 5: loss=0.2338, epochs=4 [straggler, 4 ep]
    Client 6: loss=0.1345, epochs=4 [straggler, 4 ep]
  Round  19/30: Pooled Loss=0.2927, Pooled Mean=0.8250 (WT=0.8766 TC=0.7880 ET=0.8103) | C0 Mean=0.8145 | C1 Mean=0.8099 | C2 Mean=0.7275 | C3 Mean=0.7721 | C4 Mean=0.8656 | C5 Mean=0.7361 | C6 Mean=0.8404 | C7 Mean=0.7134 [74.7s]
    Client 5: loss=0.2145, epochs=20
    Client 6: loss=0.1167, epochs=7 [straggler, 7 ep]
    Client 4: loss=0.1572, epochs=20
    Client 1: loss=0.2581, epochs=16 [straggler, 16 ep]
    Client 7: loss=0.2475, epochs=20
    Client 2: loss=0.1526, epochs=10 [straggler, 10 ep]
  Round  20/30: Pooled Loss=0.2916, Pooled Mean=0.8269 (WT=0.8717 TC=0.7936 ET=0.8156) | C0 Mean=0.8268 | C1 Mean=0.8303 | C2 Mean=0.7612 | C3 Mean=0.7666 | C4 Mean=0.8778 | C5 Mean=0.7317 | C6 Mean=0.8441 | C7 Mean=0.7281 [74.9s]
    Client 6: loss=0.1183, epochs=7 [straggler, 7 ep]
    Client 2: loss=0.1456, epochs=8 [straggler, 8 ep]
    Client 7: loss=0.4236, epochs=4 [straggler, 4 ep]
    Client 1: loss=0.2413, epochs=20
    Client 4: loss=0.1500, epochs=20
    Client 5: loss=0.2059, epochs=20
  Round  21/30: Pooled Loss=0.3197, Pooled Mean=0.8089 (WT=0.8625 TC=0.7561 ET=0.8081) | C0 Mean=0.8542 | C1 Mean=0.6978 | C2 Mean=0.5124 | C3 Mean=0.7388 | C4 Mean=0.8332 | C5 Mean=0.7454 | C6 Mean=0.8189 | C7 Mean=0.6868 [71.7s]
    Client 0: loss=0.1176, epochs=16 [straggler, 16 ep]
    Client 6: loss=0.1045, epochs=20
    Client 5: loss=0.2118, epochs=3 [straggler, 3 ep]
    Client 4: loss=0.1437, epochs=20
    Client 3: loss=0.1404, epochs=20
    Client 1: loss=0.2250, epochs=13 [straggler, 13 ep]
  Round  22/30: Pooled Loss=0.2857, Pooled Mean=0.8295 (WT=0.8817 TC=0.7990 ET=0.8077) | C0 Mean=0.8259 | C1 Mean=0.8171 | C2 Mean=0.7749 | C3 Mean=0.7819 | C4 Mean=0.8733 | C5 Mean=0.7213 | C6 Mean=0.8501 | C7 Mean=0.7168 [75.1s]
    Client 6: loss=0.1062, epochs=16 [straggler, 16 ep]
    Client 0: loss=0.1288, epochs=3 [straggler, 3 ep]
    Client 2: loss=0.1371, epochs=11 [straggler, 11 ep]
