==============================================
BraTS 2D Federated Learning
Job ID:       22382227
Node(s):      gpu-q-7
Workdir:      /home/bk489/federated/federated-thesis
Script:       /home/bk489/federated/federated-thesis/experiments/brats/brats_n_clients.py
Partition dir:/home/bk489/federated/federated-thesis/data/partitions/brats2d_4client_dirichlet_balanced_a0p1/client_data
Results dir:  /home/bk489/federated/federated-thesis/results/brats
Strategy:     fedprox (mu=0.01)
Model:        UNet2D base=32
Fraction:     0.25 | DropPercent: 0.0
Rounds:       20 | LocalEpochs: 20
Batch:        4 | LR: 0.01 | Seed: 42
WeightDecay:  0.001 | NumWorkers: 2
Python:       /home/bk489/.conda/envs/fed/bin/python
Python 3.9.16 | packaged by conda-forge | (main, Feb  1 2023, 21:39:03) 
[GCC 11.3.0]
PyTorch 2.8.0+cu128 CUDA: 12.8 CUDA available: True Device count: 1
Mon Feb  9 15:01:12 2026       
+-----------------------------------------------------------------------------------------+
| NVIDIA-SMI 570.195.03             Driver Version: 570.195.03     CUDA Version: 12.8     |
|-----------------------------------------+------------------------+----------------------+
| GPU  Name                 Persistence-M | Bus-Id          Disp.A | Volatile Uncorr. ECC |
| Fan  Temp   Perf          Pwr:Usage/Cap |           Memory-Usage | GPU-Util  Compute M. |
|                                         |                        |               MIG M. |
|=========================================+========================+======================|
|   0  NVIDIA A100-SXM4-80GB          On  |   00000000:01:00.0 Off |                    0 |
| N/A   39C    P0             67W /  500W |       0MiB /  81920MiB |      0%      Default |
|                                         |                        |             Disabled |
+-----------------------------------------+------------------------+----------------------+
                                                                                         
+-----------------------------------------------------------------------------------------+
| Processes:                                                                              |
|  GPU   GI   CI              PID   Type   Process name                        GPU Memory |
|        ID   ID                                                               Usage      |
|=========================================================================================|
|  No running processes found                                                             |
+-----------------------------------------------------------------------------------------+
==============================================

>>> Running FEDPROX (mu=0.01) ...


============================================================
Federated Learning -- FEDPROX
============================================================
Model:          UNet2D (base=32, 1,927,363 params)
Input channels: 4
Clients:        4
Rounds:         20
Local epochs:   20
Batch size:     4
Learning rate:  0.01
Weight decay:   0.001
Fraction fit:   0.25
Drop percent:   0.0
Proximal mu:    0.01
Device:         cuda
Partition dir:  /home/bk489/federated/federated-thesis/data/partitions/brats2d_4client_dirichlet_balanced_a0p1/client_data
============================================================

Client data distribution:
  client_0: train=60  test=7
  client_1: train=60  test=7
  client_2: train=60  test=7
  client_3: train=59  test=7

    Client 2: loss=1.2875, epochs=20
  Round   1/20: Pooled Loss=1.0359, Pooled Mean=0.4213 (WT=0.7811 TC=0.4827 ET=0.0000) | C0 Mean=0.4117 | C1 Mean=0.4128 | C2 Mean=0.4673 | C3 Mean=0.3758 [15.0s]
    Client 2: loss=0.8665, epochs=20
  Round   2/20: Pooled Loss=0.7607, Pooled Mean=0.4522 (WT=0.8208 TC=0.5357 ET=0.0000) | C0 Mean=0.4169 | C1 Mean=0.4644 | C2 Mean=0.4804 | C3 Mean=0.4376 [11.3s]
    Client 3: loss=0.5240, epochs=20
  Round   3/20: Pooled Loss=0.4678, Pooled Mean=0.7477 (WT=0.8527 TC=0.7024 ET=0.6880) | C0 Mean=0.7559 | C1 Mean=0.8654 | C2 Mean=0.4491 | C3 Mean=0.8461 [11.1s]
    Client 2: loss=0.5505, epochs=20
  Round   4/20: Pooled Loss=0.6157, Pooled Mean=0.5372 (WT=0.7044 TC=0.4567 ET=0.4506) | C0 Mean=0.5639 | C1 Mean=0.5729 | C2 Mean=0.4831 | C3 Mean=0.4845 [11.0s]
    Client 0: loss=0.3415, epochs=20
  Round   5/20: Pooled Loss=0.3328, Pooled Mean=0.7749 (WT=0.8793 TC=0.6593 ET=0.7860) | C0 Mean=0.7820 | C1 Mean=0.8578 | C2 Mean=0.4943 | C3 Mean=0.8540 [11.1s]
    Client 0: loss=0.2261, epochs=20
  Round   6/20: Pooled Loss=0.2911, Pooled Mean=0.7947 (WT=0.8823 TC=0.7130 ET=0.7888) | C0 Mean=0.8171 | C1 Mean=0.8809 | C2 Mean=0.5092 | C3 Mean=0.8679 [10.2s]
    Client 0: loss=0.1667, epochs=20
  Round   7/20: Pooled Loss=0.2728, Pooled Mean=0.8017 (WT=0.8778 TC=0.7394 ET=0.7879) | C0 Mean=0.8231 | C1 Mean=0.8689 | C2 Mean=0.5445 | C3 Mean=0.8722 [10.5s]
    Client 3: loss=0.1398, epochs=20
  Round   8/20: Pooled Loss=0.2764, Pooled Mean=0.7976 (WT=0.8919 TC=0.7420 ET=0.7590) | C0 Mean=0.7928 | C1 Mean=0.8893 | C2 Mean=0.5335 | C3 Mean=0.8703 [9.7s]
    Client 1: loss=0.1110, epochs=20
  Round   9/20: Pooled Loss=0.2988, Pooled Mean=0.7724 (WT=0.8980 TC=0.7298 ET=0.6894) | C0 Mean=0.7502 | C1 Mean=0.8755 | C2 Mean=0.5360 | C3 Mean=0.8514 [10.8s]
    Client 3: loss=0.1023, epochs=20
  Round  10/20: Pooled Loss=0.2530, Pooled Mean=0.8145 (WT=0.8909 TC=0.7443 ET=0.8084) | C0 Mean=0.8270 | C1 Mean=0.8911 | C2 Mean=0.5236 | C3 Mean=0.8985 [10.4s]
    Client 3: loss=0.0897, epochs=20
  Round  11/20: Pooled Loss=0.2560, Pooled Mean=0.8158 (WT=0.8954 TC=0.7270 ET=0.8251) | C0 Mean=0.8292 | C1 Mean=0.8908 | C2 Mean=0.5124 | C3 Mean=0.8963 [10.5s]
    Client 1: loss=0.0880, epochs=20
  Round  12/20: Pooled Loss=0.2608, Pooled Mean=0.8003 (WT=0.8981 TC=0.7704 ET=0.7325) | C0 Mean=0.7945 | C1 Mean=0.8779 | C2 Mean=0.5447 | C3 Mean=0.8911 [10.6s]
    Client 3: loss=0.0826, epochs=20
  Round  13/20: Pooled Loss=0.2489, Pooled Mean=0.8166 (WT=0.8971 TC=0.7302 ET=0.8226) | C0 Mean=0.8206 | C1 Mean=0.8935 | C2 Mean=0.5246 | C3 Mean=0.9010 [10.6s]
    Client 1: loss=0.0728, epochs=20
  Round  14/20: Pooled Loss=0.2556, Pooled Mean=0.8046 (WT=0.8974 TC=0.7694 ET=0.7471) | C0 Mean=0.7861 | C1 Mean=0.8903 | C2 Mean=0.5612 | C3 Mean=0.8808 [11.2s]
    Client 0: loss=0.1528, epochs=20
  Round  15/20: Pooled Loss=0.2453, Pooled Mean=0.8141 (WT=0.8974 TC=0.7409 ET=0.8042) | C0 Mean=0.8303 | C1 Mean=0.8812 | C2 Mean=0.5612 | C3 Mean=0.8905 [10.9s]
    Client 2: loss=0.3523, epochs=20
  Round  16/20: Pooled Loss=0.4483, Pooled Mean=0.6135 (WT=0.8548 TC=0.5462 ET=0.4395) | C0 Mean=0.6669 | C1 Mean=0.6049 | C2 Mean=0.6073 | C3 Mean=0.5795 [10.4s]
    Client 3: loss=0.0854, epochs=20
  Round  17/20: Pooled Loss=0.2329, Pooled Mean=0.8260 (WT=0.9019 TC=0.7510 ET=0.8252) | C0 Mean=0.8286 | C1 Mean=0.8781 | C2 Mean=0.5897 | C3 Mean=0.9080 [10.7s]
    Client 0: loss=0.1125, epochs=20
  Round  18/20: Pooled Loss=0.2463, Pooled Mean=0.8131 (WT=0.9041 TC=0.7065 ET=0.8288) | C0 Mean=0.8272 | C1 Mean=0.8756 | C2 Mean=0.6365 | C3 Mean=0.8595 [10.6s]
    Client 1: loss=0.0705, epochs=20
  Round  19/20: Pooled Loss=0.2332, Pooled Mean=0.8211 (WT=0.9091 TC=0.7875 ET=0.7666) | C0 Mean=0.8147 | C1 Mean=0.9037 | C2 Mean=0.5720 | C3 Mean=0.8968 [10.5s]
    Client 1: loss=0.0569, epochs=20
  Round  20/20: Pooled Loss=0.2338, Pooled Mean=0.8187 (WT=0.9110 TC=0.7842 ET=0.7608) | C0 Mean=0.8122 | C1 Mean=0.9148 | C2 Mean=0.5614 | C3 Mean=0.8906 [10.6s]

============================================================
RESULTS SUMMARY
============================================================
Strategy:            FEDPROX (mu=0.01)
Global MeanPresent:  0.8187 (best=0.8260)
Global WT:           0.9110
Global TC:           0.7842
Global ET:           0.7608
Client 0 MeanPresent: 0.8122 (best=0.8303)
Client 1 MeanPresent: 0.9148 (best=0.9148)
Client 2 MeanPresent: 0.5614 (best=0.6365)
Client 3 MeanPresent: 0.8906 (best=0.9080)
Convergence 50%:     round 3
Convergence 60%:     round 5
Convergence 70%:     round 5
Total Time:          217.60s (3.6min)
============================================================

Results saved to: /home/bk489/federated/federated-thesis/results/brats/fedprox_brats_r20_mu0.01_20260209_150500_results.json

>>> FEDPROX done.

All done. Results in: /home/bk489/federated/federated-thesis/results/brats
