==============================================
BraTS 2D Federated Learning
Job ID:       22439031
Node(s):      gpu-q-15
Workdir:      /home/bk489/federated/federated-thesis
Script:       /home/bk489/federated/federated-thesis/experiments/brats/brats_n_clients.py
Partition dir:/home/bk489/federated/federated-thesis/data/partitions/brats2d_8client_noisy_heavy/client_data
Global test:  <per-client test pooled>
Results dir:  /home/bk489/federated/federated-thesis/results/brats
Strategy:     both (mu=0.4)
Model:        UNet2D base=16
Fraction:     0.75 | DropPercent: 0.5
Rounds:       30 | LocalEpochs: 50
Batch:        4 | LR: 0.01 | Seed: 42
WeightDecay:  0.0 | NumWorkers: 2
Python:       /home/bk489/.conda/envs/fed/bin/python
Python 3.9.16 | packaged by conda-forge | (main, Feb  1 2023, 21:39:03) 
[GCC 11.3.0]
PyTorch 2.8.0+cu128 CUDA: 12.8 CUDA available: True Device count: 1
Tue Feb 10 13:31:48 2026       
+-----------------------------------------------------------------------------------------+
| NVIDIA-SMI 570.195.03             Driver Version: 570.195.03     CUDA Version: 12.8     |
|-----------------------------------------+------------------------+----------------------+
| GPU  Name                 Persistence-M | Bus-Id          Disp.A | Volatile Uncorr. ECC |
| Fan  Temp   Perf          Pwr:Usage/Cap |           Memory-Usage | GPU-Util  Compute M. |
|                                         |                        |               MIG M. |
|=========================================+========================+======================|
|   0  NVIDIA A100-SXM4-80GB          On  |   00000000:41:00.0 Off |                    0 |
| N/A   32C    P0             65W /  500W |       0MiB /  81920MiB |      0%      Default |
|                                         |                        |             Disabled |
+-----------------------------------------+------------------------+----------------------+
                                                                                         
+-----------------------------------------------------------------------------------------+
| Processes:                                                                              |
|  GPU   GI   CI              PID   Type   Process name                        GPU Memory |
|        ID   ID                                                               Usage      |
|=========================================================================================|
|  No running processes found                                                             |
+-----------------------------------------------------------------------------------------+
==============================================

>>> Running FEDAVG (mu=0.0) ...


============================================================
Federated Learning -- FEDAVG
============================================================
Model:          UNet2D (base=16, 482,915 params)
Input channels: 4
Clients:        8
Rounds:         30
Local epochs:   50
Batch size:     4
Learning rate:  0.01
Weight decay:   0.0
Fraction fit:   0.75
Drop percent:   0.5
Device:         cuda
Partition dir:  /home/bk489/federated/federated-thesis/data/partitions/brats2d_8client_noisy_heavy/client_data
============================================================

Client data distribution:
  client_0: train=6  test=3
  client_1: train=90  test=12
  client_2: train=141  test=18
  client_3: train=18  test=3
  client_4: train=159  test=18
  client_5: train=90  test=12
  client_6: train=132  test=15
  client_7: train=159  test=21

    Client 1: loss=1.2721, epochs=14 [straggler, 14 ep]
    Client 4: loss=0.5638, epochs=50
    Client 0: loss=1.4599, epochs=50
    Client 7: loss=0.9039, epochs=50
    Client 6: loss=1.1003, epochs=21 [straggler, 21 ep]
    Client 2: loss=0.7990, epochs=32 [straggler, 32 ep]
  Round   1/30: Pooled Loss=0.6816, Pooled Mean=0.6300 (WT=0.7816 TC=0.5004 ET=0.6081) | C0 Mean=0.2763 | C1 Mean=0.7569 | C2 Mean=0.6784 | C3 Mean=0.4443 | C4 Mean=0.8333 | C5 Mean=0.7282 | C6 Mean=0.7282 | C7 Mean=0.4188 [121.3s]
    Client 1: loss=0.3571, epochs=20 [straggler, 20 ep]
    Client 0: loss=0.4250, epochs=50
    Client 3: loss=0.4139, epochs=50
    Client 4: loss=0.2289, epochs=34 [straggler, 34 ep]
    Client 6: loss=0.2683, epochs=50
    Client 2: loss=0.2594, epochs=36 [straggler, 36 ep]
  Round   2/30: Pooled Loss=0.3467, Pooled Mean=0.7251 (WT=0.8294 TC=0.6850 ET=0.6608) | C0 Mean=0.5931 | C1 Mean=0.8652 | C2 Mean=0.8680 | C3 Mean=0.6062 | C4 Mean=0.8754 | C5 Mean=0.8396 | C6 Mean=0.8643 | C7 Mean=0.4377 [66.4s]
    Client 5: loss=0.1357, epochs=50
    Client 2: loss=0.1235, epochs=50
    Client 3: loss=0.1856, epochs=14 [straggler, 14 ep]
    Client 4: loss=0.1419, epochs=21 [straggler, 21 ep]
    Client 7: loss=0.4507, epochs=27 [straggler, 27 ep]
    Client 6: loss=0.1518, epochs=50
  Round   3/30: Pooled Loss=0.3214, Pooled Mean=0.7513 (WT=0.8436 TC=0.7079 ET=0.7025) | C0 Mean=0.5871 | C1 Mean=0.8627 | C2 Mean=0.8588 | C3 Mean=0.6404 | C4 Mean=0.8773 | C5 Mean=0.8587 | C6 Mean=0.8560 | C7 Mean=0.4999 [83.7s]
    Client 6: loss=0.1640, epochs=12 [straggler, 12 ep]
    Client 2: loss=0.0998, epochs=50
    Client 4: loss=0.0959, epochs=50
    Client 1: loss=0.1193, epochs=26 [straggler, 26 ep]
    Client 0: loss=0.0915, epochs=50
    Client 3: loss=0.1214, epochs=23 [straggler, 23 ep]
  Round   4/30: Pooled Loss=0.3104, Pooled Mean=0.7580 (WT=0.8462 TC=0.7163 ET=0.7115) | C0 Mean=0.5878 | C1 Mean=0.8784 | C2 Mean=0.8850 | C3 Mean=0.6752 | C4 Mean=0.8880 | C5 Mean=0.8799 | C6 Mean=0.8833 | C7 Mean=0.4723 [63.6s]
    Client 2: loss=0.0824, epochs=50
    Client 5: loss=0.1347, epochs=7 [straggler, 7 ep]
    Client 4: loss=0.0777, epochs=50
    Client 3: loss=0.0909, epochs=50
    Client 7: loss=0.3586, epochs=26 [straggler, 26 ep]
    Client 0: loss=0.1049, epochs=23 [straggler, 23 ep]
  Round   5/30: Pooled Loss=0.3124, Pooled Mean=0.7651 (WT=0.8472 TC=0.7230 ET=0.7252) | C0 Mean=0.5920 | C1 Mean=0.8851 | C2 Mean=0.8657 | C3 Mean=0.6233 | C4 Mean=0.8854 | C5 Mean=0.8593 | C6 Mean=0.8888 | C7 Mean=0.5129 [71.1s]
    Client 7: loss=0.2071, epochs=50
    Client 2: loss=0.0768, epochs=50
    Client 1: loss=0.0836, epochs=50
    Client 4: loss=0.0694, epochs=39 [straggler, 39 ep]
    Client 3: loss=0.1072, epochs=38 [straggler, 38 ep]
    Client 0: loss=0.0711, epochs=40 [straggler, 40 ep]
  Round   6/30: Pooled Loss=0.3227, Pooled Mean=0.7649 (WT=0.8447 TC=0.7175 ET=0.7326) | C0 Mean=0.5871 | C1 Mean=0.8810 | C2 Mean=0.8588 | C3 Mean=0.6172 | C4 Mean=0.8856 | C5 Mean=0.8357 | C6 Mean=0.8850 | C7 Mean=0.5100 [99.6s]
    Client 0: loss=0.2032, epochs=1 [straggler, 1 ep]
    Client 4: loss=0.0590, epochs=50
    Client 1: loss=0.0832, epochs=25 [straggler, 25 ep]
    Client 6: loss=0.0840, epochs=50
    Client 7: loss=0.3314, epochs=8 [straggler, 8 ep]
    Client 3: loss=0.0694, epochs=50
  Round   7/30: Pooled Loss=0.3045, Pooled Mean=0.7733 (WT=0.8429 TC=0.7405 ET=0.7365) | C0 Mean=0.5947 | C1 Mean=0.8870 | C2 Mean=0.8685 | C3 Mean=0.5538 | C4 Mean=0.8923 | C5 Mean=0.8418 | C6 Mean=0.8846 | C7 Mean=0.5227 [61.5s]
    Client 7: loss=0.4594, epochs=1 [straggler, 1 ep]
    Client 4: loss=0.0535, epochs=50
    Client 2: loss=0.0836, epochs=20 [straggler, 20 ep]
    Client 5: loss=0.0849, epochs=33 [straggler, 33 ep]
    Client 6: loss=0.0727, epochs=50
    Client 3: loss=0.0693, epochs=50
  Round   8/30: Pooled Loss=0.2884, Pooled Mean=0.7827 (WT=0.8513 TC=0.7536 ET=0.7433) | C0 Mean=0.6001 | C1 Mean=0.8962 | C2 Mean=0.8850 | C3 Mean=0.5600 | C4 Mean=0.9018 | C5 Mean=0.8596 | C6 Mean=0.8862 | C7 Mean=0.5364 [67.6s]
    Client 1: loss=0.1599, epochs=2 [straggler, 2 ep]
    Client 2: loss=0.0702, epochs=21 [straggler, 21 ep]
    Client 4: loss=0.0487, epochs=50
    Client 5: loss=0.0690, epochs=50
    Client 7: loss=0.2660, epochs=10 [straggler, 10 ep]
    Client 3: loss=0.0603, epochs=50
  Round   9/30: Pooled Loss=0.2968, Pooled Mean=0.7788 (WT=0.8543 TC=0.7422 ET=0.7399) | C0 Mean=0.5923 | C1 Mean=0.8934 | C2 Mean=0.8686 | C3 Mean=0.6462 | C4 Mean=0.8995 | C5 Mean=0.8725 | C6 Mean=0.8846 | C7 Mean=0.5228 [60.3s]
    Client 1: loss=0.0646, epochs=50
    Client 4: loss=0.0452, epochs=50
    Client 5: loss=0.0831, epochs=14 [straggler, 14 ep]
    Client 3: loss=0.1025, epochs=12 [straggler, 12 ep]
    Client 2: loss=0.0687, epochs=45 [straggler, 45 ep]
    Client 6: loss=0.0658, epochs=50
  Round  10/30: Pooled Loss=0.2877, Pooled Mean=0.7789 (WT=0.8547 TC=0.7456 ET=0.7364) | C0 Mean=0.6031 | C1 Mean=0.9019 | C2 Mean=0.8980 | C3 Mean=0.6833 | C4 Mean=0.9096 | C5 Mean=0.8766 | C6 Mean=0.8864 | C7 Mean=0.5021 [80.6s]
    Client 7: loss=0.1327, epochs=50
    Client 3: loss=0.0653, epochs=50
    Client 2: loss=0.0585, epochs=37 [straggler, 37 ep]
    Client 0: loss=0.0580, epochs=49 [straggler, 49 ep]
    Client 5: loss=0.0663, epochs=40 [straggler, 40 ep]
    Client 4: loss=0.0414, epochs=50
  Round  11/30: Pooled Loss=0.3240, Pooled Mean=0.7601 (WT=0.8472 TC=0.7141 ET=0.7191) | C0 Mean=0.5878 | C1 Mean=0.8855 | C2 Mean=0.8643 | C3 Mean=0.5992 | C4 Mean=0.8888 | C5 Mean=0.8321 | C6 Mean=0.8756 | C7 Mean=0.4800 [93.3s]
    Client 6: loss=0.0619, epochs=50
    Client 3: loss=0.0813, epochs=38 [straggler, 38 ep]
    Client 0: loss=0.0513, epochs=50
    Client 5: loss=0.0578, epochs=50
    Client 1: loss=0.0600, epochs=46 [straggler, 46 ep]
    Client 7: loss=0.1101, epochs=45 [straggler, 45 ep]
  Round  12/30: Pooled Loss=0.3098, Pooled Mean=0.7762 (WT=0.8478 TC=0.7413 ET=0.7395) | C0 Mean=0.5932 | C1 Mean=0.8868 | C2 Mean=0.8766 | C3 Mean=0.5935 | C4 Mean=0.8959 | C5 Mean=0.8379 | C6 Mean=0.8816 | C7 Mean=0.5271 [86.3s]
    Client 5: loss=0.0536, epochs=50
    Client 2: loss=0.0556, epochs=50
    Client 7: loss=0.1023, epochs=39 [straggler, 39 ep]
    Client 4: loss=0.0777, epochs=4 [straggler, 4 ep]
    Client 3: loss=0.0565, epochs=34 [straggler, 34 ep]
    Client 1: loss=0.0527, epochs=50
  Round  13/30: Pooled Loss=0.2980, Pooled Mean=0.7859 (WT=0.8569 TC=0.7515 ET=0.7492) | C0 Mean=0.5952 | C1 Mean=0.8906 | C2 Mean=0.8814 | C3 Mean=0.6515 | C4 Mean=0.9061 | C5 Mean=0.8540 | C6 Mean=0.8797 | C7 Mean=0.5453 [81.8s]
    Client 4: loss=0.0421, epochs=49 [straggler, 49 ep]
    Client 6: loss=0.0562, epochs=50
    Client 2: loss=0.0609, epochs=29 [straggler, 29 ep]
    Client 1: loss=0.0597, epochs=38 [straggler, 38 ep]
    Client 7: loss=0.0821, epochs=50
    Client 0: loss=0.0522, epochs=50
  Round  14/30: Pooled Loss=0.3014, Pooled Mean=0.7849 (WT=0.8564 TC=0.7504 ET=0.7480) | C0 Mean=0.5984 | C1 Mean=0.8918 | C2 Mean=0.8840 | C3 Mean=0.6461 | C4 Mean=0.9082 | C5 Mean=0.8538 | C6 Mean=0.8759 | C7 Mean=0.5418 [101.4s]
    Client 0: loss=0.0519, epochs=40 [straggler, 40 ep]
    Client 4: loss=0.0394, epochs=50
    Client 5: loss=0.0675, epochs=15 [straggler, 15 ep]
    Client 6: loss=0.0548, epochs=50
    Client 2: loss=0.0630, epochs=50
    Client 7: loss=0.1568, epochs=7 [straggler, 7 ep]
  Round  15/30: Pooled Loss=0.3062, Pooled Mean=0.7798 (WT=0.8562 TC=0.7401 ET=0.7432) | C0 Mean=0.5987 | C1 Mean=0.8900 | C2 Mean=0.8820 | C3 Mean=0.6046 | C4 Mean=0.9006 | C5 Mean=0.8439 | C6 Mean=0.8755 | C7 Mean=0.5314 [74.8s]
    Client 1: loss=0.0515, epochs=38 [straggler, 38 ep]
    Client 6: loss=0.0563, epochs=26 [straggler, 26 ep]
    Client 7: loss=0.0763, epochs=50
    Client 2: loss=0.0467, epochs=50
    Client 3: loss=0.0558, epochs=50
    Client 5: loss=0.0512, epochs=48 [straggler, 48 ep]
  Round  16/30: Pooled Loss=0.2994, Pooled Mean=0.7849 (WT=0.8571 TC=0.7508 ET=0.7468) | C0 Mean=0.5975 | C1 Mean=0.8913 | C2 Mean=0.8865 | C3 Mean=0.6097 | C4 Mean=0.9027 | C5 Mean=0.8507 | C6 Mean=0.8856 | C7 Mean=0.5443 [95.0s]
    Client 5: loss=0.0580, epochs=46 [straggler, 46 ep]
    Client 4: loss=0.0379, epochs=50
    Client 2: loss=0.0472, epochs=50
    Client 0: loss=0.0471, epochs=50
    Client 3: loss=0.0727, epochs=6 [straggler, 6 ep]
    Client 6: loss=0.0504, epochs=41 [straggler, 41 ep]
  Round  17/30: Pooled Loss=0.2948, Pooled Mean=0.7818 (WT=0.8556 TC=0.7466 ET=0.7432) | C0 Mean=0.6034 | C1 Mean=0.8989 | C2 Mean=0.8945 | C3 Mean=0.6125 | C4 Mean=0.9105 | C5 Mean=0.8620 | C6 Mean=0.8875 | C7 Mean=0.5173 [78.4s]
    Client 0: loss=0.0450, epochs=50
    Client 1: loss=0.0886, epochs=3 [straggler, 3 ep]
    Client 4: loss=0.0386, epochs=20 [straggler, 20 ep]
    Client 5: loss=0.0478, epochs=50
    Client 6: loss=0.0481, epochs=50
    Client 7: loss=0.0965, epochs=26 [straggler, 26 ep]
  Round  18/30: Pooled Loss=0.3056, Pooled Mean=0.7814 (WT=0.8558 TC=0.7504 ET=0.7380) | C0 Mean=0.5970 | C1 Mean=0.8915 | C2 Mean=0.8846 | C3 Mean=0.5667 | C4 Mean=0.8979 | C5 Mean=0.8528 | C6 Mean=0.8867 | C7 Mean=0.5314 [66.0s]
    Client 7: loss=0.0687, epochs=50
    Client 4: loss=0.0342, epochs=50
    Client 3: loss=0.0471, epochs=50
    Client 1: loss=0.0616, epochs=42 [straggler, 42 ep]
    Client 5: loss=0.0622, epochs=10 [straggler, 10 ep]
    Client 6: loss=0.0575, epochs=9 [straggler, 9 ep]
  Round  19/30: Pooled Loss=0.3118, Pooled Mean=0.7755 (WT=0.8533 TC=0.7411 ET=0.7322) | C0 Mean=0.5890 | C1 Mean=0.8883 | C2 Mean=0.8804 | C3 Mean=0.5574 | C4 Mean=0.8921 | C5 Mean=0.8453 | C6 Mean=0.8832 | C7 Mean=0.5229 [81.2s]
    Client 5: loss=0.0458, epochs=50
    Client 6: loss=0.0510, epochs=17 [straggler, 17 ep]
    Client 4: loss=0.0326, epochs=50
    Client 1: loss=0.0465, epochs=41 [straggler, 41 ep]
    Client 7: loss=0.0650, epochs=50
    Client 2: loss=0.0584, epochs=24 [straggler, 24 ep]
  Round  20/30: Pooled Loss=0.3029, Pooled Mean=0.7834 (WT=0.8584 TC=0.7507 ET=0.7412) | C0 Mean=0.5960 | C1 Mean=0.8909 | C2 Mean=0.8870 | C3 Mean=0.5897 | C4 Mean=0.9018 | C5 Mean=0.8526 | C6 Mean=0.8810 | C7 Mean=0.5409 [99.0s]
    Client 6: loss=0.0509, epochs=16 [straggler, 16 ep]
    Client 2: loss=0.0448, epochs=21 [straggler, 21 ep]
    Client 7: loss=0.1012, epochs=8 [straggler, 8 ep]
    Client 1: loss=0.0450, epochs=50
    Client 4: loss=0.0316, epochs=50
    Client 5: loss=0.0431, epochs=50
  Round  21/30: Pooled Loss=0.3041, Pooled Mean=0.7817 (WT=0.8589 TC=0.7482 ET=0.7378) | C0 Mean=0.5967 | C1 Mean=0.8901 | C2 Mean=0.8843 | C3 Mean=0.5959 | C4 Mean=0.8980 | C5 Mean=0.8499 | C6 Mean=0.8795 | C7 Mean=0.5387 [72.3s]
    Client 0: loss=0.0485, epochs=41 [straggler, 41 ep]
    Client 6: loss=0.0435, epochs=50
    Client 5: loss=0.0588, epochs=8 [straggler, 8 ep]
    Client 4: loss=0.0312, epochs=50
    Client 3: loss=0.0517, epochs=50
    Client 1: loss=0.0451, epochs=34 [straggler, 34 ep]
  Round  22/30: Pooled Loss=0.2977, Pooled Mean=0.7835 (WT=0.8553 TC=0.7511 ET=0.7441) | C0 Mean=0.6013 | C1 Mean=0.8963 | C2 Mean=0.8941 | C3 Mean=0.5935 | C4 Mean=0.9053 | C5 Mean=0.8631 | C6 Mean=0.8847 | C7 Mean=0.5161 [65.9s]
    Client 6: loss=0.0411, epochs=39 [straggler, 39 ep]
    Client 0: loss=0.0685, epochs=8 [straggler, 8 ep]
    Client 2: loss=0.0459, epochs=29 [straggler, 29 ep]
    Client 5: loss=0.0416, epochs=50
    Client 3: loss=0.0524, epochs=50
    Client 7: loss=0.0748, epochs=50
  Round  23/30: Pooled Loss=0.3114, Pooled Mean=0.7775 (WT=0.8571 TC=0.7428 ET=0.7325) | C0 Mean=0.5906 | C1 Mean=0.8886 | C2 Mean=0.8744 | C3 Mean=0.6010 | C4 Mean=0.8903 | C5 Mean=0.8378 | C6 Mean=0.8794 | C7 Mean=0.5441 [82.7s]
    Client 2: loss=0.0434, epochs=42 [straggler, 42 ep]
    Client 1: loss=0.0415, epochs=50
    Client 3: loss=0.0586, epochs=50
    Client 0: loss=0.0549, epochs=23 [straggler, 23 ep]
    Client 4: loss=0.0337, epochs=25 [straggler, 25 ep]
    Client 6: loss=0.0400, epochs=50
  Round  24/30: Pooled Loss=0.2941, Pooled Mean=0.7838 (WT=0.8556 TC=0.7491 ET=0.7468) | C0 Mean=0.6012 | C1 Mean=0.8977 | C2 Mean=0.8944 | C3 Mean=0.6258 | C4 Mean=0.9096 | C5 Mean=0.8630 | C6 Mean=0.8825 | C7 Mean=0.5230 [72.2s]
    Client 2: loss=0.0501, epochs=50
    Client 7: loss=0.0924, epochs=22 [straggler, 22 ep]
    Client 3: loss=0.0499, epochs=50
    Client 4: loss=0.0292, epochs=50
    Client 1: loss=0.0722, epochs=5 [straggler, 5 ep]
    Client 0: loss=0.0675, epochs=9 [straggler, 9 ep]
  Round  25/30: Pooled Loss=0.3022, Pooled Mean=0.7867 (WT=0.8607 TC=0.7578 ET=0.7416) | C0 Mean=0.5978 | C1 Mean=0.8886 | C2 Mean=0.8823 | C3 Mean=0.6468 | C4 Mean=0.9014 | C5 Mean=0.8493 | C6 Mean=0.8663 | C7 Mean=0.5597 [67.2s]
    Client 1: loss=0.0426, epochs=30 [straggler, 30 ep]
    Client 3: loss=0.0445, epochs=50
    Client 2: loss=0.0368, epochs=30 [straggler, 30 ep]
    Client 6: loss=0.0433, epochs=50
    Client 5: loss=0.0475, epochs=50
    Client 7: loss=0.0767, epochs=13 [straggler, 13 ep]
  Round  26/30: Pooled Loss=0.3053, Pooled Mean=0.7813 (WT=0.8589 TC=0.7508 ET=0.7342) | C0 Mean=0.5963 | C1 Mean=0.8850 | C2 Mean=0.8747 | C3 Mean=0.6067 | C4 Mean=0.8968 | C5 Mean=0.8435 | C6 Mean=0.8802 | C7 Mean=0.5509 [70.6s]
    Client 0: loss=0.0403, epochs=50
    Client 7: loss=0.0670, epochs=50
    Client 2: loss=0.0371, epochs=50
    Client 6: loss=0.0401, epochs=39 [straggler, 39 ep]
    Client 5: loss=0.0941, epochs=1 [straggler, 1 ep]
    Client 3: loss=0.0486, epochs=31 [straggler, 31 ep]
  Round  27/30: Pooled Loss=0.3032, Pooled Mean=0.7852 (WT=0.8607 TC=0.7532 ET=0.7418) | C0 Mean=0.5927 | C1 Mean=0.8911 | C2 Mean=0.8748 | C3 Mean=0.6466 | C4 Mean=0.8962 | C5 Mean=0.8431 | C6 Mean=0.8808 | C7 Mean=0.5623 [77.9s]
    Client 7: loss=0.0496, epochs=50
    Client 3: loss=0.0661, epochs=8 [straggler, 8 ep]
    Client 4: loss=0.0311, epochs=39 [straggler, 39 ep]
    Client 5: loss=0.0412, epochs=50
    Client 2: loss=0.0414, epochs=50
    Client 1: loss=0.0574, epochs=14 [straggler, 14 ep]
  Round  28/30: Pooled Loss=0.3057, Pooled Mean=0.7854 (WT=0.8596 TC=0.7525 ET=0.7441) | C0 Mean=0.5954 | C1 Mean=0.8894 | C2 Mean=0.8833 | C3 Mean=0.6230 | C4 Mean=0.9003 | C5 Mean=0.8473 | C6 Mean=0.8695 | C7 Mean=0.5606 [90.4s]
    Client 1: loss=0.0505, epochs=12 [straggler, 12 ep]
    Client 6: loss=0.0378, epochs=50
    Client 2: loss=0.0727, epochs=50
    Client 7: loss=0.0562, epochs=30 [straggler, 30 ep]
    Client 3: loss=0.0699, epochs=15 [straggler, 15 ep]
    Client 4: loss=0.0277, epochs=50
  Round  29/30: Pooled Loss=0.3173, Pooled Mean=0.7708 (WT=0.8548 TC=0.7465 ET=0.7110) | C0 Mean=0.6012 | C1 Mean=0.8701 | C2 Mean=0.8683 | C3 Mean=0.5596 | C4 Mean=0.8955 | C5 Mean=0.8241 | C6 Mean=0.8636 | C7 Mean=0.5397 [88.4s]
    Client 6: loss=0.0398, epochs=50
    Client 0: loss=0.0529, epochs=28 [straggler, 28 ep]
    Client 4: loss=0.0372, epochs=15 [straggler, 15 ep]
    Client 3: loss=0.0829, epochs=13 [straggler, 13 ep]
    Client 1: loss=0.0550, epochs=50
    Client 2: loss=0.0355, epochs=50
  Round  30/30: Pooled Loss=0.2962, Pooled Mean=0.7837 (WT=0.8572 TC=0.7506 ET=0.7434) | C0 Mean=0.6010 | C1 Mean=0.8953 | C2 Mean=0.8943 | C3 Mean=0.6192 | C4 Mean=0.9095 | C5 Mean=0.8631 | C6 Mean=0.8788 | C7 Mean=0.5216 [65.7s]

============================================================
RESULTS SUMMARY
============================================================
Strategy:            FEDAVG
Global MeanPresent:  0.7837 (best=0.7867)
Global WT:           0.8572
Global TC:           0.7506
Global ET:           0.7434
Client 0 MeanPresent: 0.6010 (best=0.6034)
Client 1 MeanPresent: 0.8953 (best=0.9019)
Client 2 MeanPresent: 0.8943 (best=0.8980)
Client 3 MeanPresent: 0.6192 (best=0.6833)
Client 4 MeanPresent: 0.9095 (best=0.9105)
Client 5 MeanPresent: 0.8631 (best=0.8799)
Client 6 MeanPresent: 0.8788 (best=0.8888)
Client 7 MeanPresent: 0.5216 (best=0.5623)
Convergence 50%:     round 1
Convergence 60%:     round 1
Convergence 70%:     round 2
Total Time:          2386.17s (39.8min)
============================================================

Results saved to: /home/bk489/federated/federated-thesis/results/brats/fedavg_brats_r30_20260210_141138_results.json

>>> FEDAVG done.

>>> Running FEDPROX (mu=0.4) ...


============================================================
Federated Learning -- FEDPROX
============================================================
Model:          UNet2D (base=16, 482,915 params)
Input channels: 4
Clients:        8
Rounds:         30
Local epochs:   50
Batch size:     4
Learning rate:  0.01
Weight decay:   0.0
Fraction fit:   0.75
Drop percent:   0.5
Proximal mu:    0.4
Device:         cuda
Partition dir:  /home/bk489/federated/federated-thesis/data/partitions/brats2d_8client_noisy_heavy/client_data
============================================================

Client data distribution:
  client_0: train=6  test=3
  client_1: train=90  test=12
  client_2: train=141  test=18
  client_3: train=18  test=3
  client_4: train=159  test=18
  client_5: train=90  test=12
  client_6: train=132  test=15
  client_7: train=159  test=21

    Client 1: loss=1.3939, epochs=14 [straggler, 14 ep]
    Client 4: loss=1.3235, epochs=50
    Client 0: loss=1.4850, epochs=50
    Client 7: loss=1.3730, epochs=50
    Client 6: loss=1.3749, epochs=21 [straggler, 21 ep]
    Client 2: loss=1.3105, epochs=32 [straggler, 32 ep]
  Round   1/30: Pooled Loss=1.2169, Pooled Mean=0.3427 (WT=0.5712 TC=0.0123 ET=0.4447) | C0 Mean=0.1528 | C1 Mean=0.3914 | C2 Mean=0.4055 | C3 Mean=0.3135 | C4 Mean=0.4268 | C5 Mean=0.3628 | C6 Mean=0.3891 | C7 Mean=0.2113 [106.8s]
    Client 1: loss=1.0668, epochs=20 [straggler, 20 ep]
    Client 0: loss=1.1394, epochs=50
    Client 3: loss=1.1645, epochs=50
    Client 4: loss=1.0342, epochs=34 [straggler, 34 ep]
    Client 6: loss=1.0940, epochs=50
    Client 2: loss=1.0328, epochs=36 [straggler, 36 ep]
  Round   2/30: Pooled Loss=0.9314, Pooled Mean=0.6424 (WT=0.7863 TC=0.5535 ET=0.5874) | C0 Mean=0.2878 | C1 Mean=0.7597 | C2 Mean=0.7306 | C3 Mean=0.5559 | C4 Mean=0.8668 | C5 Mean=0.7273 | C6 Mean=0.6927 | C7 Mean=0.4322 [90.1s]
    Client 5: loss=0.7780, epochs=50
    Client 2: loss=0.7626, epochs=50
    Client 3: loss=0.9617, epochs=14 [straggler, 14 ep]
    Client 4: loss=0.7622, epochs=21 [straggler, 21 ep]
    Client 7: loss=0.9509, epochs=27 [straggler, 27 ep]
    Client 6: loss=0.8472, epochs=50
  Round   3/30: Pooled Loss=0.7160, Pooled Mean=0.6805 (WT=0.8115 TC=0.6320 ET=0.5981) | C0 Mean=0.5834 | C1 Mean=0.7760 | C2 Mean=0.7842 | C3 Mean=0.5166 | C4 Mean=0.8079 | C5 Mean=0.8070 | C6 Mean=0.7069 | C7 Mean=0.4744 [108.9s]
    Client 6: loss=0.6594, epochs=12 [straggler, 12 ep]
    Client 2: loss=0.5574, epochs=50
    Client 4: loss=0.5304, epochs=50
    Client 1: loss=0.5664, epochs=26 [straggler, 26 ep]
    Client 0: loss=0.6423, epochs=50
    Client 3: loss=0.7184, epochs=23 [straggler, 23 ep]
  Round   4/30: Pooled Loss=0.5645, Pooled Mean=0.6840 (WT=0.8143 TC=0.6274 ET=0.6103) | C0 Mean=0.6081 | C1 Mean=0.7830 | C2 Mean=0.7994 | C3 Mean=0.5631 | C4 Mean=0.7944 | C5 Mean=0.8329 | C6 Mean=0.7087 | C7 Mean=0.4637 [86.8s]
    Client 2: loss=0.4121, epochs=50
    Client 5: loss=0.4350, epochs=7 [straggler, 7 ep]
    Client 4: loss=0.3822, epochs=50
    Client 3: loss=0.4799, epochs=50
    Client 7: loss=0.7259, epochs=26 [straggler, 26 ep]
    Client 0: loss=0.4839, epochs=23 [straggler, 23 ep]
  Round   5/30: Pooled Loss=0.4868, Pooled Mean=0.6972 (WT=0.8086 TC=0.6440 ET=0.6391) | C0 Mean=0.5840 | C1 Mean=0.8009 | C2 Mean=0.8147 | C3 Mean=0.5022 | C4 Mean=0.8307 | C5 Mean=0.7983 | C6 Mean=0.7620 | C7 Mean=0.4739 [90.0s]
    Client 7: loss=0.6345, epochs=50
    Client 2: loss=0.3315, epochs=50
    Client 1: loss=0.3376, epochs=50
    Client 4: loss=0.3055, epochs=39 [straggler, 39 ep]
    Client 3: loss=0.3761, epochs=38 [straggler, 38 ep]
    Client 0: loss=0.3205, epochs=40 [straggler, 40 ep]
  Round   6/30: Pooled Loss=0.4297, Pooled Mean=0.7147 (WT=0.8187 TC=0.6666 ET=0.6586) | C0 Mean=0.5795 | C1 Mean=0.8149 | C2 Mean=0.8152 | C3 Mean=0.5739 | C4 Mean=0.8420 | C5 Mean=0.8346 | C6 Mean=0.7586 | C7 Mean=0.5077 [120.4s]
    Client 0: loss=0.3554, epochs=1 [straggler, 1 ep]
    Client 4: loss=0.2478, epochs=50
    Client 1: loss=0.2794, epochs=25 [straggler, 25 ep]
    Client 6: loss=0.3499, epochs=50
    Client 7: loss=0.6034, epochs=8 [straggler, 8 ep]
    Client 3: loss=0.3479, epochs=50
  Round   7/30: Pooled Loss=0.3877, Pooled Mean=0.7333 (WT=0.8242 TC=0.6899 ET=0.6860) | C0 Mean=0.5866 | C1 Mean=0.8390 | C2 Mean=0.8301 | C3 Mean=0.6082 | C4 Mean=0.8412 | C5 Mean=0.8502 | C6 Mean=0.7856 | C7 Mean=0.5117 [82.0s]
    Client 7: loss=0.6098, epochs=1 [straggler, 1 ep]
    Client 4: loss=0.2096, epochs=50
    Client 2: loss=0.2438, epochs=20 [straggler, 20 ep]
    Client 5: loss=0.2246, epochs=33 [straggler, 33 ep]
    Client 6: loss=0.2991, epochs=50
    Client 3: loss=0.2367, epochs=50
  Round   8/30: Pooled Loss=0.3696, Pooled Mean=0.7331 (WT=0.8205 TC=0.6984 ET=0.6804) | C0 Mean=0.5880 | C1 Mean=0.8469 | C2 Mean=0.8385 | C3 Mean=0.5715 | C4 Mean=0.8460 | C5 Mean=0.8360 | C6 Mean=0.7969 | C7 Mean=0.5078 [91.7s]
    Client 1: loss=0.2456, epochs=2 [straggler, 2 ep]
    Client 2: loss=0.2173, epochs=21 [straggler, 21 ep]
    Client 4: loss=0.1898, epochs=50
    Client 5: loss=0.1982, epochs=50
    Client 7: loss=0.5308, epochs=10 [straggler, 10 ep]
    Client 3: loss=0.2128, epochs=50
  Round   9/30: Pooled Loss=0.3425, Pooled Mean=0.7515 (WT=0.8446 TC=0.7103 ET=0.6996) | C0 Mean=0.5762 | C1 Mean=0.8649 | C2 Mean=0.8487 | C3 Mean=0.6897 | C4 Mean=0.8933 | C5 Mean=0.8413 | C6 Mean=0.8413 | C7 Mean=0.5184 [79.3s]
    Client 1: loss=0.1848, epochs=50
    Client 4: loss=0.1714, epochs=50
    Client 5: loss=0.1811, epochs=14 [straggler, 14 ep]
    Client 3: loss=0.2931, epochs=12 [straggler, 12 ep]
    Client 2: loss=0.1996, epochs=45 [straggler, 45 ep]
    Client 6: loss=0.2302, epochs=50
  Round  10/30: Pooled Loss=0.3397, Pooled Mean=0.7407 (WT=0.8400 TC=0.6949 ET=0.6871) | C0 Mean=0.5834 | C1 Mean=0.8793 | C2 Mean=0.8575 | C3 Mean=0.6760 | C4 Mean=0.9061 | C5 Mean=0.8329 | C6 Mean=0.8422 | C7 Mean=0.4752 [111.5s]
    Client 7: loss=0.4808, epochs=50
    Client 3: loss=0.1653, epochs=50
    Client 2: loss=0.1797, epochs=37 [straggler, 37 ep]
    Client 0: loss=0.1359, epochs=49 [straggler, 49 ep]
    Client 5: loss=0.1607, epochs=40 [straggler, 40 ep]
    Client 4: loss=0.1544, epochs=50
  Round  11/30: Pooled Loss=0.3438, Pooled Mean=0.7443 (WT=0.8237 TC=0.7174 ET=0.6919) | C0 Mean=0.5787 | C1 Mean=0.8498 | C2 Mean=0.8554 | C3 Mean=0.7115 | C4 Mean=0.8727 | C5 Mean=0.8395 | C6 Mean=0.8198 | C7 Mean=0.5158 [114.5s]
    Client 6: loss=0.2044, epochs=50
    Client 3: loss=0.1628, epochs=38 [straggler, 38 ep]
