==============================================
MNIST Federated Learning (10 clients)
Job ID:      22343209
Node(s):     gpu-q-6
Workdir:     /home/bk489/federated/federated-thesis
Script:      /home/bk489/federated/federated-thesis/experiments/mnist/mnist_n_clients.py
Data dir:    /home/bk489/federated/federated-thesis/data/mnistdataset
Results dir: /home/bk489/federated/federated-thesis/results/mnist
Strategy:    fedavg (mu=0.01)
Clients:     10 | Fraction: 0.5
Rounds:      30 | LocalEpochs: 5
Batch:       32 | LR: 0.05 | Seed: 42
Partition:   shard (alpha=0.5)
Python:      /home/bk489/.conda/envs/fed/bin/python
Python 3.9.16 | packaged by conda-forge | (main, Feb  1 2023, 21:39:03) 
[GCC 11.3.0]
PyTorch 2.8.0+cu128 CUDA: 12.8 CUDA available: True Device count: 1
Sun Feb  8 19:35:11 2026       
+-----------------------------------------------------------------------------------------+
| NVIDIA-SMI 570.195.03             Driver Version: 570.195.03     CUDA Version: 12.8     |
|-----------------------------------------+------------------------+----------------------+
| GPU  Name                 Persistence-M | Bus-Id          Disp.A | Volatile Uncorr. ECC |
| Fan  Temp   Perf          Pwr:Usage/Cap |           Memory-Usage | GPU-Util  Compute M. |
|                                         |                        |               MIG M. |
|=========================================+========================+======================|
|   0  NVIDIA A100-SXM4-80GB          On  |   00000000:C1:00.0 Off |                    0 |
| N/A   33C    P0             65W /  500W |       0MiB /  81920MiB |      0%      Default |
|                                         |                        |             Disabled |
+-----------------------------------------+------------------------+----------------------+
                                                                                         
+-----------------------------------------------------------------------------------------+
| Processes:                                                                              |
|  GPU   GI   CI              PID   Type   Process name                        GPU Memory |
|        ID   ID                                                               Usage      |
|=========================================================================================|
|  No running processes found                                                             |
+-----------------------------------------------------------------------------------------+
==============================================

>>> Running FEDAVG (mu=0.0) ...

Loading MNIST from /home/bk489/federated/federated-thesis/data/mnistdataset ...
