==============================================
MNIST Federated Learning (10 clients)
Job ID:      22387993
Node(s):     gpu-q-1
Workdir:     /home/bk489/federated/federated-thesis
Script:      /home/bk489/federated/federated-thesis/experiments/mnist/mnist_n_clients.py
Data dir:    /home/bk489/federated/federated-thesis/data/mnistdataset
Results dir: /home/bk489/federated/federated-thesis/results/mnist
Strategy:    feprox (mu=1)
Model:       mclr
Clients:     10 | Fraction: 0.5
Rounds:      30 | LocalEpochs: 20
Batch:       10 | LR: 0.1 | Seed: 42
WeightDecay: 0.001 | DropPercent: 0.5
Partition:   niid (alpha=0.1)
Python:      /home/bk489/.conda/envs/fed/bin/python
Python 3.9.16 | packaged by conda-forge | (main, Feb  1 2023, 21:39:03) 
[GCC 11.3.0]
PyTorch 2.8.0+cu128 CUDA: 12.8 CUDA available: True Device count: 1
Mon Feb  9 15:52:56 2026       
+-----------------------------------------------------------------------------------------+
| NVIDIA-SMI 570.195.03             Driver Version: 570.195.03     CUDA Version: 12.8     |
|-----------------------------------------+------------------------+----------------------+
| GPU  Name                 Persistence-M | Bus-Id          Disp.A | Volatile Uncorr. ECC |
| Fan  Temp   Perf          Pwr:Usage/Cap |           Memory-Usage | GPU-Util  Compute M. |
|                                         |                        |               MIG M. |
|=========================================+========================+======================|
|   0  NVIDIA A100-SXM4-80GB          On  |   00000000:41:00.0 Off |                    0 |
| N/A   32C    P0             63W /  500W |       0MiB /  81920MiB |      0%      Default |
|                                         |                        |             Disabled |
+-----------------------------------------+------------------------+----------------------+
                                                                                         
+-----------------------------------------------------------------------------------------+
| Processes:                                                                              |
|  GPU   GI   CI              PID   Type   Process name                        GPU Memory |
|        ID   ID                                                               Usage      |
|=========================================================================================|
|  No running processes found                                                             |
+-----------------------------------------------------------------------------------------+
==============================================
ERROR: STRATEGY must be 'fedavg', 'fedprox', or 'both' (got 'feprox')
