==============================================
MNIST Federated Learning (10 clients)
Job ID:      22344565
Node(s):     gpu-q-6
Workdir:     /home/bk489/federated/federated-thesis
Script:      /home/bk489/federated/federated-thesis/experiments/mnist/mnist_n_clients.py
Data dir:    /home/bk489/federated/federated-thesis/data/mnistdataset
Results dir: /home/bk489/federated/federated-thesis/results/mnist
Strategy:    fedprox (mu=0.01)
Clients:     10 | Fraction: 0.5
Rounds:      30 | LocalEpochs: 5
Batch:       32 | LR: 0.05 | Seed: 42
Partition:   niid (alpha=0.1)
Python:      /home/bk489/.conda/envs/fed/bin/python
Python 3.9.16 | packaged by conda-forge | (main, Feb  1 2023, 21:39:03) 
[GCC 11.3.0]
PyTorch 2.8.0+cu128 CUDA: 12.8 CUDA available: True Device count: 1
Sun Feb  8 20:38:38 2026       
+-----------------------------------------------------------------------------------------+
| NVIDIA-SMI 570.195.03             Driver Version: 570.195.03     CUDA Version: 12.8     |
|-----------------------------------------+------------------------+----------------------+
| GPU  Name                 Persistence-M | Bus-Id          Disp.A | Volatile Uncorr. ECC |
| Fan  Temp   Perf          Pwr:Usage/Cap |           Memory-Usage | GPU-Util  Compute M. |
|                                         |                        |               MIG M. |
|=========================================+========================+======================|
|   0  NVIDIA A100-SXM4-80GB          On  |   00000000:81:00.0 Off |                    0 |
| N/A   39C    P0             68W /  500W |       0MiB /  81920MiB |      0%      Default |
|                                         |                        |             Disabled |
+-----------------------------------------+------------------------+----------------------+
                                                                                         
+-----------------------------------------------------------------------------------------+
| Processes:                                                                              |
|  GPU   GI   CI              PID   Type   Process name                        GPU Memory |
|        ID   ID                                                               Usage      |
|=========================================================================================|
|  No running processes found                                                             |
+-----------------------------------------------------------------------------------------+
==============================================

>>> Running FEDPROX (mu=0.01) ...

Loading MNIST from /home/bk489/federated/federated-thesis/data/mnistdataset ...
Train: (60000, 28, 28), Test: (10000, 28, 28)

============================================================
Federated Learning — FEDPROX
============================================================
Clients: 10
Rounds: 30
Local epochs: 5
Batch size: 32
Learning rate: 0.05
Fraction fit: 0.5
Partition: niid
Proximal mu: 0.01
Device: cuda
============================================================

Client data distribution:
  Client  0:  7754 samples, digits=[np.int64(0), np.int64(1)]
  Client  1:  5981 samples, digits=[np.int64(1), np.int64(2)]
  Client  2:  5225 samples, digits=[np.int64(2), np.int64(3)]
  Client  3:  9204 samples, digits=[np.int64(3), np.int64(4)]
  Client  4:  2426 samples, digits=[np.int64(4), np.int64(5)]
  Client  5: 10738 samples, digits=[np.int64(5), np.int64(6)]
  Client  6:   970 samples, digits=[np.int64(6), np.int64(7)]
  Client  7: 11245 samples, digits=[np.int64(7), np.int64(8)]
  Client  8:   682 samples, digits=[np.int64(8), np.int64(9)]
  Client  9:  5765 samples, digits=[np.int64(0), np.int64(9)]

  Round   1/30: Test Loss=2.0641, Test Acc=0.2892, Avg Client Loss=0.0465
  Round   2/30: Test Loss=1.9731, Test Acc=0.3265, Avg Client Loss=0.0346
  Round   3/30: Test Loss=1.8096, Test Acc=0.3353, Avg Client Loss=0.0637
  Round   4/30: Test Loss=0.9794, Test Acc=0.6385, Avg Client Loss=0.0153
  Round   5/30: Test Loss=1.7273, Test Acc=0.4483, Avg Client Loss=0.0112
  Round   6/30: Test Loss=1.1840, Test Acc=0.6488, Avg Client Loss=0.0396
  Round   7/30: Test Loss=1.0159, Test Acc=0.6666, Avg Client Loss=0.0095
  Round   8/30: Test Loss=0.6851, Test Acc=0.7494, Avg Client Loss=0.0362
  Round   9/30: Test Loss=1.0279, Test Acc=0.7080, Avg Client Loss=0.0527
  Round  10/30: Test Loss=1.0276, Test Acc=0.6224, Avg Client Loss=0.0443
  Round  11/30: Test Loss=1.0982, Test Acc=0.6356, Avg Client Loss=0.0269
  Round  12/30: Test Loss=0.7635, Test Acc=0.7405, Avg Client Loss=0.0120
  Round  13/30: Test Loss=0.5322, Test Acc=0.8171, Avg Client Loss=0.1000
  Round  14/30: Test Loss=0.3738, Test Acc=0.8730, Avg Client Loss=0.0052
  Round  15/30: Test Loss=0.6209, Test Acc=0.7744, Avg Client Loss=0.0357
  Round  16/30: Test Loss=0.3161, Test Acc=0.8900, Avg Client Loss=0.0050
  Round  17/30: Test Loss=0.3653, Test Acc=0.8722, Avg Client Loss=0.0040
  Round  18/30: Test Loss=0.5282, Test Acc=0.8497, Avg Client Loss=0.0052
  Round  19/30: Test Loss=0.5583, Test Acc=0.8030, Avg Client Loss=0.0330
  Round  20/30: Test Loss=0.5612, Test Acc=0.7912, Avg Client Loss=0.0526
  Round  21/30: Test Loss=0.3713, Test Acc=0.8790, Avg Client Loss=0.0443
  Round  22/30: Test Loss=0.4911, Test Acc=0.8301, Avg Client Loss=0.0029
  Round  23/30: Test Loss=0.3821, Test Acc=0.8594, Avg Client Loss=0.0470
  Round  24/30: Test Loss=0.8271, Test Acc=0.7635, Avg Client Loss=0.0861
  Round  25/30: Test Loss=0.2424, Test Acc=0.9117, Avg Client Loss=0.0088
  Round  26/30: Test Loss=0.2000, Test Acc=0.9330, Avg Client Loss=0.0067
  Round  27/30: Test Loss=0.2517, Test Acc=0.9169, Avg Client Loss=0.0316
  Round  28/30: Test Loss=0.2266, Test Acc=0.9257, Avg Client Loss=0.0019
  Round  29/30: Test Loss=0.1551, Test Acc=0.9480, Avg Client Loss=0.0035
  Round  30/30: Test Loss=0.2811, Test Acc=0.9094, Avg Client Loss=0.0014

============================================================
RESULTS SUMMARY
============================================================
Strategy:       FEDPROX (mu=0.01)
Final Accuracy: 0.9094
Best Accuracy:  0.9480
Final Loss:     0.2811
Convergence 90%: round 25
Convergence 95%: round -1
Convergence 98%: round -1
Total Time:     338.41s
============================================================

Results saved to: /home/bk489/federated/federated-thesis/results/mnist/fedprox_n10_niid_mu0.01_r30_20260208_204419_results.json

>>> FEDPROX done.

All done. Results in: /home/bk489/federated/federated-thesis/results/mnist
