==============================================
MNIST Federated Learning (10 clients)
Job ID:      22343486
Node(s):     gpu-q-25
Workdir:     /home/bk489/federated/federated-thesis
Script:      /home/bk489/federated/federated-thesis/experiments/mnist/mnist_n_clients.py
Data dir:    /home/bk489/federated/federated-thesis/data/mnistdataset
Results dir: /home/bk489/federated/federated-thesis/results/mnist
Strategy:    fedavg (mu=0.01)
Clients:     10 | Fraction: 0.5
Rounds:      20 | LocalEpochs: 5
Batch:       32 | LR: 0.05 | Seed: 42
Partition:   shard (alpha=0.1)
Python:      /home/bk489/.conda/envs/fed/bin/python
Python 3.9.16 | packaged by conda-forge | (main, Feb  1 2023, 21:39:03) 
[GCC 11.3.0]
PyTorch 2.8.0+cu128 CUDA: 12.8 CUDA available: True Device count: 1
Sun Feb  8 19:46:54 2026       
+-----------------------------------------------------------------------------------------+
| NVIDIA-SMI 570.195.03             Driver Version: 570.195.03     CUDA Version: 12.8     |
|-----------------------------------------+------------------------+----------------------+
| GPU  Name                 Persistence-M | Bus-Id          Disp.A | Volatile Uncorr. ECC |
| Fan  Temp   Perf          Pwr:Usage/Cap |           Memory-Usage | GPU-Util  Compute M. |
|                                         |                        |               MIG M. |
|=========================================+========================+======================|
|   0  NVIDIA A100-SXM4-80GB          On  |   00000000:41:00.0 Off |                    0 |
| N/A   33C    P0             69W /  500W |       0MiB /  81920MiB |      0%      Default |
|                                         |                        |             Disabled |
+-----------------------------------------+------------------------+----------------------+
                                                                                         
+-----------------------------------------------------------------------------------------+
| Processes:                                                                              |
|  GPU   GI   CI              PID   Type   Process name                        GPU Memory |
|        ID   ID                                                               Usage      |
|=========================================================================================|
|  No running processes found                                                             |
+-----------------------------------------------------------------------------------------+
==============================================

>>> Running FEDAVG (mu=0.0) ...

Loading MNIST from /home/bk489/federated/federated-thesis/data/mnistdataset ...
Train: (60000, 28, 28), Test: (10000, 28, 28)

============================================================
Federated Learning — FEDAVG
============================================================
Clients: 10
Rounds: 20
Local epochs: 5
Batch size: 32
Learning rate: 0.05
Fraction fit: 0.5
Partition: shard
Device: cuda
============================================================

Client data distribution:
  Client  0:  6000 samples, digits=[np.int64(4), np.int64(7)]
  Client  1:  6000 samples, digits=[np.int64(3), np.int64(7)]
  Client  2:  6000 samples, digits=[np.int64(4), np.int64(5), np.int64(6)]
  Client  3:  6000 samples, digits=[np.int64(2), np.int64(3), np.int64(9)]
  Client  4:  6000 samples, digits=[np.int64(0), np.int64(1)]
  Client  5:  6000 samples, digits=[np.int64(2), np.int64(7), np.int64(8)]
  Client  6:  6000 samples, digits=[np.int64(5), np.int64(8), np.int64(9)]
  Client  7:  6000 samples, digits=[np.int64(1), np.int64(2)]
  Client  8:  6000 samples, digits=[np.int64(0), np.int64(1), np.int64(8)]
  Client  9:  6000 samples, digits=[np.int64(3), np.int64(4), np.int64(6), np.int64(7)]

  Round   1/20: Test Loss=2.2968, Test Acc=0.2622, Avg Client Loss=0.0557
  Round   2/20: Test Loss=1.7165, Test Acc=0.3837, Avg Client Loss=0.0360
  Round   3/20: Test Loss=1.1266, Test Acc=0.6713, Avg Client Loss=0.0203
  Round   4/20: Test Loss=0.6988, Test Acc=0.7041, Avg Client Loss=0.0237
  Round   5/20: Test Loss=0.3387, Test Acc=0.8830, Avg Client Loss=0.0085
  Round   6/20: Test Loss=0.4535, Test Acc=0.8224, Avg Client Loss=0.0117
  Round   7/20: Test Loss=0.5578, Test Acc=0.7866, Avg Client Loss=0.0102
  Round   8/20: Test Loss=0.2894, Test Acc=0.8982, Avg Client Loss=0.0131
  Round   9/20: Test Loss=0.3130, Test Acc=0.8821, Avg Client Loss=0.0072
  Round  10/20: Test Loss=0.2383, Test Acc=0.9154, Avg Client Loss=0.0042
  Round  11/20: Test Loss=0.2167, Test Acc=0.9257, Avg Client Loss=0.0056
  Round  12/20: Test Loss=0.1041, Test Acc=0.9657, Avg Client Loss=0.0042
  Round  13/20: Test Loss=0.2165, Test Acc=0.9280, Avg Client Loss=0.0034
  Round  14/20: Test Loss=0.1691, Test Acc=0.9450, Avg Client Loss=0.0040
  Round  15/20: Test Loss=0.1007, Test Acc=0.9673, Avg Client Loss=0.0022
  Round  16/20: Test Loss=0.1699, Test Acc=0.9449, Avg Client Loss=0.0075
  Round  17/20: Test Loss=0.0873, Test Acc=0.9724, Avg Client Loss=0.0017
  Round  18/20: Test Loss=0.2673, Test Acc=0.9113, Avg Client Loss=0.0037
  Round  19/20: Test Loss=0.1432, Test Acc=0.9502, Avg Client Loss=0.0023
  Round  20/20: Test Loss=0.1934, Test Acc=0.9366, Avg Client Loss=0.0014

============================================================
RESULTS SUMMARY
============================================================
Strategy:       FEDAVG
Final Accuracy: 0.9366
Best Accuracy:  0.9724
Final Loss:     0.1934
Convergence 90%: round 10
Convergence 95%: round -1
Convergence 98%: round -1
Total Time:     133.52s
============================================================

Results saved to: /home/bk489/federated/federated-thesis/results/mnist/fedavg_n10_shard_r20_20260208_194910_results.json

>>> FEDAVG done.

All done. Results in: /home/bk489/federated/federated-thesis/results/mnist
